Component: ARM Compiler 5.06 update 5 (build 528) Tool: armlink [4d35e2]

==============================================================================

Section Cross References

    heap_4.o(i.prvHeapInit) refers to heap_4.o(.bss) for ucHeap
    heap_4.o(i.prvHeapInit) refers to heap_4.o(.data) for xStart
    heap_4.o(i.prvInsertBlockIntoFreeList) refers to heap_4.o(.data) for xStart
    heap_4.o(i.pvPortMalloc) refers to tasks.o(i.vTaskSuspendAll) for vTaskSuspendAll
    heap_4.o(i.pvPortMalloc) refers to heap_4.o(i.prvHeapInit) for prvHeapInit
    heap_4.o(i.pvPortMalloc) refers to heap_4.o(i.prvInsertBlockIntoFreeList) for prvInsertBlockIntoFreeList
    heap_4.o(i.pvPortMalloc) refers to tasks.o(i.xTaskResumeAll) for xTaskResumeAll
    heap_4.o(i.pvPortMalloc) refers to heap_4.o(.data) for pxEnd
    heap_4.o(i.vPortFree) refers to tasks.o(i.vTaskSuspendAll) for vTaskSuspendAll
    heap_4.o(i.vPortFree) refers to heap_4.o(i.prvInsertBlockIntoFreeList) for prvInsertBlockIntoFreeList
    heap_4.o(i.vPortFree) refers to tasks.o(i.xTaskResumeAll) for xTaskResumeAll
    heap_4.o(i.vPortFree) refers to heap_4.o(.data) for xBlockAllocatedBit
    heap_4.o(i.xPortGetFreeHeapSize) refers to heap_4.o(.data) for xFreeBytesRemaining
    heap_4.o(i.xPortGetMinimumEverFreeHeapSize) refers to heap_4.o(.data) for xMinimumEverFreeBytesRemaining
    cmsis_os.o(i.osDelay) refers to tasks.o(i.vTaskDelay) for vTaskDelay
    cmsis_os.o(i.osKernelRunning) refers to tasks.o(i.xTaskGetSchedulerState) for xTaskGetSchedulerState
    cmsis_os.o(i.osKernelStart) refers to tasks.o(i.vTaskStartScheduler) for vTaskStartScheduler
    cmsis_os.o(i.osKernelSysTick) refers to cmsis_os.o(i.inHandlerMode) for inHandlerMode
    cmsis_os.o(i.osKernelSysTick) refers to tasks.o(i.xTaskGetTickCountFromISR) for xTaskGetTickCountFromISR
    cmsis_os.o(i.osKernelSysTick) refers to tasks.o(i.xTaskGetTickCount) for xTaskGetTickCount
    cmsis_os.o(i.osMailAlloc) refers to cmsis_os.o(i.osPoolAlloc) for osPoolAlloc
    cmsis_os.o(i.osMailCAlloc) refers to cmsis_os.o(i.osMailAlloc) for osMailAlloc
    cmsis_os.o(i.osMailCreate) refers to heap_4.o(i.pvPortMalloc) for pvPortMalloc
    cmsis_os.o(i.osMailCreate) refers to queue.o(i.xQueueGenericCreate) for xQueueGenericCreate
    cmsis_os.o(i.osMailCreate) refers to heap_4.o(i.vPortFree) for vPortFree
    cmsis_os.o(i.osMailCreate) refers to cmsis_os.o(i.osPoolCreate) for osPoolCreate
    cmsis_os.o(i.osMailFree) refers to cmsis_os.o(i.osPoolFree) for osPoolFree
    cmsis_os.o(i.osMailGet) refers to cmsis_os.o(i.inHandlerMode) for inHandlerMode
    cmsis_os.o(i.osMailGet) refers to queue.o(i.xQueueReceiveFromISR) for xQueueReceiveFromISR
    cmsis_os.o(i.osMailGet) refers to queue.o(i.xQueueGenericReceive) for xQueueGenericReceive
    cmsis_os.o(i.osMailPut) refers to cmsis_os.o(i.inHandlerMode) for inHandlerMode
    cmsis_os.o(i.osMailPut) refers to queue.o(i.xQueueGenericSendFromISR) for xQueueGenericSendFromISR
    cmsis_os.o(i.osMailPut) refers to queue.o(i.xQueueGenericSend) for xQueueGenericSend
    cmsis_os.o(i.osMessageAvailableSpace) refers to queue.o(i.uxQueueSpacesAvailable) for uxQueueSpacesAvailable
    cmsis_os.o(i.osMessageCreate) refers to queue.o(i.xQueueGenericCreate) for xQueueGenericCreate
    cmsis_os.o(i.osMessageDelete) refers to cmsis_os.o(i.inHandlerMode) for inHandlerMode
    cmsis_os.o(i.osMessageDelete) refers to queue.o(i.vQueueDelete) for vQueueDelete
    cmsis_os.o(i.osMessageGet) refers to cmsis_os.o(i.inHandlerMode) for inHandlerMode
    cmsis_os.o(i.osMessageGet) refers to queue.o(i.xQueueReceiveFromISR) for xQueueReceiveFromISR
    cmsis_os.o(i.osMessageGet) refers to queue.o(i.xQueueGenericReceive) for xQueueGenericReceive
    cmsis_os.o(i.osMessagePeek) refers to queue.o(i.xQueueGenericReceive) for xQueueGenericReceive
    cmsis_os.o(i.osMessagePut) refers to cmsis_os.o(i.inHandlerMode) for inHandlerMode
    cmsis_os.o(i.osMessagePut) refers to queue.o(i.xQueueGenericSendFromISR) for xQueueGenericSendFromISR
    cmsis_os.o(i.osMessagePut) refers to queue.o(i.xQueueGenericSend) for xQueueGenericSend
    cmsis_os.o(i.osMessageWaiting) refers to cmsis_os.o(i.inHandlerMode) for inHandlerMode
    cmsis_os.o(i.osMessageWaiting) refers to queue.o(i.uxQueueMessagesWaitingFromISR) for uxQueueMessagesWaitingFromISR
    cmsis_os.o(i.osMessageWaiting) refers to queue.o(i.uxQueueMessagesWaiting) for uxQueueMessagesWaiting
    cmsis_os.o(i.osMutexCreate) refers to queue.o(i.xQueueCreateMutex) for xQueueCreateMutex
    cmsis_os.o(i.osMutexDelete) refers to cmsis_os.o(i.inHandlerMode) for inHandlerMode
    cmsis_os.o(i.osMutexDelete) refers to queue.o(i.vQueueDelete) for vQueueDelete
    cmsis_os.o(i.osMutexRelease) refers to cmsis_os.o(i.inHandlerMode) for inHandlerMode
    cmsis_os.o(i.osMutexRelease) refers to queue.o(i.xQueueGiveFromISR) for xQueueGiveFromISR
    cmsis_os.o(i.osMutexRelease) refers to queue.o(i.xQueueGenericSend) for xQueueGenericSend
[...]
    Removing stm32f4xx_hal_tim_ex.o(.rev16_text), (4 bytes).
    Removing stm32f4xx_hal_tim_ex.o(.revsh_text), (4 bytes).
    Removing stm32f4xx_hal_tim_ex.o(.rrx_text), (6 bytes).
    Removing stm32f4xx_hal_tim_ex.o(i.HAL_TIMEx_BreakCallback), (2 bytes).
    Removing stm32f4xx_hal_tim_ex.o(i.HAL_TIMEx_CommutationCallback), (2 bytes).
    Removing stm32f4xx_hal_tim_ex.o(i.HAL_TIMEx_ConfigBreakDeadTime), (126 bytes).
    Removing stm32f4xx_hal_tim_ex.o(i.HAL_TIMEx_ConfigCommutationEvent), (110 bytes).
    Removing stm32f4xx_hal_tim_ex.o(i.HAL_TIMEx_ConfigCommutationEvent_DMA), (144 bytes).
    Removing stm32f4xx_hal_tim_ex.o(i.HAL_TIMEx_ConfigCommutationEvent_IT), (122 bytes).
    Removing stm32f4xx_hal_tim_ex.o(i.HAL_TIMEx_HallSensor_DeInit), (70 bytes).
    Removing stm32f4xx_hal_tim_ex.o(i.HAL_TIMEx_HallSensor_GetState), (8 bytes).
    Removing stm32f4xx_hal_tim_ex.o(i.HAL_TIMEx_HallSensor_Init), (196 bytes).
    Removing stm32f4xx_hal_tim_ex.o(i.HAL_TIMEx_HallSensor_MspDeInit), (2 bytes).
    Removing stm32f4xx_hal_tim_ex.o(i.HAL_TIMEx_HallSensor_MspInit), (2 bytes).
    Removing stm32f4xx_hal_tim_ex.o(i.HAL_TIMEx_HallSensor_Start), (30 bytes).
    Removing stm32f4xx_hal_tim_ex.o(i.HAL_TIMEx_HallSensor_Start_DMA), (116 bytes).
    Removing stm32f4xx_hal_tim_ex.o(i.HAL_TIMEx_HallSensor_Start_IT), (42 bytes).
    Removing stm32f4xx_hal_tim_ex.o(i.HAL_TIMEx_HallSensor_Stop), (56 bytes).
    Removing stm32f4xx_hal_tim_ex.o(i.HAL_TIMEx_HallSensor_Stop_DMA), (68 bytes).
    Removing stm32f4xx_hal_tim_ex.o(i.HAL_TIMEx_HallSensor_Stop_IT), (68 bytes).
    Removing stm32f4xx_hal_tim_ex.o(i.HAL_TIMEx_MasterConfigSynchronization), (98 bytes).
    Removing stm32f4xx_hal_tim_ex.o(i.HAL_TIMEx_OCN_Start), (44 bytes).
    Removing stm32f4xx_hal_tim_ex.o(i.HAL_TIMEx_OCN_Start_DMA), (280 bytes).
    Removing stm32f4xx_hal_tim_ex.o(i.HAL_TIMEx_OCN_Start_IT), (132 bytes).
    Removing stm32f4xx_hal_tim_ex.o(i.HAL_TIMEx_OCN_Stop), (96 bytes).
    Removing stm32f4xx_hal_tim_ex.o(i.HAL_TIMEx_OCN_Stop_DMA), (178 bytes).
    Removing stm32f4xx_hal_tim_ex.o(i.HAL_TIMEx_OCN_Stop_IT), (196 bytes).
    Removing stm32f4xx_hal_tim_ex.o(i.HAL_TIMEx_OnePulseN_Start), (32 bytes).
    Removing stm32f4xx_hal_tim_ex.o(i.HAL_TIMEx_OnePulseN_Start_IT), (56 bytes).
    Removing stm32f4xx_hal_tim_ex.o(i.HAL_TIMEx_OnePulseN_Stop), (96 bytes).
    Removing stm32f4xx_hal_tim_ex.o(i.HAL_TIMEx_OnePulseN_Stop_IT), (120 bytes).
    Removing stm32f4xx_hal_tim_ex.o(i.HAL_TIMEx_PWMN_Start), (44 bytes).
    Removing stm32f4xx_hal_tim_ex.o(i.HAL_TIMEx_PWMN_Start_DMA), (280 bytes).
    Removing stm32f4xx_hal_tim_ex.o(i.HAL_TIMEx_PWMN_Start_IT), (132 bytes).
    Removing stm32f4xx_hal_tim_ex.o(i.HAL_TIMEx_PWMN_Stop), (96 bytes).
    Removing stm32f4xx_hal_tim_ex.o(i.HAL_TIMEx_PWMN_Stop_DMA), (178 bytes).
    Removing stm32f4xx_hal_tim_ex.o(i.HAL_TIMEx_PWMN_Stop_IT), (196 bytes).
    Removing stm32f4xx_hal_tim_ex.o(i.HAL_TIMEx_RemapConfig), (48 bytes).
    Removing stm32f4xx_hal_tim_ex.o(i.TIMEx_DMACommutationCplt), (20 bytes).
    Removing stm32f4xx_hal_tim_ex.o(i.TIM_CCxNChannelCmd), (28 bytes).
    Removing stm32f4xx_hal_gpio.o(.rev16_text), (4 bytes).
    Removing stm32f4xx_hal_gpio.o(.revsh_text), (4 bytes).
    Removing stm32f4xx_hal_gpio.o(.rrx_text), (6 bytes).
    Removing stm32f4xx_hal_gpio.o(i.HAL_GPIO_DeInit), (356 bytes).
    Removing stm32f4xx_hal_gpio.o(i.HAL_GPIO_EXTI_Callback), (2 bytes).
    Removing stm32f4xx_hal_gpio.o(i.HAL_GPIO_EXTI_IRQHandler), (28 bytes).
    Removing stm32f4xx_hal_gpio.o(i.HAL_GPIO_LockPin), (46 bytes).
    Removing stm32f4xx_hal_gpio.o(i.HAL_GPIO_ReadPin), (16 bytes).
    Removing stm32f4xx_hal_dma_ex.o(.rev16_text), (4 bytes).
    Removing stm32f4xx_hal_dma_ex.o(.revsh_text), (4 bytes).
    Removing stm32f4xx_hal_dma_ex.o(.rrx_text), (6 bytes).
    Removing stm32f4xx_hal_dma_ex.o(i.DMA_MultiBufferSetConfig), (32 bytes).
    Removing stm32f4xx_hal_dma_ex.o(i.HAL_DMAEx_ChangeMemory), (18 bytes).
    Removing stm32f4xx_hal_dma_ex.o(i.HAL_DMAEx_MultiBufferStart), (124 bytes).
    Removing stm32f4xx_hal_dma_ex.o(i.HAL_DMAEx_MultiBufferStart_IT), (4064 bytes).
    Removing stm32f4xx_hal_pwr_ex.o(.rev16_text), (4 bytes).
    Removing stm32f4xx_hal_pwr_ex.o(.revsh_text), (4 bytes).
    Removing stm32f4xx_hal_pwr_ex.o(.rrx_text), (6 bytes).
    Removing stm32f4xx_hal_pwr_ex.o(i.HAL_PWREx_ControlVoltageScaling), (120 bytes).
    Removing stm32f4xx_hal_pwr_ex.o(i.HAL_PWREx_DisableBkUpReg), (76 bytes).
    Removing stm32f4xx_hal_pwr_ex.o(i.HAL_PWREx_DisableFlashPowerDown), (28 bytes).
    Removing stm32f4xx_hal_pwr_ex.o(i.HAL_PWREx_EnableBkUpReg), (76 bytes).
    Removing stm32f4xx_hal_pwr_ex.o(i.HAL_PWREx_EnableFlashPowerDown), (24 bytes).
    Removing stm32f4xx_hal_pwr_ex.o(i.HAL_PWREx_GetVoltageRange), (16 bytes).
    Removing stm32f4xx_hal_dma.o(.rev16_text), (4 bytes).
    Removing stm32f4xx_hal_dma.o(.revsh_text), (4 bytes).
    Removing stm32f4xx_hal_dma.o(.rrx_text), (6 bytes).
    Removing stm32f4xx_hal_dma.o(i.DMA_CalcBaseAndBitshift), (52 bytes).
    Removing stm32f4xx_hal_dma.o(i.DMA_CheckFifoParam), (170 bytes).
    Removing stm32f4xx_hal_dma.o(i.DMA_SetConfig), (44 bytes).
    Removing stm32f4xx_hal_dma.o(i.HAL_DMA_Abort), (170 bytes).
    Removing stm32f4xx_hal_dma.o(i.HAL_DMA_Abort_IT), (40 bytes).
    Removing stm32f4xx_hal_dma.o(i.HAL_DMA_DeInit), (98 bytes).
    Removing stm32f4xx_hal_dma.o(i.HAL_DMA_GetError), (6 bytes).
    Removing stm32f4xx_hal_dma.o(i.HAL_DMA_GetState), (8 bytes).
    Removing stm32f4xx_hal_dma.o(i.HAL_DMA_IRQHandler), (584 bytes).
    Removing stm32f4xx_hal_dma.o(i.HAL_DMA_Init), (236 bytes).
    Removing stm32f4xx_hal_dma.o(i.HAL_DMA_PollForTransfer), (356 bytes).
    Removing stm32f4xx_hal_dma.o(i.HAL_DMA_RegisterCallback), (94 bytes).
    Removing stm32f4xx_hal_dma.o(i.HAL_DMA_Start), (102 bytes).
    Removing stm32f4xx_hal_dma.o(i.HAL_DMA_Start_IT), (158 bytes).
    Removing stm32f4xx_hal_dma.o(i.HAL_DMA_UnRegisterCallback), (124 bytes).
    Removing stm32f4xx_hal_dma.o(.constdata), (8 bytes).
    Removing stm32f4xx_hal_adc.o(.rev16_text), (4 bytes).
    Removing stm32f4xx_hal_adc.o(.revsh_text), (4 bytes).
    Removing stm32f4xx_hal_adc.o(.rrx_text), (6 bytes).
    Removing stm32f4xx_hal_adc.o(i.ADC_DMAConvCplt), (110 bytes).
    Removing stm32f4xx_hal_adc.o(i.ADC_DMAError), (26 bytes).
    Removing stm32f4xx_hal_adc.o(i.ADC_DMAHalfConvCplt), (14 bytes).
    Removing stm32f4xx_hal_adc.o(i.HAL_ADC_AnalogWDGConfig), (136 bytes).
    Removing stm32f4xx_hal_adc.o(i.HAL_ADC_ConvCpltCallback), (2 bytes).
    Removing stm32f4xx_hal_adc.o(i.HAL_ADC_ConvHalfCpltCallback), (2 bytes).
    Removing stm32f4xx_hal_adc.o(i.HAL_ADC_DeInit), (68 bytes).
    Removing stm32f4xx_hal_adc.o(i.HAL_ADC_ErrorCallback), (2 bytes).
    Removing stm32f4xx_hal_adc.o(i.HAL_ADC_GetError), (6 bytes).
    Removing stm32f4xx_hal_adc.o(i.HAL_ADC_GetState), (6 bytes).
    Removing stm32f4xx_hal_adc.o(i.HAL_ADC_IRQHandler), (372 bytes).
    Removing stm32f4xx_hal_adc.o(i.HAL_ADC_LevelOutOfWindowCallback), (2 bytes).
    Removing stm32f4xx_hal_adc.o(i.HAL_ADC_MspDeInit), (2 bytes).
    Removing stm32f4xx_hal_adc.o(i.HAL_ADC_PollForEvent), (118 bytes).
    Removing stm32f4xx_hal_adc.o(i.HAL_ADC_Start_DMA), (328 bytes).
    Removing stm32f4xx_hal_adc.o(i.HAL_ADC_Start_IT), (272 bytes).
    Removing stm32f4xx_hal_adc.o(i.HAL_ADC_Stop_DMA), (108 bytes).
    Removing stm32f4xx_hal_adc.o(i.HAL_ADC_Stop_IT), (88 bytes).
    Removing stm32f4xx_hal_adc_ex.o(.rev16_text), (4 bytes).
    Removing stm32f4xx_hal_adc_ex.o(.revsh_text), (4 bytes).
    Removing stm32f4xx_hal_adc_ex.o(.rrx_text), (6 bytes).
    Removing stm32f4xx_hal_adc_ex.o(i.ADC_MultiModeDMAConvCplt), (110 bytes).
    Removing stm32f4xx_hal_adc_ex.o(i.ADC_MultiModeDMAError), (26 bytes).
    Removing stm32f4xx_hal_adc_ex.o(i.ADC_MultiModeDMAHalfConvCplt), (14 bytes).
    Removing stm32f4xx_hal_adc_ex.o(i.HAL_ADCEx_InjectedConfigChannel), (552 bytes).
    Removing stm32f4xx_hal_adc_ex.o(i.HAL_ADCEx_InjectedConvCpltCallback), (2 bytes).
    Removing stm32f4xx_hal_adc_ex.o(i.HAL_ADCEx_InjectedGetValue), (70 bytes).
    Removing stm32f4xx_hal_adc_ex.o(i.HAL_ADCEx_InjectedPollForConversion), (160 bytes).
    Removing stm32f4xx_hal_adc_ex.o(i.HAL_ADCEx_InjectedStart), (268 bytes).
    Removing stm32f4xx_hal_adc_ex.o(i.HAL_ADCEx_InjectedStart_IT), (280 bytes).
    Removing stm32f4xx_hal_adc_ex.o(i.HAL_ADCEx_InjectedStop), (104 bytes).
    Removing stm32f4xx_hal_adc_ex.o(i.HAL_ADCEx_InjectedStop_IT), (116 bytes).
    Removing stm32f4xx_hal_adc_ex.o(i.HAL_ADCEx_MultiModeConfigChannel), (96 bytes).
    Removing stm32f4xx_hal_adc_ex.o(i.HAL_ADCEx_MultiModeGetValue), (12 bytes).
    Removing stm32f4xx_hal_adc_ex.o(i.HAL_ADCEx_MultiModeStart_DMA), (292 bytes).
    Removing stm32f4xx_hal_adc_ex.o(i.HAL_ADCEx_MultiModeStop_DMA), (112 bytes).
    Removing stm32f4xx_it.o(.rev16_text), (4 bytes).
    Removing stm32f4xx_it.o(.revsh_text), (4 bytes).
    Removing stm32f4xx_it.o(.rrx_text), (6 bytes).
    Removing main.o(.rev16_text), (4 bytes).
    Removing main.o(.revsh_text), (4 bytes).
    Removing main.o(.rrx_text), (6 bytes).
    Removing stm32f4xx_hal_msp.o(.rev16_text), (4 bytes).
    Removing stm32f4xx_hal_msp.o(.revsh_text), (4 bytes).
    Removing stm32f4xx_hal_msp.o(.rrx_text), (6 bytes).
    Removing fput_debug.o(.rev16_text), (4 bytes).
    Removing fput_debug.o(.revsh_text), (4 bytes).
    Removing fput_debug.o(.rrx_text), (6 bytes).
    Removing keypad.o(.rev16_text), (4 bytes).
    Removing keypad.o(.revsh_text), (4 bytes).
    Removing keypad.o(.rrx_text), (6 bytes).
    Removing led.o(.rev16_text), (4 bytes).
    Removing led.o(.revsh_text), (4 bytes).
    Removing led.o(.rrx_text), (6 bytes).
    Removing led.o(i.display), (1184 bytes).
    Removing led.o(i.init_LED), (88 bytes).
    Removing startup_stm32f407xx.o(HEAP), (512 bytes).
    Removing system_stm32f4xx.o(.rev16_text), (4 bytes).
    Removing system_stm32f4xx.o(.revsh_text), (4 bytes).
    Removing system_stm32f4xx.o(.rrx_text), (6 bytes).
    Removing system_stm32f4xx.o(i.SystemCoreClockUpdate), (192 bytes).

485 unused section(s) (total 40812 bytes) removed from the image.

==============================================================================

Image Symbol Table

    Local Symbols

    Symbol Name                              Value     Ov Type        Size  Object(Section)

    ../Drivers/STM32F4xx_HAL_Driver/Src/stm32f4xx_hal.c 0x00000000   Number         0  stm32f4xx_hal.o ABSOLUTE
    ../Drivers/STM32F4xx_HAL_Driver/Src/stm32f4xx_hal_cortex.c 0x00000000   Number         0  stm32f4xx_hal_cortex.o ABSOLUTE
    ../Drivers/STM32F4xx_HAL_Driver/Src/stm32f4xx_hal_dma.c 0x00000000   Number         0  stm32f4xx_hal_dma.o ABSOLUTE
    ../Drivers/STM32F4xx_HAL_Driver/Src/stm32f4xx_hal_dma_ex.c 0x00000000   Number         0  stm32f4xx_hal_dma_ex.o ABSOLUTE
    ../Drivers/STM32F4xx_HAL_Driver/Src/stm32f4xx_hal_flash.c 0x00000000   Number         0  stm32f4xx_hal_flash.o ABSOLUTE
    ../Drivers/STM32F4xx_HAL_Driver/Src/stm32f4xx_hal_flash_ex.c 0x00000000   Number         0  stm32f4xx_hal_flash_ex.o ABSOLUTE
    ../Drivers/STM32F4xx_HAL_Driver/Src/stm32f4xx_hal_flash_ramfunc.c 0x00000000   Number         0  stm32f4xx_hal_flash_ramfunc.o ABSOLUTE
    ../Drivers/STM32F4xx_HAL_Driver/Src/stm32f4xx_hal_gpio.c 0x00000000   Number         0  stm32f4xx_hal_gpio.o ABSOLUTE
    ../Drivers/STM32F4xx_HAL_Driver/Src/stm32f4xx_hal_pwr.c 0x00000000   Number         0  stm32f4xx_hal_pwr.o ABSOLUTE
    ../Drivers/STM32F4xx_HAL_Driver/Src/stm32f4xx_hal_pwr_ex.c 0x00000000   Number         0  stm32f4xx_hal_pwr_ex.o ABSOLUTE
    ../Drivers/STM32F4xx_HAL_Driver/Src/stm32f4xx_hal_rcc.c 0x00000000   Number         0  stm32f4xx_hal_rcc.o ABSOLUTE
    ../Drivers/STM32F4xx_HAL_Driver/Src/stm32f4xx_hal_rcc_ex.c 0x00000000   Number         0  stm32f4xx_hal_rcc_ex.o ABSOLUTE
    ../Drivers/STM32F4xx_HAL_Driver/Src/stm32f4xx_hal_tim.c 0x00000000   Number         0  stm32f4xx_hal_tim.o ABSOLUTE
    ../Drivers/STM32F4xx_HAL_Driver/Src/stm32f4xx_hal_tim_ex.c 0x00000000   Number         0  stm32f4xx_hal_tim_ex.o ABSOLUTE
    ../Middlewares/Third_Party/FreeRTOS/Source/CMSIS_RTOS/cmsis_os.c 0x00000000   Number         0  cmsis_os.o ABSOLUTE
    ../Middlewares/Third_Party/FreeRTOS/Source/croutine.c 0x00000000   Number         0  croutine.o ABSOLUTE
    ../Middlewares/Third_Party/FreeRTOS/Source/event_groups.c 0x00000000   Number         0  event_groups.o ABSOLUTE
    ../Middlewares/Third_Party/FreeRTOS/Source/list.c 0x00000000   Number         0  list.o ABSOLUTE
    ../Middlewares/Third_Party/FreeRTOS/Source/portable/MemMang/heap_4.c 0x00000000   Number         0  heap_4.o ABSOLUTE
    ../Middlewares/Third_Party/FreeRTOS/Source/portable/RVDS/ARM_CM4F/port.c 0x00000000   Number         0  port.o ABSOLUTE
    ../Middlewares/Third_Party/FreeRTOS/Source/queue.c 0x00000000   Number         0  queue.o ABSOLUTE
    ../Middlewares/Third_Party/FreeRTOS/Source/tasks.c 0x00000000   Number         0  tasks.o ABSOLUTE
    ../Middlewares/Third_Party/FreeRTOS/Source/timers.c 0x00000000   Number         0  timers.o ABSOLUTE
    ../Src/freertos.c                        0x00000000   Number         0  freertos.o ABSOLUTE
    ../Src/main.c                            0x00000000   Number         0  main.o ABSOLUTE
    ../Src/stm32f4xx_hal_msp.c               0x00000000   Number         0  stm32f4xx_hal_msp.o ABSOLUTE
    ../Src/stm32f4xx_it.c                    0x00000000   Number         0  stm32f4xx_it.o ABSOLUTE
    ../Src/system_stm32f4xx.c                0x00000000   Number         0  system_stm32f4xx.o ABSOLUTE
    ../clib/microlib/division.c              0x00000000   Number         0  uidiv.o ABSOLUTE
    ../clib/microlib/division.c              0x00000000   Number         0  uldiv.o ABSOLUTE
    ../clib/microlib/init/entry.s            0x00000000   Number         0  entry11b.o ABSOLUTE
    ../clib/microlib/init/entry.s            0x00000000   Number         0  entry2.o ABSOLUTE
    ../clib/microlib/init/entry.s            0x00000000   Number         0  entry9a.o ABSOLUTE
    ../clib/microlib/init/entry.s            0x00000000   Number         0  entry9b.o ABSOLUTE
    ../clib/microlib/init/entry.s            0x00000000   Number         0  entry.o ABSOLUTE
    ../clib/microlib/init/entry.s            0x00000000   Number         0  entry8a.o ABSOLUTE
    ../clib/microlib/init/entry.s            0x00000000   Number         0  entry7b.o ABSOLUTE
    ../clib/microlib/init/entry.s            0x00000000   Number         0  entry7a.o ABSOLUTE
    ../clib/microlib/init/entry.s            0x00000000   Number         0  entry8b.o ABSOLUTE
    ../clib/microlib/init/entry.s            0x00000000   Number         0  entry5.o ABSOLUTE
    ../clib/microlib/init/entry.s            0x00000000   Number         0  entry11a.o ABSOLUTE
    ../clib/microlib/init/entry.s            0x00000000   Number         0  entry10b.o ABSOLUTE
    ../clib/microlib/init/entry.s            0x00000000   Number         0  entry10a.o ABSOLUTE
    ../clib/microlib/longlong.c              0x00000000   Number         0  llsshr.o ABSOLUTE
    ../clib/microlib/longlong.c              0x00000000   Number         0  llushr.o ABSOLUTE
    ../clib/microlib/longlong.c              0x00000000   Number         0  llshl.o ABSOLUTE
    ../clib/microlib/printf/printf.c         0x00000000   Number         0  printf5.o ABSOLUTE
    ../clib/microlib/printf/printf.c         0x00000000   Number         0  printfa.o ABSOLUTE
    ../clib/microlib/printf/printf.c         0x00000000   Number         0  printf4.o ABSOLUTE
    ../clib/microlib/printf/printf.c         0x00000000   Number         0  printf3.o ABSOLUTE
    ../clib/microlib/printf/printf.c         0x00000000   Number         0  printf2.o ABSOLUTE
    ../clib/microlib/printf/printf.c         0x00000000   Number         0  printf1.o ABSOLUTE
    ../clib/microlib/printf/printf.c         0x00000000   Number         0  printf0.o ABSOLUTE
    ../clib/microlib/printf/printf.c         0x00000000   Number         0  printfb.o ABSOLUTE
    ../clib/microlib/printf/printf.c         0x00000000   Number         0  printf8.o ABSOLUTE
    ../clib/microlib/printf/printf.c         0x00000000   Number         0  printf7.o ABSOLUTE
    ../clib/microlib/printf/printf.c         0x00000000   Number         0  printf6.o ABSOLUTE
    ../clib/microlib/printf/stubs.s          0x00000000   Number         0  stubs.o ABSOLUTE
    ../clib/microlib/stdio/streams.c         0x00000000   Number         0  stdout.o ABSOLUTE
    ../clib/microlib/string/memcpy.c         0x00000000   Number         0  memcpyb.o ABSOLUTE
    ../clib/microlib/string/memcpy.c         0x00000000   Number         0  memcpya.o ABSOLUTE
    ../clib/microlib/stubs.s                 0x00000000   Number         0  iusefp.o ABSOLUTE
    ../fplib/microlib/f2d.c                  0x00000000   Number         0  f2d.o ABSOLUTE
    ../fplib/microlib/fpadd.c                0x00000000   Number         0  dadd.o ABSOLUTE
    ../fplib/microlib/fpdiv.c                0x00000000   Number         0  ddiv.o ABSOLUTE
    ../fplib/microlib/fpepilogue.c           0x00000000   Number         0  depilogue.o ABSOLUTE
    ../fplib/microlib/fpfix.c                0x00000000   Number         0  dfixul.o ABSOLUTE
    ../fplib/microlib/fpmul.c                0x00000000   Number         0  dmul.o ABSOLUTE
    ..\Drivers\STM32F4xx_HAL_Driver\Src\stm32f4xx_hal.c 0x00000000   Number         0  stm32f4xx_hal.o ABSOLUTE
    ..\Drivers\STM32F4xx_HAL_Driver\Src\stm32f4xx_hal_adc.c 0x00000000   Number         0  stm32f4xx_hal_adc.o ABSOLUTE
    ..\Drivers\STM32F4xx_HAL_Driver\Src\stm32f4xx_hal_adc_ex.c 0x00000000   Number         0  stm32f4xx_hal_adc_ex.o ABSOLUTE
    ..\Drivers\STM32F4xx_HAL_Driver\Src\stm32f4xx_hal_cortex.c 0x00000000   Number         0  stm32f4xx_hal_cortex.o ABSOLUTE
    ..\Drivers\STM32F4xx_HAL_Driver\Src\stm32f4xx_hal_dma.c 0x00000000   Number         0  stm32f4xx_hal_dma.o ABSOLUTE
    ..\Drivers\STM32F4xx_HAL_Driver\Src\stm32f4xx_hal_dma_ex.c 0x00000000   Number         0  stm32f4xx_hal_dma_ex.o ABSOLUTE
    ..\Drivers\STM32F4xx_HAL_Driver\Src\stm32f4xx_hal_flash.c 0x00000000   Number         0  stm32f4xx_hal_flash.o ABSOLUTE
    ..\Drivers\STM32F4xx_HAL_Driver\Src\stm32f4xx_hal_flash_ex.c 0x00000000   Number         0  stm32f4xx_hal_flash_ex.o ABSOLUTE
    ..\Drivers\STM32F4xx_HAL_Driver\Src\stm32f4xx_hal_flash_ramfunc.c 0x00000000   Number         0  stm32f4xx_hal_flash_ramfunc.o ABSOLUTE
    ..\Drivers\STM32F4xx_HAL_Driver\Src\stm32f4xx_hal_gpio.c 0x00000000   Number         0  stm32f4xx_hal_gpio.o ABSOLUTE
    ..\Drivers\STM32F4xx_HAL_Driver\Src\stm32f4xx_hal_pwr.c 0x00000000   Number         0  stm32f4xx_hal_pwr.o ABSOLUTE
    ..\Drivers\STM32F4xx_HAL_Driver\Src\stm32f4xx_hal_pwr_ex.c 0x00000000   Number         0  stm32f4xx_hal_pwr_ex.o ABSOLUTE
    ..\Drivers\STM32F4xx_HAL_Driver\Src\stm32f4xx_hal_rcc.c 0x00000000   Number         0  stm32f4xx_hal_rcc.o ABSOLUTE
    ..\Drivers\STM32F4xx_HAL_Driver\Src\stm32f4xx_hal_rcc_ex.c 0x00000000   Number         0  stm32f4xx_hal_rcc_ex.o ABSOLUTE
    ..\Drivers\STM32F4xx_HAL_Driver\Src\stm32f4xx_hal_tim.c 0x00000000   Number         0  stm32f4xx_hal_tim.o ABSOLUTE
    ..\Drivers\STM32F4xx_HAL_Driver\Src\stm32f4xx_hal_tim_ex.c 0x00000000   Number         0  stm32f4xx_hal_tim_ex.o ABSOLUTE
    ..\Middlewares\Third_Party\FreeRTOS\Source\CMSIS_RTOS\cmsis_os.c 0x00000000   Number         0  cmsis_os.o ABSOLUTE
    ..\Middlewares\Third_Party\FreeRTOS\Source\portable\RVDS\ARM_CM4F\port.c 0x00000000   Number         0  port.o ABSOLUTE
    ..\Src\LED.c                             0x00000000   Number         0  led.o ABSOLUTE
    ..\Src\fput_debug.c                      0x00000000   Number         0  fput_debug.o ABSOLUTE
    ..\Src\keypad.c                          0x00000000   Number         0  keypad.o ABSOLUTE
    ..\Src\main.c                            0x00000000   Number         0  main.o ABSOLUTE
    ..\Src\stm32f4xx_hal_msp.c               0x00000000   Number         0  stm32f4xx_hal_msp.o ABSOLUTE
    ..\Src\stm32f4xx_it.c                    0x00000000   Number         0  stm32f4xx_it.o ABSOLUTE
    ..\Src\system_stm32f4xx.c                0x00000000   Number         0  system_stm32f4xx.o ABSOLUTE
    ..\\Drivers\\STM32F4xx_HAL_Driver\\Src\\stm32f4xx_hal_adc.c 0x00000000   Number         0  stm32f4xx_hal_adc.o ABSOLUTE
    ..\\Drivers\\STM32F4xx_HAL_Driver\\Src\\stm32f4xx_hal_adc_ex.c 0x00000000   Number         0  stm32f4xx_hal_adc_ex.o ABSOLUTE
    ..\\Src\\LED.c                           0x00000000   Number         0  led.o ABSOLUTE
    ..\\Src\\fput_debug.c                    0x00000000   Number         0  fput_debug.o ABSOLUTE
    ..\\Src\\keypad.c                        0x00000000   Number         0  keypad.o ABSOLUTE
    cdrcmple.s                               0x00000000   Number         0  cdrcmple.o ABSOLUTE
    dc.s                                     0x00000000   Number         0  dc.o ABSOLUTE
    handlers.s                               0x00000000   Number         0  handlers.o ABSOLUTE
    init.s                                   0x00000000   Number         0  init.o ABSOLUTE
    startup_stm32f407xx.s                    0x00000000   Number         0  startup_stm32f407xx.o ABSOLUTE
    RESET                                    0x08000000   Section      392  startup_stm32f407xx.o(RESET)
    .ARM.Collect$$$$00000000                 0x08000188   Section        0  entry.o(.ARM.Collect$$$$00000000)
    .ARM.Collect$$$$00000001                 0x08000188   Section        4  entry2.o(.ARM.Collect$$$$00000001)
    .ARM.Collect$$$$00000004                 0x0800018c   Section        4  entry5.o(.ARM.Collect$$$$00000004)
    .ARM.Collect$$$$00000008                 0x08000190   Section        0  entry7b.o(.ARM.Collect$$$$00000008)
    .ARM.Collect$$$$0000000A                 0x08000190   Section        0  entry8b.o(.ARM.Collect$$$$0000000A)
    .ARM.Collect$$$$0000000B                 0x08000190   Section        8  entry9a.o(.ARM.Collect$$$$0000000B)
    .ARM.Collect$$$$0000000D                 0x08000198   Section        0  entry10a.o(.ARM.Collect$$$$0000000D)
    .ARM.Collect$$$$0000000F                 0x08000198   Section        0  entry11a.o(.ARM.Collect$$$$0000000F)
    .ARM.Collect$$$$00002712                 0x08000198   Section        4  entry2.o(.ARM.Collect$$$$00002712)
    __lit__00000000                          0x08000198   Data           4  entry2.o(.ARM.Collect$$$$00002712)
    .emb_text                                0x0800019c   Section      186  port.o(.emb_text)
    $v0                                      0x0800019c   Number         0  port.o(.emb_text)
    .text                                    0x08000258   Section       36  startup_stm32f407xx.o(.text)
    $v0                                      0x08000258   Number         0  startup_stm32f407xx.o(.text)
    .text                                    0x0800027c   Section        0  memcpya.o(.text)
    .text                                    0x080002a0   Section        0  f2d.o(.text)
    .text                                    0x080002c6   Section        0  uidiv.o(.text)
    .text                                    0x080002f2   Section        0  uldiv.o(.text)
    .text                                    0x08000354   Section        0  iusefp.o(.text)
    .text                                    0x08000354   Section        0  dadd.o(.text)
    .text                                    0x080004a2   Section        0  dmul.o(.text)
    .text                                    0x08000586   Section        0  ddiv.o(.text)
    .text                                    0x08000664   Section        0  dfixul.o(.text)
    .text                                    0x08000694   Section       48  cdrcmple.o(.text)
    .text                                    0x080006c4   Section       36  init.o(.text)
    .text                                    0x080006e8   Section        0  llshl.o(.text)
    .text                                    0x08000706   Section        0  llushr.o(.text)
    .text                                    0x08000726   Section        0  llsshr.o(.text)
    .text                                    0x0800074a   Section        0  depilogue.o(.text)
    i.ADC_Init                               0x08000804   Section        0  stm32f4xx_hal_adc.o(i.ADC_Init)
    ADC_Init                                 0x08000805   Thumb Code   354  stm32f4xx_hal_adc.o(i.ADC_Init)
    i.HAL_ADC_ConfigChannel                  0x08000970   Section        0  stm32f4xx_hal_adc.o(i.HAL_ADC_ConfigChannel)
    i.HAL_ADC_GetValue                       0x08000afc   Section        0  stm32f4xx_hal_adc.o(i.HAL_ADC_GetValue)
    i.HAL_ADC_Init                           0x08000b04   Section        0  stm32f4xx_hal_adc.o(i.HAL_ADC_Init)
    i.HAL_ADC_MspInit                        0x08000b6c   Section        0  stm32f4xx_hal_adc.o(i.HAL_ADC_MspInit)
    i.HAL_ADC_PollForConversion              0x08000b6e   Section        0  stm32f4xx_hal_adc.o(i.HAL_ADC_PollForConversion)
    i.HAL_ADC_Start                          0x08000c28   Section        0  stm32f4xx_hal_adc.o(i.HAL_ADC_Start)
    i.HAL_ADC_Stop                           0x08000d28   Section        0  stm32f4xx_hal_adc.o(i.HAL_ADC_Stop)
    i.HAL_GPIO_Init                          0x08000d70   Section        0  stm32f4xx_hal_gpio.o(i.HAL_GPIO_Init)
    i.HAL_GPIO_TogglePin                     0x08000f70   Section        0  stm32f4xx_hal_gpio.o(i.HAL_GPIO_TogglePin)
    i.HAL_GPIO_WritePin                      0x08000f78   Section        0  stm32f4xx_hal_gpio.o(i.HAL_GPIO_WritePin)
    i.HAL_GetTick                            0x08000f84   Section        0  stm32f4xx_hal.o(i.HAL_GetTick)
    i.HAL_IncTick                            0x08000f90   Section        0  stm32f4xx_hal.o(i.HAL_IncTick)
    i.HAL_Init                               0x08000fa0   Section        0  stm32f4xx_hal.o(i.HAL_Init)
    i.HAL_InitTick                           0x08000fdc   Section        0  stm32f4xx_hal.o(i.HAL_InitTick)
    i.HAL_MspInit                            0x08001004   Section        0  stm32f4xx_hal_msp.o(i.HAL_MspInit)
    i.HAL_NVIC_SetPriority                   0x0800105a   Section        0  stm32f4xx_hal_cortex.o(i.HAL_NVIC_SetPriority)
    i.HAL_NVIC_SetPriorityGrouping           0x080010d8   Section        0  stm32f4xx_hal_cortex.o(i.HAL_NVIC_SetPriorityGrouping)
    i.HAL_RCC_ClockConfig                    0x08001100   Section        0  stm32f4xx_hal_rcc.o(i.HAL_RCC_ClockConfig)
    i.HAL_RCC_GetHCLKFreq                    0x080012d0   Section        0  stm32f4xx_hal_rcc.o(i.HAL_RCC_GetHCLKFreq)
    i.HAL_RCC_GetSysClockFreq                0x080012dc   Section        0  stm32f4xx_hal_rcc.o(i.HAL_RCC_GetSysClockFreq)
    i.HAL_RCC_OscConfig                      0x08001390   Section        0  stm32f4xx_hal_rcc.o(i.HAL_RCC_OscConfig)
    i.HAL_SYSTICK_CLKSourceConfig            0x080017dc   Section        0  stm32f4xx_hal_cortex.o(i.HAL_SYSTICK_CLKSourceConfig)
    i.HAL_SYSTICK_Config                     0x08001804   Section        0  stm32f4xx_hal_cortex.o(i.HAL_SYSTICK_Config)
    i.MX_ADC1_Init                           0x08001838   Section        0  main.o(i.MX_ADC1_Init)
    MX_ADC1_Init                             0x08001839   Thumb Code   126  main.o(i.MX_ADC1_Init)
    i.MX_GPIO_Init                           0x080018d4   Section        0  main.o(i.MX_GPIO_Init)
    MX_GPIO_Init                             0x080018d5   Thumb Code   640  main.o(i.MX_GPIO_Init)
    i.NVIC_GetPriorityGrouping               0x08001b74   Section        0  stm32f4xx_hal_cortex.o(i.NVIC_GetPriorityGrouping)
    NVIC_GetPriorityGrouping                 0x08001b75   Thumb Code    10  stm32f4xx_hal_cortex.o(i.NVIC_GetPriorityGrouping)
    i.NVIC_SetPriority                       0x08001b84   Section        0  stm32f4xx_hal_cortex.o(i.NVIC_SetPriority)
    NVIC_SetPriority                         0x08001b85   Thumb Code    32  stm32f4xx_hal_cortex.o(i.NVIC_SetPriority)
    i.StartDefaultTask                       0x08001bac   Section        0  main.o(i.StartDefaultTask)
    i.StartTask02                            0x08001c04   Section        0  main.o(i.StartTask02)
    i.StartTask03                            0x08001e20   Section        0  main.o(i.StartTask03)
    i.SysTick_Handler                        0x08001e58   Section        0  stm32f4xx_it.o(i.SysTick_Handler)
    i.SystemClock_Config                     0x08001e64   Section        0  main.o(i.SystemClock_Config)
    i.SystemInit                             0x08001f48   Section        0  system_stm32f4xx.o(i.SystemInit)
    i._Error_Handler                         0x08001fac   Section        0  main.o(i._Error_Handler)
    i.__0printf                              0x08001fb0   Section        0  printfa.o(i.__0printf)
    i.__scatterload_copy                     0x08001fd0   Section       14  handlers.o(i.__scatterload_copy)
    i.__scatterload_null                     0x08001fde   Section        2  handlers.o(i.__scatterload_null)
    i.__scatterload_zeroinit                 0x08001fe0   Section       14  handlers.o(i.__scatterload_zeroinit)
    i._fp_digits                             0x08001ff0   Section        0  printfa.o(i._fp_digits)
    _fp_digits                               0x08001ff1   Thumb Code   366  printfa.o(i._fp_digits)
    i._printf_core                           0x08002174   Section        0  printfa.o(i._printf_core)
    _printf_core                             0x08002175   Thumb Code  1744  printfa.o(i._printf_core)
    i._printf_post_padding                   0x08002850   Section        0  printfa.o(i._printf_post_padding)
    _printf_post_padding                     0x08002851   Thumb Code    36  printfa.o(i._printf_post_padding)
    i._printf_pre_padding                    0x08002874   Section        0  printfa.o(i._printf_pre_padding)
    _printf_pre_padding                      0x08002875   Thumb Code    46  printfa.o(i._printf_pre_padding)
    i.fputc                                  0x080028a4   Section        0  fput_debug.o(i.fputc)
    i.get_key                                0x080028dc   Section        0  keypad.o(i.get_key)
    i.inHandlerMode                          0x080029c0   Section        0  cmsis_os.o(i.inHandlerMode)
    inHandlerMode                            0x080029c1   Thumb Code    16  cmsis_os.o(i.inHandlerMode)
    i.init_keypad                            0x080029d0   Section        0  keypad.o(i.init_keypad)
    i.main                                   0x08002a0c   Section        0  main.o(i.main)
    i.makeFreeRtosPriority                   0x08002a94   Section        0  cmsis_os.o(i.makeFreeRtosPriority)
    makeFreeRtosPriority                     0x08002a95   Thumb Code    14  cmsis_os.o(i.makeFreeRtosPriority)
    i.osDelay                                0x08002aa2   Section        0  cmsis_os.o(i.osDelay)
    i.osKernelStart                          0x08002aba   Section        0  cmsis_os.o(i.osKernelStart)
    i.osSemaphoreCreate                      0x08002ac4   Section        0  cmsis_os.o(i.osSemaphoreCreate)
    i.osSignalWait                           0x08002af0   Section        0  cmsis_os.o(i.osSignalWait)
    i.osSystickHandler                       0x08002b52   Section        0  cmsis_os.o(i.osSystickHandler)
    i.osThreadCreate                         0x08002b62   Section        0  cmsis_os.o(i.osThreadCreate)
    i.prvAddCurrentTaskToDelayedList         0x08002b94   Section        0  tasks.o(i.prvAddCurrentTaskToDelayedList)
    prvAddCurrentTaskToDelayedList           0x08002b95   Thumb Code   124  tasks.o(i.prvAddCurrentTaskToDelayedList)
    i.prvAddNewTaskToReadyList               0x08002c2c   Section        0  tasks.o(i.prvAddNewTaskToReadyList)
    prvAddNewTaskToReadyList                 0x08002c2d   Thumb Code   150  tasks.o(i.prvAddNewTaskToReadyList)
    i.prvCheckTasksWaitingTermination        0x08002ce0   Section        0  tasks.o(i.prvCheckTasksWaitingTermination)
    prvCheckTasksWaitingTermination          0x08002ce1   Thumb Code    86  tasks.o(i.prvCheckTasksWaitingTermination)
    i.prvCopyDataToQueue                     0x08002d44   Section        0  queue.o(i.prvCopyDataToQueue)
    prvCopyDataToQueue                       0x08002d45   Thumb Code   124  queue.o(i.prvCopyDataToQueue)
    i.prvDeleteTCB                           0x08002dc0   Section        0  tasks.o(i.prvDeleteTCB)
    prvDeleteTCB                             0x08002dc1   Thumb Code    18  tasks.o(i.prvDeleteTCB)
    i.prvHeapInit                            0x08002dd4   Section        0  heap_4.o(i.prvHeapInit)
    prvHeapInit                              0x08002dd5   Thumb Code    98  heap_4.o(i.prvHeapInit)
    i.prvIdleTask                            0x08002e50   Section        0  tasks.o(i.prvIdleTask)
    prvIdleTask                              0x08002e51   Thumb Code    32  tasks.o(i.prvIdleTask)
    i.prvInitialiseNewQueue                  0x08002e78   Section        0  queue.o(i.prvInitialiseNewQueue)
    prvInitialiseNewQueue                    0x08002e79   Thumb Code    38  queue.o(i.prvInitialiseNewQueue)
    i.prvInitialiseNewTask                   0x08002e9e   Section        0  tasks.o(i.prvInitialiseNewTask)
    prvInitialiseNewTask                     0x08002e9f   Thumb Code   170  tasks.o(i.prvInitialiseNewTask)
    i.prvInitialiseTaskLists                 0x08002f48   Section        0  tasks.o(i.prvInitialiseTaskLists)
    prvInitialiseTaskLists                   0x08002f49   Thumb Code    70  tasks.o(i.prvInitialiseTaskLists)
    i.prvInsertBlockIntoFreeList             0x08002fb0   Section        0  heap_4.o(i.prvInsertBlockIntoFreeList)
    prvInsertBlockIntoFreeList               0x08002fb1   Thumb Code    96  heap_4.o(i.prvInsertBlockIntoFreeList)
    i.prvIsQueueFull                         0x08003018   Section        0  queue.o(i.prvIsQueueFull)
    prvIsQueueFull                           0x08003019   Thumb Code    30  queue.o(i.prvIsQueueFull)
    i.prvResetNextTaskUnblockTime            0x08003038   Section        0  tasks.o(i.prvResetNextTaskUnblockTime)
    prvResetNextTaskUnblockTime              0x08003039   Thumb Code    42  tasks.o(i.prvResetNextTaskUnblockTime)
    i.prvTaskExitError                       0x0800306c   Section        0  port.o(i.prvTaskExitError)
    prvTaskExitError                         0x0800306d   Thumb Code    60  port.o(i.prvTaskExitError)
    i.prvUnlockQueue                         0x080030ac   Section        0  queue.o(i.prvUnlockQueue)
    prvUnlockQueue                           0x080030ad   Thumb Code   126  queue.o(i.prvUnlockQueue)
    i.pvPortMalloc                           0x0800312c   Section        0  heap_4.o(i.pvPortMalloc)
    i.pxPortInitialiseStack                  0x08003268   Section        0  port.o(i.pxPortInitialiseStack)
    i.update_voltage                         0x08003294   Section        0  main.o(i.update_voltage)
    i.uxListRemove                           0x080032f0   Section        0  list.o(i.uxListRemove)
    i.vListInitialise                        0x08003318   Section        0  list.o(i.vListInitialise)
    i.vListInitialiseItem                    0x08003332   Section        0  list.o(i.vListInitialiseItem)
    i.vListInsert                            0x08003338   Section        0  list.o(i.vListInsert)
    i.vListInsertEnd                         0x0800336c   Section        0  list.o(i.vListInsertEnd)
    i.vPortEnterCritical                     0x08003384   Section        0  port.o(i.vPortEnterCritical)
    i.vPortExitCritical                      0x080033d8   Section        0  port.o(i.vPortExitCritical)
    i.vPortFree                              0x08003414   Section        0  heap_4.o(i.vPortFree)
    i.vPortSetupTimerInterrupt               0x080034a8   Section        0  port.o(i.vPortSetupTimerInterrupt)
    i.vTaskDelay                             0x080034c8   Section        0  tasks.o(i.vTaskDelay)
    i.vTaskMissedYield                       0x08003524   Section        0  tasks.o(i.vTaskMissedYield)
    i.vTaskPlaceOnEventList                  0x08003530   Section        0  tasks.o(i.vTaskPlaceOnEventList)
    i.vTaskSetTimeOutState                   0x08003568   Section        0  tasks.o(i.vTaskSetTimeOutState)
    i.vTaskStartScheduler                    0x08003598   Section        0  tasks.o(i.vTaskStartScheduler)
    i.vTaskSuspendAll                        0x08003620   Section        0  tasks.o(i.vTaskSuspendAll)
    i.vTaskSwitchContext                     0x08003630   Section        0  tasks.o(i.vTaskSwitchContext)
    i.xPortStartScheduler                    0x080036bc   Section        0  port.o(i.xPortStartScheduler)
    i.xPortSysTickHandler                    0x080037f8   Section        0  port.o(i.xPortSysTickHandler)
    i.xQueueGenericCreate                    0x0800382c   Section        0  queue.o(i.xQueueGenericCreate)
    i.xQueueGenericReset                     0x08003884   Section        0  queue.o(i.xQueueGenericReset)
    i.xQueueGenericSend                      0x0800391c   Section        0  queue.o(i.xQueueGenericSend)
    i.xTaskCheckForTimeOut                   0x08003ac4   Section        0  tasks.o(i.xTaskCheckForTimeOut)
    i.xTaskCreate                            0x08003b50   Section        0  tasks.o(i.xTaskCreate)
    i.xTaskGetSchedulerState                 0x08003bb0   Section        0  tasks.o(i.xTaskGetSchedulerState)
    i.xTaskIncrementTick                     0x08003bd0   Section        0  tasks.o(i.xTaskIncrementTick)
    i.xTaskNotifyWait                        0x08003d18   Section        0  tasks.o(i.xTaskNotifyWait)
    i.xTaskPriorityDisinherit                0x08003db8   Section        0  tasks.o(i.xTaskPriorityDisinherit)
    i.xTaskRemoveFromEventList               0x08003e80   Section        0  tasks.o(i.xTaskRemoveFromEventList)
    i.xTaskResumeAll                         0x08003f18   Section        0  tasks.o(i.xTaskResumeAll)
    .constdata                               0x0800401c   Section       60  main.o(.constdata)
    .constdata                               0x08004058   Section       64  keypad.o(.constdata)
    .constdata                               0x08004098   Section       24  system_stm32f4xx.o(.constdata)
    .conststring                             0x080040b0   Section       36  main.o(.conststring)
    .data                                    0x20000000   Section       24  heap_4.o(.data)
    xStart                                   0x20000000   Data           8  heap_4.o(.data)
    pxEnd                                    0x20000008   Data           4  heap_4.o(.data)
    xFreeBytesRemaining                      0x2000000c   Data           4  heap_4.o(.data)
    xMinimumEverFreeBytesRemaining           0x20000010   Data           4  heap_4.o(.data)
    xBlockAllocatedBit                       0x20000014   Data           4  heap_4.o(.data)
    .data                                    0x20000018   Section       12  port.o(.data)
    uxCriticalNesting                        0x20000018   Data           4  port.o(.data)
    ucMaxSysCallPriority                     0x2000001c   Data           1  port.o(.data)
    ulMaxPRIGROUPValue                       0x20000020   Data           4  port.o(.data)
    .data                                    0x20000024   Section       60  tasks.o(.data)
    pxDelayedTaskList                        0x20000028   Data           4  tasks.o(.data)
    pxOverflowDelayedTaskList                0x2000002c   Data           4  tasks.o(.data)
    uxDeletedTasksWaitingCleanUp             0x20000030   Data           4  tasks.o(.data)
    uxCurrentNumberOfTasks                   0x20000034   Data           4  tasks.o(.data)
    xTickCount                               0x20000038   Data           4  tasks.o(.data)
    uxTopReadyPriority                       0x2000003c   Data           4  tasks.o(.data)
    xSchedulerRunning                        0x20000040   Data           4  tasks.o(.data)
    uxPendedTicks                            0x20000044   Data           4  tasks.o(.data)
    xYieldPending                            0x20000048   Data           4  tasks.o(.data)
    xNumOfOverflows                          0x2000004c   Data           4  tasks.o(.data)
    uxTaskNumber                             0x20000050   Data           4  tasks.o(.data)
    xNextTaskUnblockTime                     0x20000054   Data           4  tasks.o(.data)
    xIdleTaskHandle                          0x20000058   Data           4  tasks.o(.data)
    uxSchedulerSuspended                     0x2000005c   Data           4  tasks.o(.data)
    .data                                    0x20000060   Section        4  stm32f4xx_hal.o(.data)
    .data                                    0x20000064   Section      124  main.o(.data)
    .data                                    0x200000e0   Section       16  keypad.o(.data)
    .data                                    0x200000f0   Section        4  system_stm32f4xx.o(.data)
    .data                                    0x200000f4   Section        4  stdout.o(.data)
    .bss                                     0x200000f8   Section    15360  heap_4.o(.bss)
    ucHeap                                   0x200000f8   Data       15360  heap_4.o(.bss)
    .bss                                     0x20003cf8   Section      240  tasks.o(.bss)
    pxReadyTasksLists                        0x20003cf8   Data         140  tasks.o(.bss)
    xDelayedTaskList1                        0x20003d84   Data          20  tasks.o(.bss)
    xDelayedTaskList2                        0x20003d98   Data          20  tasks.o(.bss)
    xPendingReadyList                        0x20003dac   Data          20  tasks.o(.bss)
    xTasksWaitingTermination                 0x20003dc0   Data          20  tasks.o(.bss)
    xSuspendedTaskList                       0x20003dd4   Data          20  tasks.o(.bss)
    .bss                                     0x20003de8   Section      132  main.o(.bss)
    STACK                                    0x20003e70   Section     1024  startup_stm32f407xx.o(STACK)

    Global Symbols

    Symbol Name                              Value     Ov Type        Size  Object(Section)

    BuildAttributes$$THM_ISAv4$E$P$D$K$B$S$7EM$VFPi3$EXTD16$VFPS$VFMA$PE$A:L22UL41UL21$X:L11$S22US41US21$IEEE1$IW$USESV6$~STKCKD$USESV7$~SHL$OSPACE$ROPI$EBA8$MICROLIB$REQ8$PRES8$EABIv2 0x00000000   Number         0  anon$$obj.o ABSOLUTE
    __ARM_use_no_argv                        0x00000000   Number         0  main.o ABSOLUTE
    _printf_a                                0x00000000   Number         0  stubs.o ABSOLUTE
    _printf_c                                0x00000000   Number         0  stubs.o ABSOLUTE
    _printf_charcount                        0x00000000   Number         0  stubs.o ABSOLUTE
    _printf_d                                0x00000000   Number         0  stubs.o ABSOLUTE
    _printf_e                                0x00000000   Number         0  stubs.o ABSOLUTE
    _printf_f                                0x00000000   Number         0  stubs.o ABSOLUTE
    _printf_flags                            0x00000000   Number         0  stubs.o ABSOLUTE
    _printf_fp_dec                           0x00000000   Number         0  stubs.o ABSOLUTE
    _printf_fp_hex                           0x00000000   Number         0  stubs.o ABSOLUTE
    _printf_g                                0x00000000   Number         0  stubs.o ABSOLUTE
    _printf_i                                0x00000000   Number         0  stubs.o ABSOLUTE
    _printf_int_dec                          0x00000000   Number         0  stubs.o ABSOLUTE
    _printf_l                                0x00000000   Number         0  stubs.o ABSOLUTE
    _printf_lc                               0x00000000   Number         0  stubs.o ABSOLUTE
    _printf_ll                               0x00000000   Number         0  stubs.o ABSOLUTE
    _printf_lld                              0x00000000   Number         0  stubs.o ABSOLUTE
    _printf_lli                              0x00000000   Number         0  stubs.o ABSOLUTE
    _printf_llo                              0x00000000   Number         0  stubs.o ABSOLUTE
    _printf_llu                              0x00000000   Number         0  stubs.o ABSOLUTE
    _printf_llx                              0x00000000   Number         0  stubs.o ABSOLUTE
    _printf_longlong_dec                     0x00000000   Number         0  stubs.o ABSOLUTE
    _printf_longlong_hex                     0x00000000   Number         0  stubs.o ABSOLUTE
    _printf_longlong_oct                     0x00000000   Number         0  stubs.o ABSOLUTE
    _printf_ls                               0x00000000   Number         0  stubs.o ABSOLUTE
    _printf_mbtowc                           0x00000000   Number         0  stubs.o ABSOLUTE
    _printf_n                                0x00000000   Number         0  stubs.o ABSOLUTE
    _printf_o                                0x00000000   Number         0  stubs.o ABSOLUTE
    _printf_p                                0x00000000   Number         0  stubs.o ABSOLUTE
    _printf_percent                          0x00000000   Number         0  stubs.o ABSOLUTE
    _printf_pre_padding                      0x00000000   Number         0  stubs.o ABSOLUTE
    _printf_return_value                     0x00000000   Number         0  stubs.o ABSOLUTE
    _printf_s                                0x00000000   Number         0  stubs.o ABSOLUTE
    _printf_sizespec                         0x00000000   Number         0  stubs.o ABSOLUTE
    _printf_str                              0x00000000   Number         0  stubs.o ABSOLUTE
    _printf_truncate_signed                  0x00000000   Number         0  stubs.o ABSOLUTE
    _printf_truncate_unsigned                0x00000000   Number         0  stubs.o ABSOLUTE
    _printf_u                                0x00000000   Number         0  stubs.o ABSOLUTE
    _printf_wc                               0x00000000   Number         0  stubs.o ABSOLUTE
    _printf_wctomb                           0x00000000   Number         0  stubs.o ABSOLUTE
    _printf_widthprec                        0x00000000   Number         0  stubs.o ABSOLUTE
    _printf_x                                0x00000000   Number         0  stubs.o ABSOLUTE
    __cpp_initialize__aeabi_                  - Undefined Weak Reference
    __cxa_finalize                            - Undefined Weak Reference
    __decompress                              - Undefined Weak Reference
    _clock_init                               - Undefined Weak Reference
    _microlib_exit                            - Undefined Weak Reference
    __Vectors_Size                           0x00000188   Number         0  startup_stm32f407xx.o ABSOLUTE
    __Vectors                                0x08000000   Data           4  startup_stm32f407xx.o(RESET)
    __Vectors_End                            0x08000188   Data           0  startup_stm32f407xx.o(RESET)
    __main                                   0x08000189   Thumb Code     0  entry.o(.ARM.Collect$$$$00000000)
    _main_stk                                0x08000189   Thumb Code     0  entry2.o(.ARM.Collect$$$$00000001)
    _main_scatterload                        0x0800018d   Thumb Code     0  entry5.o(.ARM.Collect$$$$00000004)
    __main_after_scatterload                 0x08000191   Thumb Code     0  entry5.o(.ARM.Collect$$$$00000004)
    _main_clock                              0x08000191   Thumb Code     0  entry7b.o(.ARM.Collect$$$$00000008)
    _main_cpp_init                           0x08000191   Thumb Code     0  entry8b.o(.ARM.Collect$$$$0000000A)
    _main_init                               0x08000191   Thumb Code     0  entry9a.o(.ARM.Collect$$$$0000000B)
    __rt_final_cpp                           0x08000199   Thumb Code     0  entry10a.o(.ARM.Collect$$$$0000000D)
    __rt_final_exit                          0x08000199   Thumb Code     0  entry11a.o(.ARM.Collect$$$$0000000F)
    SVC_Handler                              0x0800019d   Thumb Code    28  port.o(.emb_text)
    __asm___6_port_c_39a90d8d__prvStartFirstTask 0x080001bd   Thumb Code    28  port.o(.emb_text)
    __asm___6_port_c_39a90d8d__prvEnableVFP  0x080001dd   Thumb Code    16  port.o(.emb_text)
    PendSV_Handler                           0x080001f1   Thumb Code    92  port.o(.emb_text)
    vPortGetIPSR                             0x08000251   Thumb Code     6  port.o(.emb_text)
    Reset_Handler                            0x08000259   Thumb Code     8  startup_stm32f407xx.o(.text)
    NMI_Handler                              0x08000261   Thumb Code     2  startup_stm32f407xx.o(.text)
    HardFault_Handler                        0x08000263   Thumb Code     2  startup_stm32f407xx.o(.text)
    MemManage_Handler                        0x08000265   Thumb Code     2  startup_stm32f407xx.o(.text)
    BusFault_Handler                         0x08000267   Thumb Code     2  startup_stm32f407xx.o(.text)
    UsageFault_Handler                       0x08000269   Thumb Code     2  startup_stm32f407xx.o(.text)
    DebugMon_Handler                         0x0800026d   Thumb Code     2  startup_stm32f407xx.o(.text)
    ADC_IRQHandler                           0x08000273   Thumb Code     0  startup_stm32f407xx.o(.text)
    CAN1_RX0_IRQHandler                      0x08000273   Thumb Code     0  startup_stm32f407xx.o(.text)
    CAN1_RX1_IRQHandler                      0x08000273   Thumb Code     0  startup_stm32f407xx.o(.text)
    CAN1_SCE_IRQHandler                      0x08000273   Thumb Code     0  startup_stm32f407xx.o(.text)
    CAN1_TX_IRQHandler                       0x08000273   Thumb Code     0  startup_stm32f407xx.o(.text)
    CAN2_RX0_IRQHandler                      0x08000273   Thumb Code     0  startup_stm32f407xx.o(.text)
    CAN2_RX1_IRQHandler                      0x08000273   Thumb Code     0  startup_stm32f407xx.o(.text)
    CAN2_SCE_IRQHandler                      0x08000273   Thumb Code     0  startup_stm32f407xx.o(.text)
    CAN2_TX_IRQHandler                       0x08000273   Thumb Code     0  startup_stm32f407xx.o(.text)
    DCMI_IRQHandler                          0x08000273   Thumb Code     0  startup_stm32f407xx.o(.text)
    DMA1_Stream0_IRQHandler                  0x08000273   Thumb Code     0  startup_stm32f407xx.o(.text)
    DMA1_Stream1_IRQHandler                  0x08000273   Thumb Code     0  startup_stm32f407xx.o(.text)
    DMA1_Stream2_IRQHandler                  0x08000273   Thumb Code     0  startup_stm32f407xx.o(.text)
    DMA1_Stream3_IRQHandler                  0x08000273   Thumb Code     0  startup_stm32f407xx.o(.text)
    DMA1_Stream4_IRQHandler                  0x08000273   Thumb Code     0  startup_stm32f407xx.o(.text)
    DMA1_Stream5_IRQHandler                  0x08000273   Thumb Code     0  startup_stm32f407xx.o(.text)
    DMA1_Stream6_IRQHandler                  0x08000273   Thumb Code     0  startup_stm32f407xx.o(.text)
    DMA1_Stream7_IRQHandler                  0x08000273   Thumb Code     0  startup_stm32f407xx.o(.text)
    DMA2_Stream0_IRQHandler                  0x08000273   Thumb Code     0  startup_stm32f407xx.o(.text)
    DMA2_Stream1_IRQHandler                  0x08000273   Thumb Code     0  startup_stm32f407xx.o(.text)
    DMA2_Stream2_IRQHandler                  0x08000273   Thumb Code     0  startup_stm32f407xx.o(.text)
    DMA2_Stream3_IRQHandler                  0x08000273   Thumb Code     0  startup_stm32f407xx.o(.text)
    DMA2_Stream4_IRQHandler                  0x08000273   Thumb Code     0  startup_stm32f407xx.o(.text)
    DMA2_Stream5_IRQHandler                  0x08000273   Thumb Code     0  startup_stm32f407xx.o(.text)
    DMA2_Stream6_IRQHandler                  0x08000273   Thumb Code     0  startup_stm32f407xx.o(.text)
    DMA2_Stream7_IRQHandler                  0x08000273   Thumb Code     0  startup_stm32f407xx.o(.text)
    ETH_IRQHandler                           0x08000273   Thumb Code     0  startup_stm32f407xx.o(.text)
    ETH_WKUP_IRQHandler                      0x08000273   Thumb Code     0  startup_stm32f407xx.o(.text)
    EXTI0_IRQHandler                         0x08000273   Thumb Code     0  startup_stm32f407xx.o(.text)
    EXTI15_10_IRQHandler                     0x08000273   Thumb Code     0  startup_stm32f407xx.o(.text)
    EXTI1_IRQHandler                         0x08000273   Thumb Code     0  startup_stm32f407xx.o(.text)
    EXTI2_IRQHandler                         0x08000273   Thumb Code     0  startup_stm32f407xx.o(.text)
    EXTI3_IRQHandler                         0x08000273   Thumb Code     0  startup_stm32f407xx.o(.text)
    EXTI4_IRQHandler                         0x08000273   Thumb Code     0  startup_stm32f407xx.o(.text)
    EXTI9_5_IRQHandler                       0x08000273   Thumb Code     0  startup_stm32f407xx.o(.text)
    FLASH_IRQHandler                         0x08000273   Thumb Code     0  startup_stm32f407xx.o(.text)
    FMC_IRQHandler                           0x08000273   Thumb Code     0  startup_stm32f407xx.o(.text)
    FPU_IRQHandler                           0x08000273   Thumb Code     0  startup_stm32f407xx.o(.text)
    HASH_RNG_IRQHandler                      0x08000273   Thumb Code     0  startup_stm32f407xx.o(.text)
    I2C1_ER_IRQHandler                       0x08000273   Thumb Code     0  startup_stm32f407xx.o(.text)
    I2C1_EV_IRQHandler                       0x08000273   Thumb Code     0  startup_stm32f407xx.o(.text)
    I2C2_ER_IRQHandler                       0x08000273   Thumb Code     0  startup_stm32f407xx.o(.text)
    I2C2_EV_IRQHandler                       0x08000273   Thumb Code     0  startup_stm32f407xx.o(.text)
    I2C3_ER_IRQHandler                       0x08000273   Thumb Code     0  startup_stm32f407xx.o(.text)
    I2C3_EV_IRQHandler                       0x08000273   Thumb Code     0  startup_stm32f407xx.o(.text)
    OTG_FS_IRQHandler                        0x08000273   Thumb Code     0  startup_stm32f407xx.o(.text)
    OTG_FS_WKUP_IRQHandler                   0x08000273   Thumb Code     0  startup_stm32f407xx.o(.text)
    OTG_HS_EP1_IN_IRQHandler                 0x08000273   Thumb Code     0  startup_stm32f407xx.o(.text)
    OTG_HS_EP1_OUT_IRQHandler                0x08000273   Thumb Code     0  startup_stm32f407xx.o(.text)
    OTG_HS_IRQHandler                        0x08000273   Thumb Code     0  startup_stm32f407xx.o(.text)
    OTG_HS_WKUP_IRQHandler                   0x08000273   Thumb Code     0  startup_stm32f407xx.o(.text)
    PVD_IRQHandler                           0x08000273   Thumb Code     0  startup_stm32f407xx.o(.text)
    RCC_IRQHandler                           0x08000273   Thumb Code     0  startup_stm32f407xx.o(.text)
    RTC_Alarm_IRQHandler                     0x08000273   Thumb Code     0  startup_stm32f407xx.o(.text)
    RTC_WKUP_IRQHandler                      0x08000273   Thumb Code     0  startup_stm32f407xx.o(.text)
    SDIO_IRQHandler                          0x08000273   Thumb Code     0  startup_stm32f407xx.o(.text)
    SPI1_IRQHandler                          0x08000273   Thumb Code     0  startup_stm32f407xx.o(.text)
    SPI2_IRQHandler                          0x08000273   Thumb Code     0  startup_stm32f407xx.o(.text)
    SPI3_IRQHandler                          0x08000273   Thumb Code     0  startup_stm32f407xx.o(.text)
    TAMP_STAMP_IRQHandler                    0x08000273   Thumb Code     0  startup_stm32f407xx.o(.text)
    TIM1_BRK_TIM9_IRQHandler                 0x08000273   Thumb Code     0  startup_stm32f407xx.o(.text)
    TIM1_CC_IRQHandler                       0x08000273   Thumb Code     0  startup_stm32f407xx.o(.text)
    TIM1_TRG_COM_TIM11_IRQHandler            0x08000273   Thumb Code     0  startup_stm32f407xx.o(.text)
    TIM1_UP_TIM10_IRQHandler                 0x08000273   Thumb Code     0  startup_stm32f407xx.o(.text)
    TIM2_IRQHandler                          0x08000273   Thumb Code     0  startup_stm32f407xx.o(.text)
    TIM3_IRQHandler                          0x08000273   Thumb Code     0  startup_stm32f407xx.o(.text)
    TIM4_IRQHandler                          0x08000273   Thumb Code     0  startup_stm32f407xx.o(.text)
    TIM5_IRQHandler                          0x08000273   Thumb Code     0  startup_stm32f407xx.o(.text)
    TIM6_DAC_IRQHandler                      0x08000273   Thumb Code     0  startup_stm32f407xx.o(.text)
    TIM7_IRQHandler                          0x08000273   Thumb Code     0  startup_stm32f407xx.o(.text)
    TIM8_BRK_TIM12_IRQHandler                0x08000273   Thumb Code     0  startup_stm32f407xx.o(.text)
    TIM8_CC_IRQHandler                       0x08000273   Thumb Code     0  startup_stm32f407xx.o(.text)
    TIM8_TRG_COM_TIM14_IRQHandler            0x08000273   Thumb Code     0  startup_stm32f407xx.o(.text)
    TIM8_UP_TIM13_IRQHandler                 0x08000273   Thumb Code     0  startup_stm32f407xx.o(.text)
    UART4_IRQHandler                         0x08000273   Thumb Code     0  startup_stm32f407xx.o(.text)
    UART5_IRQHandler                         0x08000273   Thumb Code     0  startup_stm32f407xx.o(.text)
    USART1_IRQHandler                        0x08000273   Thumb Code     0  startup_stm32f407xx.o(.text)
    USART2_IRQHandler                        0x08000273   Thumb Code     0  startup_stm32f407xx.o(.text)
    USART3_IRQHandler                        0x08000273   Thumb Code     0  startup_stm32f407xx.o(.text)
    USART6_IRQHandler                        0x08000273   Thumb Code     0  startup_stm32f407xx.o(.text)
    WWDG_IRQHandler                          0x08000273   Thumb Code     0  startup_stm32f407xx.o(.text)
    __aeabi_memcpy                           0x0800027d   Thumb Code    36  memcpya.o(.text)
    __aeabi_memcpy4                          0x0800027d   Thumb Code     0  memcpya.o(.text)
    __aeabi_memcpy8                          0x0800027d   Thumb Code     0  memcpya.o(.text)
    __aeabi_f2d                              0x080002a1   Thumb Code    38  f2d.o(.text)
    __aeabi_uidiv                            0x080002c7   Thumb Code     0  uidiv.o(.text)
    __aeabi_uidivmod                         0x080002c7   Thumb Code    44  uidiv.o(.text)
    __aeabi_uldivmod                         0x080002f3   Thumb Code    98  uldiv.o(.text)
    __I$use$fp                               0x08000355   Thumb Code     0  iusefp.o(.text)
    __aeabi_dadd                             0x08000355   Thumb Code   322  dadd.o(.text)
    __aeabi_dsub                             0x08000497   Thumb Code     6  dadd.o(.text)
    __aeabi_drsub                            0x0800049d   Thumb Code     6  dadd.o(.text)
    __aeabi_dmul                             0x080004a3   Thumb Code   228  dmul.o(.text)
    __aeabi_ddiv                             0x08000587   Thumb Code   222  ddiv.o(.text)
    __aeabi_d2ulz                            0x08000665   Thumb Code    48  dfixul.o(.text)
    __aeabi_cdrcmple                         0x08000695   Thumb Code    48  cdrcmple.o(.text)
    __scatterload                            0x080006c5   Thumb Code    28  init.o(.text)
    __scatterload_rt2                        0x080006c5   Thumb Code     0  init.o(.text)
    __aeabi_llsl                             0x080006e9   Thumb Code    30  llshl.o(.text)
    _ll_shift_l                              0x080006e9   Thumb Code     0  llshl.o(.text)
    __aeabi_llsr                             0x08000707   Thumb Code    32  llushr.o(.text)
    _ll_ushift_r                             0x08000707   Thumb Code     0  llushr.o(.text)
    __aeabi_lasr                             0x08000727   Thumb Code    36  llsshr.o(.text)
    _ll_sshift_r                             0x08000727   Thumb Code     0  llsshr.o(.text)
    _double_round                            0x0800074b   Thumb Code    30  depilogue.o(.text)
    _double_epilogue                         0x08000769   Thumb Code   156  depilogue.o(.text)
    HAL_ADC_ConfigChannel                    0x08000971   Thumb Code   380  stm32f4xx_hal_adc.o(i.HAL_ADC_ConfigChannel)
    HAL_ADC_GetValue                         0x08000afd   Thumb Code     8  stm32f4xx_hal_adc.o(i.HAL_ADC_GetValue)
    HAL_ADC_Init                             0x08000b05   Thumb Code   100  stm32f4xx_hal_adc.o(i.HAL_ADC_Init)
    HAL_ADC_MspInit                          0x08000b6d   Thumb Code     2  stm32f4xx_hal_adc.o(i.HAL_ADC_MspInit)
    HAL_ADC_PollForConversion                0x08000b6f   Thumb Code   186  stm32f4xx_hal_adc.o(i.HAL_ADC_PollForConversion)
    HAL_ADC_Start                            0x08000c29   Thumb Code   238  stm32f4xx_hal_adc.o(i.HAL_ADC_Start)
    HAL_ADC_Stop                             0x08000d29   Thumb Code    72  stm32f4xx_hal_adc.o(i.HAL_ADC_Stop)
    HAL_GPIO_Init                            0x08000d71   Thumb Code   466  stm32f4xx_hal_gpio.o(i.HAL_GPIO_Init)
    HAL_GPIO_TogglePin                       0x08000f71   Thumb Code     8  stm32f4xx_hal_gpio.o(i.HAL_GPIO_TogglePin)
    HAL_GPIO_WritePin                        0x08000f79   Thumb Code    12  stm32f4xx_hal_gpio.o(i.HAL_GPIO_WritePin)
    HAL_GetTick                              0x08000f85   Thumb Code     6  stm32f4xx_hal.o(i.HAL_GetTick)
    HAL_IncTick                              0x08000f91   Thumb Code    12  stm32f4xx_hal.o(i.HAL_IncTick)
    HAL_Init                                 0x08000fa1   Thumb Code    54  stm32f4xx_hal.o(i.HAL_Init)
    HAL_InitTick                             0x08000fdd   Thumb Code    36  stm32f4xx_hal.o(i.HAL_InitTick)
    HAL_MspInit                              0x08001005   Thumb Code    86  stm32f4xx_hal_msp.o(i.HAL_MspInit)
    HAL_NVIC_SetPriority                     0x0800105b   Thumb Code   124  stm32f4xx_hal_cortex.o(i.HAL_NVIC_SetPriority)
    HAL_NVIC_SetPriorityGrouping             0x080010d9   Thumb Code    32  stm32f4xx_hal_cortex.o(i.HAL_NVIC_SetPriorityGrouping)
    HAL_RCC_ClockConfig                      0x08001101   Thumb Code   446  stm32f4xx_hal_rcc.o(i.HAL_RCC_ClockConfig)
    HAL_RCC_GetHCLKFreq                      0x080012d1   Thumb Code     6  stm32f4xx_hal_rcc.o(i.HAL_RCC_GetHCLKFreq)
    HAL_RCC_GetSysClockFreq                  0x080012dd   Thumb Code   168  stm32f4xx_hal_rcc.o(i.HAL_RCC_GetSysClockFreq)
    HAL_RCC_OscConfig                        0x08001391   Thumb Code  1090  stm32f4xx_hal_rcc.o(i.HAL_RCC_OscConfig)
    HAL_SYSTICK_CLKSourceConfig              0x080017dd   Thumb Code    40  stm32f4xx_hal_cortex.o(i.HAL_SYSTICK_CLKSourceConfig)
    HAL_SYSTICK_Config                       0x08001805   Thumb Code    52  stm32f4xx_hal_cortex.o(i.HAL_SYSTICK_Config)
    StartDefaultTask                         0x08001bad   Thumb Code    74  main.o(i.StartDefaultTask)
    StartTask02                              0x08001c05   Thumb Code   372  main.o(i.StartTask02)
    StartTask03                              0x08001e21   Thumb Code    42  main.o(i.StartTask03)
    SysTick_Handler                          0x08001e59   Thumb Code    12  stm32f4xx_it.o(i.SysTick_Handler)
    SystemClock_Config                       0x08001e65   Thumb Code   202  main.o(i.SystemClock_Config)
    SystemInit                               0x08001f49   Thumb Code    82  system_stm32f4xx.o(i.SystemInit)
    _Error_Handler                           0x08001fad   Thumb Code     4  main.o(i._Error_Handler)
    __0printf                                0x08001fb1   Thumb Code    22  printfa.o(i.__0printf)
    __1printf                                0x08001fb1   Thumb Code     0  printfa.o(i.__0printf)
    __2printf                                0x08001fb1   Thumb Code     0  printfa.o(i.__0printf)
    __c89printf                              0x08001fb1   Thumb Code     0  printfa.o(i.__0printf)
    printf                                   0x08001fb1   Thumb Code     0  printfa.o(i.__0printf)
    __scatterload_copy                       0x08001fd1   Thumb Code    14  handlers.o(i.__scatterload_copy)
    __scatterload_null                       0x08001fdf   Thumb Code     2  handlers.o(i.__scatterload_null)
    __scatterload_zeroinit                   0x08001fe1   Thumb Code    14  handlers.o(i.__scatterload_zeroinit)
    fputc                                    0x080028a5   Thumb Code    52  fput_debug.o(i.fputc)
    get_key                                  0x080028dd   Thumb Code   204  keypad.o(i.get_key)
    init_keypad                              0x080029d1   Thumb Code    52  keypad.o(i.init_keypad)
    main                                     0x08002a0d   Thumb Code   116  main.o(i.main)
    osDelay                                  0x08002aa3   Thumb Code    24  cmsis_os.o(i.osDelay)
    osKernelStart                            0x08002abb   Thumb Code    10  cmsis_os.o(i.osKernelStart)
    osSemaphoreCreate                        0x08002ac5   Thumb Code    44  cmsis_os.o(i.osSemaphoreCreate)
    osSignalWait                             0x08002af1   Thumb Code    98  cmsis_os.o(i.osSignalWait)
    osSystickHandler                         0x08002b53   Thumb Code    16  cmsis_os.o(i.osSystickHandler)
    osThreadCreate                           0x08002b63   Thumb Code    48  cmsis_os.o(i.osThreadCreate)
    pvPortMalloc                             0x0800312d   Thumb Code   296  heap_4.o(i.pvPortMalloc)
    pxPortInitialiseStack                    0x08003269   Thumb Code    38  port.o(i.pxPortInitialiseStack)
    update_voltage                           0x08003295   Thumb Code    80  main.o(i.update_voltage)
    uxListRemove                             0x080032f1   Thumb Code    40  list.o(i.uxListRemove)
    vListInitialise                          0x08003319   Thumb Code    26  list.o(i.vListInitialise)
    vListInitialiseItem                      0x08003333   Thumb Code     6  list.o(i.vListInitialiseItem)
    vListInsert                              0x08003339   Thumb Code    52  list.o(i.vListInsert)
    vListInsertEnd                           0x0800336d   Thumb Code    24  list.o(i.vListInsertEnd)
    vPortEnterCritical                       0x08003385   Thumb Code    76  port.o(i.vPortEnterCritical)
    vPortExitCritical                        0x080033d9   Thumb Code    56  port.o(i.vPortExitCritical)
    vPortFree                                0x08003415   Thumb Code   140  heap_4.o(i.vPortFree)
    vPortSetupTimerInterrupt                 0x080034a9   Thumb Code    26  port.o(i.vPortSetupTimerInterrupt)
    vTaskDelay                               0x080034c9   Thumb Code    82  tasks.o(i.vTaskDelay)
    vTaskMissedYield                         0x08003525   Thumb Code     8  tasks.o(i.vTaskMissedYield)
    vTaskPlaceOnEventList                    0x08003531   Thumb Code    52  tasks.o(i.vTaskPlaceOnEventList)
    vTaskSetTimeOutState                     0x08003569   Thumb Code    38  tasks.o(i.vTaskSetTimeOutState)
    vTaskStartScheduler                      0x08003599   Thumb Code   108  tasks.o(i.vTaskStartScheduler)
    vTaskSuspendAll                          0x08003621   Thumb Code    12  tasks.o(i.vTaskSuspendAll)
    vTaskSwitchContext                       0x08003631   Thumb Code   118  tasks.o(i.vTaskSwitchContext)
    xPortStartScheduler                      0x080036bd   Thumb Code   288  port.o(i.xPortStartScheduler)
    xPortSysTickHandler                      0x080037f9   Thumb Code    46  port.o(i.xPortSysTickHandler)
    xQueueGenericCreate                      0x0800382d   Thumb Code    88  queue.o(i.xQueueGenericCreate)
    xQueueGenericReset                       0x08003885   Thumb Code   146  queue.o(i.xQueueGenericReset)
    xQueueGenericSend                        0x0800391d   Thumb Code   420  queue.o(i.xQueueGenericSend)
    xTaskCheckForTimeOut                     0x08003ac5   Thumb Code   132  tasks.o(i.xTaskCheckForTimeOut)
    xTaskCreate                              0x08003b51   Thumb Code    96  tasks.o(i.xTaskCreate)
    xTaskGetSchedulerState                   0x08003bb1   Thumb Code    24  tasks.o(i.xTaskGetSchedulerState)
    xTaskIncrementTick                       0x08003bd1   Thumb Code   282  tasks.o(i.xTaskIncrementTick)
    xTaskNotifyWait                          0x08003d19   Thumb Code   150  tasks.o(i.xTaskNotifyWait)
    xTaskPriorityDisinherit                  0x08003db9   Thumb Code   188  tasks.o(i.xTaskPriorityDisinherit)
    xTaskRemoveFromEventList                 0x08003e81   Thumb Code   128  tasks.o(i.xTaskRemoveFromEventList)
    xTaskResumeAll                           0x08003f19   Thumb Code   224  tasks.o(i.xTaskResumeAll)
    matrix                                   0x08004058   Data          64  keypad.o(.constdata)
    AHBPrescTable                            0x08004098   Data          16  system_stm32f4xx.o(.constdata)
    APBPrescTable                            0x080040a8   Data           8  system_stm32f4xx.o(.constdata)
    Region$$Table$$Base                      0x080040d4   Number         0  anon$$obj.o(Region$$Table)
    Region$$Table$$Limit                     0x080040f4   Number         0  anon$$obj.o(Region$$Table)
    pxCurrentTCB                             0x20000024   Data           4  tasks.o(.data)
    uwTick                                   0x20000060   Data           4  stm32f4xx_hal.o(.data)
    defaultTaskHandle                        0x20000064   Data           4  main.o(.data)
    myTask02Handle                           0x20000068   Data           4  main.o(.data)
    myTask03Handle                           0x2000006c   Data           4  main.o(.data)
    myBinarySem01Handle                      0x20000070   Data           4  main.o(.data)
    GPIONumber                               0x20000074   Data           2  main.o(.data)
    debounce                                 0x20000078   Data           4  main.o(.data)
    state                                    0x2000007c   Data           1  main.o(.data)
    debounce_mod                             0x20000080   Data           4  main.o(.data)
    sample_counter                           0x20000084   Data           4  main.o(.data)
    coeff                                    0x20000088   Data          20  main.o(.data)
    coeff_len                                0x2000009c   Data           4  main.o(.data)
    rms_counter                              0x200000a0   Data           4  main.o(.data)
    voltage                                  0x200000a4   Data           4  main.o(.data)
    duty_cycle                               0x200000a8   Data           4  main.o(.data)
    count                                    0x200000ac   Data           4  main.o(.data)
    key                                      0x200000b0   Data           4  main.o(.data)
    key_star_counter                         0x200000b4   Data           4  main.o(.data)
    star_flag                                0x200000b8   Data           4  main.o(.data)
    star_release_debounce                    0x200000bc   Data           4  main.o(.data)
    first_digit                              0x200000c0   Data           4  main.o(.data)
    second_digit                             0x200000c4   Data           4  main.o(.data)
    third_digit                              0x200000c8   Data           4  main.o(.data)
    res_filter                               0x200000cc   Data           4  main.o(.data)
    results                                  0x200000d0   Data           4  main.o(.data)
    MySig                                    0x200000d4   Data           4  main.o(.data)
    w1                                       0x200000d8   Data           4  main.o(.data)
    w0                                       0x200000dc   Data           4  main.o(.data)
    row_pins                                 0x200000e0   Data           8  keypad.o(.data)
    col_pins                                 0x200000e8   Data           8  keypad.o(.data)
    SystemCoreClock                          0x200000f0   Data           4  system_stm32f4xx.o(.data)
    __stdout                                 0x200000f4   Data           4  stdout.o(.data)
    hadc1                                    0x20003de8   Data          72  main.o(.bss)
    x                                        0x20003e30   Data          20  main.o(.bss)
    rms                                      0x20003e44   Data          40  main.o(.bss)
    __initial_sp                             0x20004270   Data           0  startup_stm32f407xx.o(STACK)



==============================================================================

Memory Map of the image

  Image Entry point : 0x08000189

  Load Region LR_IROM1 (Base: 0x08000000, Size: 0x000041ec, Max: 0x00100000, ABSOLUTE)

    Execution Region ER_IROM1 (Exec base: 0x08000000, Load base: 0x08000000, Size: 0x000040f4, Max: 0x00100000, ABSOLUTE)

    Exec Addr    Load Addr    Size         Type   Attr      Idx    E Section Name        Object

    0x08000000   0x08000000   0x00000188   Data   RO         3711    RESET               startup_stm32f407xx.o
    0x08000188   0x08000188   0x00000000   Code   RO         3753  * .ARM.Collect$$$$00000000  mc_w.l(entry.o)
    0x08000188   0x08000188   0x00000004   Code   RO         4023    .ARM.Collect$$$$00000001  mc_w.l(entry2.o)
    0x0800018c   0x0800018c   0x00000004   Code   RO         4026    .ARM.Collect$$$$00000004  mc_w.l(entry5.o)
    0x08000190   0x08000190   0x00000000   Code   RO         4028    .ARM.Collect$$$$00000008  mc_w.l(entry7b.o)
    0x08000190   0x08000190   0x00000000   Code   RO         4030    .ARM.Collect$$$$0000000A  mc_w.l(entry8b.o)
    0x08000190   0x08000190   0x00000008   Code   RO         4031    .ARM.Collect$$$$0000000B  mc_w.l(entry9a.o)
    0x08000198   0x08000198   0x00000000   Code   RO         4033    .ARM.Collect$$$$0000000D  mc_w.l(entry10a.o)
    0x08000198   0x08000198   0x00000000   Code   RO         4035    .ARM.Collect$$$$0000000F  mc_w.l(entry11a.o)
    0x08000198   0x08000198   0x00000004   Code   RO         4024    .ARM.Collect$$$$00002712  mc_w.l(entry2.o)
    0x0800019c   0x0800019c   0x000000ba   Code   RO          533    .emb_text           port.o
    0x08000256   0x08000256   0x00000002   PAD
    0x08000258   0x08000258   0x00000024   Code   RO         3712    .text               startup_stm32f407xx.o
    0x0800027c   0x0800027c   0x00000024   Code   RO         3756    .text               mc_w.l(memcpya.o)
    0x080002a0   0x080002a0   0x00000026   Code   RO         4021    .text               mf_w.l(f2d.o)
    0x080002c6   0x080002c6   0x0000002c   Code   RO         4038    .text               mc_w.l(uidiv.o)
    0x080002f2   0x080002f2   0x00000062   Code   RO         4040    .text               mc_w.l(uldiv.o)
    0x08000354   0x08000354   0x00000000   Code   RO         4042    .text               mc_w.l(iusefp.o)
    0x08000354   0x08000354   0x0000014e   Code   RO         4043    .text               mf_w.l(dadd.o)
    0x080004a2   0x080004a2   0x000000e4   Code   RO         4045    .text               mf_w.l(dmul.o)
    0x08000586   0x08000586   0x000000de   Code   RO         4047    .text               mf_w.l(ddiv.o)
    0x08000664   0x08000664   0x00000030   Code   RO         4049    .text               mf_w.l(dfixul.o)
    0x08000694   0x08000694   0x00000030   Code   RO         4051    .text               mf_w.l(cdrcmple.o)
    0x080006c4   0x080006c4   0x00000024   Code   RO         4053    .text               mc_w.l(init.o)
    0x080006e8   0x080006e8   0x0000001e   Code   RO         4055    .text               mc_w.l(llshl.o)
    0x08000706   0x08000706   0x00000020   Code   RO         4057    .text               mc_w.l(llushr.o)
    0x08000726   0x08000726   0x00000024   Code   RO         4059    .text               mc_w.l(llsshr.o)
    0x0800074a   0x0800074a   0x000000ba   Code   RO         4061    .text               mf_w.l(depilogue.o)
    0x08000804   0x08000804   0x0000016c   Code   RO         3190    i.ADC_Init          stm32f4xx_hal_adc.o
    0x08000970   0x08000970   0x0000018c   Code   RO         3192    i.HAL_ADC_ConfigChannel  stm32f4xx_hal_adc.o
    0x08000afc   0x08000afc   0x00000008   Code   RO         3199    i.HAL_ADC_GetValue  stm32f4xx_hal_adc.o
    0x08000b04   0x08000b04   0x00000068   Code   RO         3201    i.HAL_ADC_Init      stm32f4xx_hal_adc.o
    0x08000b6c   0x08000b6c   0x00000002   Code   RO         3204    i.HAL_ADC_MspInit   stm32f4xx_hal_adc.o
    0x08000b6e   0x08000b6e   0x000000ba   Code   RO         3205    i.HAL_ADC_PollForConversion  stm32f4xx_hal_adc.o
    0x08000c28   0x08000c28   0x00000100   Code   RO         3207    i.HAL_ADC_Start     stm32f4xx_hal_adc.o
    0x08000d28   0x08000d28   0x00000048   Code   RO         3210    i.HAL_ADC_Stop      stm32f4xx_hal_adc.o
    0x08000d70   0x08000d70   0x00000200   Code   RO         2923    i.HAL_GPIO_Init     stm32f4xx_hal_gpio.o
    0x08000f70   0x08000f70   0x00000008   Code   RO         2926    i.HAL_GPIO_TogglePin  stm32f4xx_hal_gpio.o
    0x08000f78   0x08000f78   0x0000000c   Code   RO         2927    i.HAL_GPIO_WritePin  stm32f4xx_hal_gpio.o
    0x08000f84   0x08000f84   0x0000000c   Code   RO         1315    i.HAL_GetTick       stm32f4xx_hal.o
    0x08000f90   0x08000f90   0x00000010   Code   RO         1317    i.HAL_IncTick       stm32f4xx_hal.o
    0x08000fa0   0x08000fa0   0x0000003c   Code   RO         1318    i.HAL_Init          stm32f4xx_hal.o
    0x08000fdc   0x08000fdc   0x00000028   Code   RO         1319    i.HAL_InitTick      stm32f4xx_hal.o
    0x08001004   0x08001004   0x00000056   Code   RO         3589    i.HAL_MspInit       stm32f4xx_hal_msp.o
    0x0800105a   0x0800105a   0x0000007c   Code   RO         1691    i.HAL_NVIC_SetPriority  stm32f4xx_hal_cortex.o
    0x080010d6   0x080010d6   0x00000002   PAD
    0x080010d8   0x080010d8   0x00000028   Code   RO         1692    i.HAL_NVIC_SetPriorityGrouping  stm32f4xx_hal_cortex.o
    0x08001100   0x08001100   0x000001d0   Code   RO         1821    i.HAL_RCC_ClockConfig  stm32f4xx_hal_rcc.o
    0x080012d0   0x080012d0   0x0000000c   Code   RO         1826    i.HAL_RCC_GetHCLKFreq  stm32f4xx_hal_rcc.o
    0x080012dc   0x080012dc   0x000000b4   Code   RO         1830    i.HAL_RCC_GetSysClockFreq  stm32f4xx_hal_rcc.o
    0x08001390   0x08001390   0x0000044c   Code   RO         1833    i.HAL_RCC_OscConfig  stm32f4xx_hal_rcc.o
    0x080017dc   0x080017dc   0x00000028   Code   RO         1694    i.HAL_SYSTICK_CLKSourceConfig  stm32f4xx_hal_cortex.o
    0x08001804   0x08001804   0x00000034   Code   RO         1696    i.HAL_SYSTICK_Config  stm32f4xx_hal_cortex.o
    0x08001838   0x08001838   0x0000009c   Code   RO         3510    i.MX_ADC1_Init      main.o
    0x080018d4   0x080018d4   0x000002a0   Code   RO         3511    i.MX_GPIO_Init      main.o
    0x08001b74   0x08001b74   0x00000010   Code   RO         1698    i.NVIC_GetPriorityGrouping  stm32f4xx_hal_cortex.o
    0x08001b84   0x08001b84   0x00000028   Code   RO         1699    i.NVIC_SetPriority  stm32f4xx_hal_cortex.o
    0x08001bac   0x08001bac   0x00000058   Code   RO         3512    i.StartDefaultTask  main.o
    0x08001c04   0x08001c04   0x0000021c   Code   RO         3513    i.StartTask02       main.o
    0x08001e20   0x08001e20   0x00000038   Code   RO         3514    i.StartTask03       main.o
    0x08001e58   0x08001e58   0x0000000c   Code   RO         3468    i.SysTick_Handler   stm32f4xx_it.o
    0x08001e64   0x08001e64   0x000000e4   Code   RO         3515    i.SystemClock_Config  main.o
    0x08001f48   0x08001f48   0x00000064   Code   RO         3720    i.SystemInit        system_stm32f4xx.o
    0x08001fac   0x08001fac   0x00000004   Code   RO         3516    i._Error_Handler    main.o
    0x08001fb0   0x08001fb0   0x00000020   Code   RO         3993    i.__0printf         mc_w.l(printfa.o)
    0x08001fd0   0x08001fd0   0x0000000e   Code   RO         4065    i.__scatterload_copy  mc_w.l(handlers.o)
    0x08001fde   0x08001fde   0x00000002   Code   RO         4066    i.__scatterload_null  mc_w.l(handlers.o)
    0x08001fe0   0x08001fe0   0x0000000e   Code   RO         4067    i.__scatterload_zeroinit  mc_w.l(handlers.o)
    0x08001fee   0x08001fee   0x00000002   PAD
    0x08001ff0   0x08001ff0   0x00000184   Code   RO         4000    i._fp_digits        mc_w.l(printfa.o)
    0x08002174   0x08002174   0x000006dc   Code   RO         4001    i._printf_core      mc_w.l(printfa.o)
    0x08002850   0x08002850   0x00000024   Code   RO         4002    i._printf_post_padding  mc_w.l(printfa.o)
    0x08002874   0x08002874   0x0000002e   Code   RO         4003    i._printf_pre_padding  mc_w.l(printfa.o)
    0x080028a2   0x080028a2   0x00000002   PAD
    0x080028a4   0x080028a4   0x00000038   Code   RO         3613    i.fputc             fput_debug.o
    0x080028dc   0x080028dc   0x000000e4   Code   RO         3641    i.get_key           keypad.o
    0x080029c0   0x080029c0   0x00000010   Code   RO          139    i.inHandlerMode     cmsis_os.o
    0x080029d0   0x080029d0   0x0000003c   Code   RO         3642    i.init_keypad       keypad.o
    0x08002a0c   0x08002a0c   0x00000088   Code   RO         3517    i.main              main.o
    0x08002a94   0x08002a94   0x0000000e   Code   RO          141    i.makeFreeRtosPriority  cmsis_os.o
    0x08002aa2   0x08002aa2   0x00000018   Code   RO          143    i.osDelay           cmsis_os.o
    0x08002aba   0x08002aba   0x0000000a   Code   RO          146    i.osKernelStart     cmsis_os.o
    0x08002ac4   0x08002ac4   0x0000002c   Code   RO          172    i.osSemaphoreCreate  cmsis_os.o
    0x08002af0   0x08002af0   0x00000062   Code   RO          178    i.osSignalWait      cmsis_os.o
    0x08002b52   0x08002b52   0x00000010   Code   RO          179    i.osSystickHandler  cmsis_os.o
    0x08002b62   0x08002b62   0x00000030   Code   RO          180    i.osThreadCreate    cmsis_os.o
    0x08002b92   0x08002b92   0x00000002   PAD
    0x08002b94   0x08002b94   0x00000098   Code   RO          697    i.prvAddCurrentTaskToDelayedList  tasks.o
    0x08002c2c   0x08002c2c   0x000000b4   Code   RO          698    i.prvAddNewTaskToReadyList  tasks.o
    0x08002ce0   0x08002ce0   0x00000064   Code   RO          699    i.prvCheckTasksWaitingTermination  tasks.o
    0x08002d44   0x08002d44   0x0000007c   Code   RO          987    i.prvCopyDataToQueue  queue.o
    0x08002dc0   0x08002dc0   0x00000012   Code   RO          700    i.prvDeleteTCB      tasks.o
    0x08002dd2   0x08002dd2   0x00000002   PAD
    0x08002dd4   0x08002dd4   0x0000007c   Code   RO           76    i.prvHeapInit       heap_4.o
    0x08002e50   0x08002e50   0x00000028   Code   RO          701    i.prvIdleTask       tasks.o
    0x08002e78   0x08002e78   0x00000026   Code   RO          989    i.prvInitialiseNewQueue  queue.o
    0x08002e9e   0x08002e9e   0x000000aa   Code   RO          702    i.prvInitialiseNewTask  tasks.o
    0x08002f48   0x08002f48   0x00000068   Code   RO          703    i.prvInitialiseTaskLists  tasks.o
    0x08002fb0   0x08002fb0   0x00000068   Code   RO           77    i.prvInsertBlockIntoFreeList  heap_4.o
    0x08003018   0x08003018   0x0000001e   Code   RO          991    i.prvIsQueueFull    queue.o
    0x08003036   0x08003036   0x00000002   PAD
    0x08003038   0x08003038   0x00000034   Code   RO          704    i.prvResetNextTaskUnblockTime  tasks.o
    0x0800306c   0x0800306c   0x00000040   Code   RO          534    i.prvTaskExitError  port.o
    0x080030ac   0x080030ac   0x0000007e   Code   RO          992    i.prvUnlockQueue    queue.o
    0x0800312a   0x0800312a   0x00000002   PAD
    0x0800312c   0x0800312c   0x0000013c   Code   RO           78    i.pvPortMalloc      heap_4.o
    0x08003268   0x08003268   0x0000002c   Code   RO          535    i.pxPortInitialiseStack  port.o
    0x08003294   0x08003294   0x0000005c   Code   RO         3518    i.update_voltage    main.o
    0x080032f0   0x080032f0   0x00000028   Code   RO            1    i.uxListRemove      list.o
    0x08003318   0x08003318   0x0000001a   Code   RO            2    i.vListInitialise   list.o
    0x08003332   0x08003332   0x00000006   Code   RO            3    i.vListInitialiseItem  list.o
    0x08003338   0x08003338   0x00000034   Code   RO            4    i.vListInsert       list.o
    0x0800336c   0x0800336c   0x00000018   Code   RO            5    i.vListInsertEnd    list.o
    0x08003384   0x08003384   0x00000054   Code   RO          537    i.vPortEnterCritical  port.o
    0x080033d8   0x080033d8   0x0000003c   Code   RO          538    i.vPortExitCritical  port.o
    0x08003414   0x08003414   0x00000094   Code   RO           79    i.vPortFree         heap_4.o
    0x080034a8   0x080034a8   0x00000020   Code   RO          539    i.vPortSetupTimerInterrupt  port.o
    0x080034c8   0x080034c8   0x0000005c   Code   RO          712    i.vTaskDelay        tasks.o
    0x08003524   0x08003524   0x0000000c   Code   RO          715    i.vTaskMissedYield  tasks.o
    0x08003530   0x08003530   0x00000038   Code   RO          717    i.vTaskPlaceOnEventList  tasks.o
    0x08003568   0x08003568   0x00000030   Code   RO          722    i.vTaskSetTimeOutState  tasks.o
    0x08003598   0x08003598   0x00000088   Code   RO          723    i.vTaskStartScheduler  tasks.o
    0x08003620   0x08003620   0x00000010   Code   RO          725    i.vTaskSuspendAll   tasks.o
    0x08003630   0x08003630   0x0000008c   Code   RO          726    i.vTaskSwitchContext  tasks.o
    0x080036bc   0x080036bc   0x0000013c   Code   RO          541    i.xPortStartScheduler  port.o
    0x080037f8   0x080037f8   0x00000034   Code   RO          542    i.xPortSysTickHandler  port.o
    0x0800382c   0x0800382c   0x00000058   Code   RO         1000    i.xQueueGenericCreate  queue.o
    0x08003884   0x08003884   0x00000098   Code   RO         1002    i.xQueueGenericReset  queue.o
    0x0800391c   0x0800391c   0x000001a8   Code   RO         1003    i.xQueueGenericSend  queue.o
    0x08003ac4   0x08003ac4   0x0000008c   Code   RO          727    i.xTaskCheckForTimeOut  tasks.o
    0x08003b50   0x08003b50   0x00000060   Code   RO          728    i.xTaskCreate       tasks.o
    0x08003bb0   0x08003bb0   0x00000020   Code   RO          732    i.xTaskGetSchedulerState  tasks.o
    0x08003bd0   0x08003bd0   0x00000148   Code   RO          735    i.xTaskIncrementTick  tasks.o
    0x08003d18   0x08003d18   0x000000a0   Code   RO          737    i.xTaskNotifyWait   tasks.o
    0x08003db8   0x08003db8   0x000000c8   Code   RO          738    i.xTaskPriorityDisinherit  tasks.o
    0x08003e80   0x08003e80   0x00000098   Code   RO          739    i.xTaskRemoveFromEventList  tasks.o
    0x08003f18   0x08003f18   0x00000104   Code   RO          741    i.xTaskResumeAll    tasks.o
    0x0800401c   0x0800401c   0x0000003c   Data   RO         3520    .constdata          main.o
    0x08004058   0x08004058   0x00000040   Data   RO         3643    .constdata          keypad.o
    0x08004098   0x08004098   0x00000018   Data   RO         3721    .constdata          system_stm32f4xx.o
    0x080040b0   0x080040b0   0x00000024   Data   RO         3521    .conststring        main.o
    0x080040d4   0x080040d4   0x00000020   Data   RO         4063    Region$$Table       anon$$obj.o


    Execution Region RW_IRAM1 (Exec base: 0x20000000, Load base: 0x080040f4, Size: 0x00004270, Max: 0x00020000, ABSOLUTE)

    Exec Addr    Load Addr    Size         Type   Attr      Idx    E Section Name        Object

    0x20000000   0x080040f4   0x00000018   Data   RW           84    .data               heap_4.o
    0x20000018   0x0800410c   0x0000000c   Data   RW          543    .data               port.o
    0x20000024   0x08004118   0x0000003c   Data   RW          744    .data               tasks.o
    0x20000060   0x08004154   0x00000004   Data   RW         1324    .data               stm32f4xx_hal.o
    0x20000064   0x08004158   0x0000007c   Data   RW         3522    .data               main.o
    0x200000e0   0x080041d4   0x00000010   Data   RW         3644    .data               keypad.o
    0x200000f0   0x080041e4   0x00000004   Data   RW         3722    .data               system_stm32f4xx.o
    0x200000f4   0x080041e8   0x00000004   Data   RW         4037    .data               mc_w.l(stdout.o)
    0x200000f8        -       0x00003c00   Zero   RW           83    .bss                heap_4.o
    0x20003cf8        -       0x000000f0   Zero   RW          743    .bss                tasks.o
    0x20003de8        -       0x00000084   Zero   RW         3519    .bss                main.o
    0x20003e6c   0x080041ec   0x00000004   PAD
    0x20003e70        -       0x00000400   Zero   RW         3709    STACK               startup_stm32f407xx.o


==============================================================================

Image component sizes


      Code (inc. data)   RO Data    RW Data    ZI Data      Debug   Object Name

       270          0          0          0          0      24433   cmsis_os.o
         0          0          0          0          0       8196   event_groups.o
        56          4          0          0          0      27395   fput_debug.o
       692         62          0         24      15360       7667   heap_4.o
       288         32         64         16          0       2198   keypad.o
       148          0          0          0          0      17330   list.o
      1972        316         96        124        132       8631   main.o
       838         78          0         12          0      11624   port.o
       982         10          0          0          0       8607   queue.o
        36          8        392          0       1024        852   startup_stm32f407xx.o
       128         20          0          4          0       4111   stm32f4xx_hal.o
      1388         48          0          0          0       6747   stm32f4xx_hal_adc.o
       312         22          0          0          0      31164   stm32f4xx_hal_cortex.o
         0          0          0          0          0     649900   stm32f4xx_hal_flash_ramfunc.o
       532         46          0          0          0       3113   stm32f4xx_hal_gpio.o
        86          0          0          0          0        558   stm32f4xx_hal_msp.o
      1756         64          0          0          0       4538   stm32f4xx_hal_rcc.o
        12          0          0          0          0       4046   stm32f4xx_it.o
       100         18         24          4          0       1299   system_stm32f4xx.o
      2684        350          0         60        240      23382   tasks.o
         0          0          0          0          0       2900   timers.o

    ----------------------------------------------------------------------
     12292       1078        608        244      16760     848691   Object Totals
         0          0         32          0          0          0   (incl. Generated)
        12          0          0          0          4          0   (incl. Padding)

    ----------------------------------------------------------------------

      Code (inc. data)   RO Data    RW Data    ZI Data      Debug   Library Member Name

         0          0          0          0          0          0   entry.o
         0          0          0          0          0          0   entry10a.o
         0          0          0          0          0          0   entry11a.o
         8          4          0          0          0          0   entry2.o
         4          0          0          0          0          0   entry5.o
         0          0          0          0          0          0   entry7b.o
         0          0          0          0          0          0   entry8b.o
         8          4          0          0          0          0   entry9a.o
        30          0          0          0          0          0   handlers.o
        36          8          0          0          0         68   init.o
         0          0          0          0          0          0   iusefp.o
        30          0          0          0          0         68   llshl.o
        36          0          0          0          0         68   llsshr.o
        32          0          0          0          0         68   llushr.o
        36          0          0          0          0         68   memcpya.o
      2258         90          0          0          0        452   printfa.o
         0          0          0          4          0          0   stdout.o
        44          0          0          0          0         80   uidiv.o
        98          0          0          0          0         92   uldiv.o
        48          0          0          0          0         68   cdrcmple.o
       334          0          0          0          0        148   dadd.o
       222          0          0          0          0        100   ddiv.o
       186          0          0          0          0        176   depilogue.o
        48          0          0          0          0         68   dfixul.o
       228          0          0          0          0         96   dmul.o
        38          0          0          0          0         68   f2d.o

    ----------------------------------------------------------------------
      3728        106          0          4          0       1688   Library Totals
         4          0          0          0          0          0   (incl. Padding)

    ----------------------------------------------------------------------

      Code (inc. data)   RO Data    RW Data    ZI Data      Debug   Library Name

      2620        106          0          4          0        964   mc_w.l
      1104          0          0          0          0        724   mf_w.l

    ----------------------------------------------------------------------
      3728        106          0          4          0       1688   Library Totals

    ----------------------------------------------------------------------

==============================================================================


      Code (inc. data)   RO Data    RW Data    ZI Data      Debug   

     16020       1184        608        248      16760     840751   Grand Totals
     16020       1184        608        248      16760     840751   ELF Image Totals
     16020       1184        608        248          0          0   ROM Totals

==============================================================================

    Total RO  Size (Code + RO Data)                16628 (  16.24kB)
    Total RW  Size (RW Data + ZI Data)             17008 (  16.61kB)
    Total ROM Size (Code + RO Data + RW Data)      16876 (  16.48kB)

==============================================================================

