<html>
<body>
<pre>
<h1>µVision Build Log</h1>
<h2>Tool Versions:</h2>
IDE-Version: µVision V5.24.2.0
Copyright (C) 2017 ARM Ltd and ARM Germany GmbH. All rights reserved.
License Information: Isaac Chan, McGill University, LIC=----
 
Tool Versions:
Toolchain:       MDK-Lite  Version: 5.24.1
Toolchain Path:  C:\Keil_v5\ARM\ARMCC\Bin
C Compiler:      Armcc.exe V5.06 update 5 (build 528)
Assembler:       Armasm.exe V5.06 update 5 (build 528)
Linker/Locator:  ArmLink.exe V5.06 update 5 (build 528)
Library Manager: ArmAr.exe V5.06 update 5 (build 528)
Hex Converter:   FromElf.exe V5.06 update 5 (build 528)
CPU DLL:         SARMCM3.DLL V5.24.1
Dialog DLL:      DCM.DLL V1.16.0.0
Target DLL:      STLink\ST-LINKIII-KEIL_SWO.dll V3.0.1.0
Dialog DLL:      TCM.DLL V1.32.0.0
 
<h2>Project:</h2>
C:\Users\Isaac Chan\Documents\426NewL4\ECSE_426\LAB4\LAB4_Example_FreeRTOS\LAB4\LAB4\MDK-ARM\LAB4.uvprojx
Project File Date:  03/15/2018

<h2>Output:</h2>
*** Using Compiler 'V5.06 update 5 (build 528)', folder: 'C:\Keil_v5\ARM\ARMCC\Bin'
Build target 'LAB4'
compiling main.c...
../Src/LED.h(22): warning:  #1-D: last line of file ends without a newline
  void reset_display();
../Src/LED.h(22): warning:  #1295-D: Deprecated declaration reset_display - give arg types
  void reset_display();
../Src/main.c(230): warning:  #1035-D: single-precision operand implicitly converted to double-precision
  			rms_counter = rms_counter + 1.0;
../Src/main.c(710): warning:  #1035-D: single-precision operand implicitly converted to double-precision
  	if(duty_cycle < 0.0) duty_cycle = 0.0;
../Src/main.c(711): warning:  #1035-D: single-precision operand implicitly converted to double-precision
  	else if(duty_cycle > 1.0) duty_cycle = 1.0;
../Src/main.c: 5 warnings, 0 errors
linking...
Program Size: Code=20768 RO-data=608 RW-data=260 ZI-data=16820  
"LAB4\LAB4.axf" - 0 Error(s), 5 Warning(s).

<h2>Software Packages used:</h2>

Package Vendor: ARM
                http://www.keil.com/pack/ARM.CMSIS.5.2.0.pack
                ARM.CMSIS.5.2.0
                CMSIS (Cortex Microcontroller Software Interface Standard)
   * Component: CORE Version: 5.0.2

Package Vendor: Keil
                http://www.keil.com/pack/Keil.STM32F4xx_DFP.2.11.0.pack
                Keil.STM32F4xx_DFP.2.11.0
                STMicroelectronics STM32F4 Series Device Support, Drivers and Examples

<h2>Collection of Component include folders:</h2>
  .\RTE\_LAB4
  C:\Keil_v5\ARM\PACK\ARM\CMSIS\5.2.0\CMSIS\Include
  C:\Keil_v5\ARM\PACK\Keil\STM32F4xx_DFP\2.11.0\Drivers\CMSIS\Device\ST\STM32F4xx\Include

<h2>Collection of Component Files used:</h2>

   * Component: ARM::CMSIS:CORE:5.0.2
Build Time Elapsed:  00:00:03
</pre>
</body>
</html>
