Component: ARM Compiler 5.06 update 5 (build 528) Tool: armlink [4d35e2]

==============================================================================

Section Cross References

    startup_stm32f407xx.o(RESET) refers to startup_stm32f407xx.o(STACK) for __initial_sp
    startup_stm32f407xx.o(RESET) refers to startup_stm32f407xx.o(.text) for Reset_Handler
    startup_stm32f407xx.o(RESET) refers to port.o(.emb_text) for SVC_Handler
    startup_stm32f407xx.o(RESET) refers to stm32f4xx_it.o(i.SysTick_Handler) for SysTick_Handler
    startup_stm32f407xx.o(RESET) refers to stm32f4xx_it.o(i.ADC_IRQHandler) for ADC_IRQHandler
    startup_stm32f407xx.o(RESET) refers to stm32f4xx_it.o(i.TIM1_UP_TIM10_IRQHandler) for TIM1_UP_TIM10_IRQHandler
    startup_stm32f407xx.o(RESET) refers to stm32f4xx_it.o(i.OTG_FS_IRQHandler) for OTG_FS_IRQHandler
    startup_stm32f407xx.o(.text) refers to system_stm32f4xx.o(i.SystemInit) for SystemInit
    startup_stm32f407xx.o(.text) refers to entry.o(.ARM.Collect$$$$00000000) for __main
    stm32f4xx_hal_spi.o(i.HAL_SPI_Abort) refers to stm32f4xx_hal_dma.o(i.HAL_DMA_Abort) for HAL_DMA_Abort
    stm32f4xx_hal_spi.o(i.HAL_SPI_Abort) refers to system_stm32f4xx.o(.data) for SystemCoreClock
    stm32f4xx_hal_spi.o(i.HAL_SPI_Abort) refers to stm32f4xx_hal_spi.o(i.SPI_AbortTx_ISR) for SPI_AbortTx_ISR
    stm32f4xx_hal_spi.o(i.HAL_SPI_Abort) refers to stm32f4xx_hal_spi.o(i.SPI_AbortRx_ISR) for SPI_AbortRx_ISR
    stm32f4xx_hal_spi.o(i.HAL_SPI_Abort_IT) refers to stm32f4xx_hal_dma.o(i.HAL_DMA_Abort_IT) for HAL_DMA_Abort_IT
    stm32f4xx_hal_spi.o(i.HAL_SPI_Abort_IT) refers to stm32f4xx_hal_spi.o(i.HAL_SPI_AbortCpltCallback) for HAL_SPI_AbortCpltCallback
    stm32f4xx_hal_spi.o(i.HAL_SPI_Abort_IT) refers to stm32f4xx_hal_spi.o(i.SPI_AbortTx_ISR) for SPI_AbortTx_ISR
    stm32f4xx_hal_spi.o(i.HAL_SPI_Abort_IT) refers to stm32f4xx_hal_spi.o(i.SPI_AbortRx_ISR) for SPI_AbortRx_ISR
    stm32f4xx_hal_spi.o(i.HAL_SPI_Abort_IT) refers to stm32f4xx_hal_spi.o(i.SPI_DMATxAbortCallback) for SPI_DMATxAbortCallback
    stm32f4xx_hal_spi.o(i.HAL_SPI_Abort_IT) refers to stm32f4xx_hal_spi.o(i.SPI_DMARxAbortCallback) for SPI_DMARxAbortCallback
    stm32f4xx_hal_spi.o(i.HAL_SPI_DMAStop) refers to stm32f4xx_hal_dma.o(i.HAL_DMA_Abort) for HAL_DMA_Abort
    stm32f4xx_hal_spi.o(i.HAL_SPI_DeInit) refers to stm32f4xx_hal_msp.o(i.HAL_SPI_MspDeInit) for HAL_SPI_MspDeInit
    stm32f4xx_hal_spi.o(i.HAL_SPI_IRQHandler) refers to stm32f4xx_hal_dma.o(i.HAL_DMA_Abort_IT) for HAL_DMA_Abort_IT
    stm32f4xx_hal_spi.o(i.HAL_SPI_IRQHandler) refers to stm32f4xx_hal_spi.o(i.HAL_SPI_ErrorCallback) for HAL_SPI_ErrorCallback
    stm32f4xx_hal_spi.o(i.HAL_SPI_IRQHandler) refers to stm32f4xx_hal_spi.o(i.SPI_DMAAbortOnError) for SPI_DMAAbortOnError
    stm32f4xx_hal_spi.o(i.HAL_SPI_Init) refers to stm32f4xx_hal_msp.o(i.HAL_SPI_MspInit) for HAL_SPI_MspInit
    stm32f4xx_hal_spi.o(i.HAL_SPI_Receive) refers to stm32f4xx_hal.o(i.HAL_GetTick) for HAL_GetTick
    stm32f4xx_hal_spi.o(i.HAL_SPI_Receive) refers to stm32f4xx_hal_spi.o(i.HAL_SPI_TransmitReceive) for HAL_SPI_TransmitReceive
    stm32f4xx_hal_spi.o(i.HAL_SPI_Receive_DMA) refers to stm32f4xx_hal_spi.o(i.HAL_SPI_TransmitReceive_DMA) for HAL_SPI_TransmitReceive_DMA
    stm32f4xx_hal_spi.o(i.HAL_SPI_Receive_DMA) refers to stm32f4xx_hal_dma.o(i.HAL_DMA_Start_IT) for HAL_DMA_Start_IT
    stm32f4xx_hal_spi.o(i.HAL_SPI_Receive_DMA) refers to stm32f4xx_hal_spi.o(i.SPI_DMAHalfReceiveCplt) for SPI_DMAHalfReceiveCplt
    stm32f4xx_hal_spi.o(i.HAL_SPI_Receive_DMA) refers to stm32f4xx_hal_spi.o(i.SPI_DMAReceiveCplt) for SPI_DMAReceiveCplt
    stm32f4xx_hal_spi.o(i.HAL_SPI_Receive_DMA) refers to stm32f4xx_hal_spi.o(i.SPI_DMAError) for SPI_DMAError
    stm32f4xx_hal_spi.o(i.HAL_SPI_Receive_IT) refers to stm32f4xx_hal_spi.o(i.HAL_SPI_TransmitReceive_IT) for HAL_SPI_TransmitReceive_IT
    stm32f4xx_hal_spi.o(i.HAL_SPI_Receive_IT) refers to stm32f4xx_hal_spi.o(i.SPI_RxISR_16BIT) for SPI_RxISR_16BIT
    stm32f4xx_hal_spi.o(i.HAL_SPI_Receive_IT) refers to stm32f4xx_hal_spi.o(i.SPI_RxISR_8BIT) for SPI_RxISR_8BIT
    stm32f4xx_hal_spi.o(i.HAL_SPI_Transmit) refers to stm32f4xx_hal.o(i.HAL_GetTick) for HAL_GetTick
    stm32f4xx_hal_spi.o(i.HAL_SPI_Transmit) refers to stm32f4xx_hal_spi.o(i.SPI_WaitFlagStateUntilTimeout) for SPI_WaitFlagStateUntilTimeout
    stm32f4xx_hal_spi.o(i.HAL_SPI_Transmit) refers to stm32f4xx_hal_spi.o(i.SPI_CheckFlag_BSY) for SPI_CheckFlag_BSY
    stm32f4xx_hal_spi.o(i.HAL_SPI_TransmitReceive) refers to stm32f4xx_hal.o(i.HAL_GetTick) for HAL_GetTick
    stm32f4xx_hal_spi.o(i.HAL_SPI_TransmitReceive) refers to stm32f4xx_hal_spi.o(i.SPI_WaitFlagStateUntilTimeout) for SPI_WaitFlagStateUntilTimeout
    stm32f4xx_hal_spi.o(i.HAL_SPI_TransmitReceive) refers to stm32f4xx_hal_spi.o(i.SPI_CheckFlag_BSY) for SPI_CheckFlag_BSY
    stm32f4xx_hal_spi.o(i.HAL_SPI_TransmitReceive_DMA) refers to stm32f4xx_hal_dma.o(i.HAL_DMA_Start_IT) for HAL_DMA_Start_IT
[...]
    .bss                                     0x20000948   Section    15360  heap_4.o(.bss)
    ucHeap                                   0x20000948   Data       15360  heap_4.o(.bss)
    .bss                                     0x20004548   Section      240  tasks.o(.bss)
    pxReadyTasksLists                        0x20004548   Data         140  tasks.o(.bss)
    xDelayedTaskList1                        0x200045d4   Data          20  tasks.o(.bss)
    xDelayedTaskList2                        0x200045e8   Data          20  tasks.o(.bss)
    xPendingReadyList                        0x200045fc   Data          20  tasks.o(.bss)
    xTasksWaitingTermination                 0x20004610   Data          20  tasks.o(.bss)
    xSuspendedTaskList                       0x20004624   Data          20  tasks.o(.bss)
    HEAP                                     0x20004638   Section      512  startup_stm32f407xx.o(HEAP)
    STACK                                    0x20004838   Section     1024  startup_stm32f407xx.o(STACK)

    Global Symbols

    Symbol Name                              Value     Ov Type        Size  Object(Section)

    BuildAttributes$$THM_ISAv4$E$P$D$K$B$S$7EM$VFPi3$EXTD16$VFPS$VFMA$PE$A:L22UL41UL21$X:L11$S22US41US21$IEEE1$IW$USESV6$~STKCKD$USESV7$~SHL$OTIME$ROPI$IEEEJ$EBA8$MICROLIB$REQ8$PRES8$EABIv2 0x00000000   Number         0  anon$$obj.o ABSOLUTE
    __ARM_use_no_argv                        0x00000000   Number         0  main.o ABSOLUTE
    _printf_a                                0x00000000   Number         0  stubs.o ABSOLUTE
    _printf_c                                0x00000000   Number         0  stubs.o ABSOLUTE
    _printf_charcount                        0x00000000   Number         0  stubs.o ABSOLUTE
    _printf_d                                0x00000000   Number         0  stubs.o ABSOLUTE
    _printf_e                                0x00000000   Number         0  stubs.o ABSOLUTE
    _printf_f                                0x00000000   Number         0  stubs.o ABSOLUTE
    _printf_flags                            0x00000000   Number         0  stubs.o ABSOLUTE
    _printf_fp_dec                           0x00000000   Number         0  stubs.o ABSOLUTE
    _printf_fp_hex                           0x00000000   Number         0  stubs.o ABSOLUTE
    _printf_g                                0x00000000   Number         0  stubs.o ABSOLUTE
    _printf_i                                0x00000000   Number         0  stubs.o ABSOLUTE
    _printf_int_dec                          0x00000000   Number         0  stubs.o ABSOLUTE
    _printf_l                                0x00000000   Number         0  stubs.o ABSOLUTE
    _printf_lc                               0x00000000   Number         0  stubs.o ABSOLUTE
    _printf_ll                               0x00000000   Number         0  stubs.o ABSOLUTE
    _printf_lld                              0x00000000   Number         0  stubs.o ABSOLUTE
    _printf_lli                              0x00000000   Number         0  stubs.o ABSOLUTE
    _printf_llo                              0x00000000   Number         0  stubs.o ABSOLUTE
    _printf_llu                              0x00000000   Number         0  stubs.o ABSOLUTE
    _printf_llx                              0x00000000   Number         0  stubs.o ABSOLUTE
    _printf_longlong_dec                     0x00000000   Number         0  stubs.o ABSOLUTE
    _printf_longlong_hex                     0x00000000   Number         0  stubs.o ABSOLUTE
    _printf_longlong_oct                     0x00000000   Number         0  stubs.o ABSOLUTE
    _printf_ls                               0x00000000   Number         0  stubs.o ABSOLUTE
    _printf_mbtowc                           0x00000000   Number         0  stubs.o ABSOLUTE
    _printf_n                                0x00000000   Number         0  stubs.o ABSOLUTE
    _printf_o                                0x00000000   Number         0  stubs.o ABSOLUTE
    _printf_p                                0x00000000   Number         0  stubs.o ABSOLUTE
    _printf_percent                          0x00000000   Number         0  stubs.o ABSOLUTE
    _printf_pre_padding                      0x00000000   Number         0  stubs.o ABSOLUTE
    _printf_return_value                     0x00000000   Number         0  stubs.o ABSOLUTE
    _printf_s                                0x00000000   Number         0  stubs.o ABSOLUTE
    _printf_sizespec                         0x00000000   Number         0  stubs.o ABSOLUTE
    _printf_str                              0x00000000   Number         0  stubs.o ABSOLUTE
    _printf_truncate_signed                  0x00000000   Number         0  stubs.o ABSOLUTE
    _printf_truncate_unsigned                0x00000000   Number         0  stubs.o ABSOLUTE
    _printf_u                                0x00000000   Number         0  stubs.o ABSOLUTE
    _printf_wc                               0x00000000   Number         0  stubs.o ABSOLUTE
    _printf_wctomb                           0x00000000   Number         0  stubs.o ABSOLUTE
    _printf_widthprec                        0x00000000   Number         0  stubs.o ABSOLUTE
    _printf_x                                0x00000000   Number         0  stubs.o ABSOLUTE
    __cpp_initialize__aeabi_                  - Undefined Weak Reference
    __cxa_finalize                            - Undefined Weak Reference
    __decompress                              - Undefined Weak Reference
    _clock_init                               - Undefined Weak Reference
    _microlib_exit                            - Undefined Weak Reference
    __Vectors_Size                           0x00000188   Number         0  startup_stm32f407xx.o ABSOLUTE
    __Vectors                                0x08000000   Data           4  startup_stm32f407xx.o(RESET)
    __Vectors_End                            0x08000188   Data           0  startup_stm32f407xx.o(RESET)
    __main                                   0x08000189   Thumb Code     0  entry.o(.ARM.Collect$$$$00000000)
    _main_stk                                0x08000189   Thumb Code     0  entry2.o(.ARM.Collect$$$$00000001)
    _main_scatterload                        0x0800018d   Thumb Code     0  entry5.o(.ARM.Collect$$$$00000004)
    __main_after_scatterload                 0x08000191   Thumb Code     0  entry5.o(.ARM.Collect$$$$00000004)
    _main_clock                              0x08000191   Thumb Code     0  entry7b.o(.ARM.Collect$$$$00000008)
    _main_cpp_init                           0x08000191   Thumb Code     0  entry8b.o(.ARM.Collect$$$$0000000A)
    _main_init                               0x08000191   Thumb Code     0  entry9a.o(.ARM.Collect$$$$0000000B)
    __rt_final_cpp                           0x08000199   Thumb Code     0  entry10a.o(.ARM.Collect$$$$0000000D)
    __rt_final_exit                          0x08000199   Thumb Code     0  entry11a.o(.ARM.Collect$$$$0000000F)
    SVC_Handler                              0x0800019d   Thumb Code    28  port.o(.emb_text)
    __asm___6_port_c_39a90d8d__prvStartFirstTask 0x080001bd   Thumb Code    28  port.o(.emb_text)
    __asm___6_port_c_39a90d8d__prvEnableVFP  0x080001dd   Thumb Code    16  port.o(.emb_text)
    PendSV_Handler                           0x080001f1   Thumb Code    92  port.o(.emb_text)
    vPortGetIPSR                             0x08000251   Thumb Code     6  port.o(.emb_text)
    Reset_Handler                            0x08000259   Thumb Code     8  startup_stm32f407xx.o(.text)
    NMI_Handler                              0x08000261   Thumb Code     2  startup_stm32f407xx.o(.text)
    HardFault_Handler                        0x08000263   Thumb Code     2  startup_stm32f407xx.o(.text)
    MemManage_Handler                        0x08000265   Thumb Code     2  startup_stm32f407xx.o(.text)
    BusFault_Handler                         0x08000267   Thumb Code     2  startup_stm32f407xx.o(.text)
    UsageFault_Handler                       0x08000269   Thumb Code     2  startup_stm32f407xx.o(.text)
    DebugMon_Handler                         0x0800026d   Thumb Code     2  startup_stm32f407xx.o(.text)
    CAN1_RX0_IRQHandler                      0x08000273   Thumb Code     0  startup_stm32f407xx.o(.text)
    CAN1_RX1_IRQHandler                      0x08000273   Thumb Code     0  startup_stm32f407xx.o(.text)
    CAN1_SCE_IRQHandler                      0x08000273   Thumb Code     0  startup_stm32f407xx.o(.text)
    CAN1_TX_IRQHandler                       0x08000273   Thumb Code     0  startup_stm32f407xx.o(.text)
    CAN2_RX0_IRQHandler                      0x08000273   Thumb Code     0  startup_stm32f407xx.o(.text)
    CAN2_RX1_IRQHandler                      0x08000273   Thumb Code     0  startup_stm32f407xx.o(.text)
    CAN2_SCE_IRQHandler                      0x08000273   Thumb Code     0  startup_stm32f407xx.o(.text)
    CAN2_TX_IRQHandler                       0x08000273   Thumb Code     0  startup_stm32f407xx.o(.text)
    DCMI_IRQHandler                          0x08000273   Thumb Code     0  startup_stm32f407xx.o(.text)
    DMA1_Stream0_IRQHandler                  0x08000273   Thumb Code     0  startup_stm32f407xx.o(.text)
    DMA1_Stream1_IRQHandler                  0x08000273   Thumb Code     0  startup_stm32f407xx.o(.text)
    DMA1_Stream2_IRQHandler                  0x08000273   Thumb Code     0  startup_stm32f407xx.o(.text)
    DMA1_Stream3_IRQHandler                  0x08000273   Thumb Code     0  startup_stm32f407xx.o(.text)
    DMA1_Stream4_IRQHandler                  0x08000273   Thumb Code     0  startup_stm32f407xx.o(.text)
    DMA1_Stream5_IRQHandler                  0x08000273   Thumb Code     0  startup_stm32f407xx.o(.text)
    DMA1_Stream6_IRQHandler                  0x08000273   Thumb Code     0  startup_stm32f407xx.o(.text)
    DMA1_Stream7_IRQHandler                  0x08000273   Thumb Code     0  startup_stm32f407xx.o(.text)
    DMA2_Stream0_IRQHandler                  0x08000273   Thumb Code     0  startup_stm32f407xx.o(.text)
    DMA2_Stream1_IRQHandler                  0x08000273   Thumb Code     0  startup_stm32f407xx.o(.text)
    DMA2_Stream2_IRQHandler                  0x08000273   Thumb Code     0  startup_stm32f407xx.o(.text)
    DMA2_Stream3_IRQHandler                  0x08000273   Thumb Code     0  startup_stm32f407xx.o(.text)
    DMA2_Stream4_IRQHandler                  0x08000273   Thumb Code     0  startup_stm32f407xx.o(.text)
    DMA2_Stream5_IRQHandler                  0x08000273   Thumb Code     0  startup_stm32f407xx.o(.text)
    DMA2_Stream6_IRQHandler                  0x08000273   Thumb Code     0  startup_stm32f407xx.o(.text)
    DMA2_Stream7_IRQHandler                  0x08000273   Thumb Code     0  startup_stm32f407xx.o(.text)
    ETH_IRQHandler                           0x08000273   Thumb Code     0  startup_stm32f407xx.o(.text)
    ETH_WKUP_IRQHandler                      0x08000273   Thumb Code     0  startup_stm32f407xx.o(.text)
    EXTI0_IRQHandler                         0x08000273   Thumb Code     0  startup_stm32f407xx.o(.text)
    EXTI15_10_IRQHandler                     0x08000273   Thumb Code     0  startup_stm32f407xx.o(.text)
    EXTI1_IRQHandler                         0x08000273   Thumb Code     0  startup_stm32f407xx.o(.text)
    EXTI2_IRQHandler                         0x08000273   Thumb Code     0  startup_stm32f407xx.o(.text)
    EXTI3_IRQHandler                         0x08000273   Thumb Code     0  startup_stm32f407xx.o(.text)
    EXTI4_IRQHandler                         0x08000273   Thumb Code     0  startup_stm32f407xx.o(.text)
    EXTI9_5_IRQHandler                       0x08000273   Thumb Code     0  startup_stm32f407xx.o(.text)
    FLASH_IRQHandler                         0x08000273   Thumb Code     0  startup_stm32f407xx.o(.text)
    FMC_IRQHandler                           0x08000273   Thumb Code     0  startup_stm32f407xx.o(.text)
    FPU_IRQHandler                           0x08000273   Thumb Code     0  startup_stm32f407xx.o(.text)
    HASH_RNG_IRQHandler                      0x08000273   Thumb Code     0  startup_stm32f407xx.o(.text)
    I2C1_ER_IRQHandler                       0x08000273   Thumb Code     0  startup_stm32f407xx.o(.text)
    I2C1_EV_IRQHandler                       0x08000273   Thumb Code     0  startup_stm32f407xx.o(.text)
    I2C2_ER_IRQHandler                       0x08000273   Thumb Code     0  startup_stm32f407xx.o(.text)
    I2C2_EV_IRQHandler                       0x08000273   Thumb Code     0  startup_stm32f407xx.o(.text)
    I2C3_ER_IRQHandler                       0x08000273   Thumb Code     0  startup_stm32f407xx.o(.text)
    I2C3_EV_IRQHandler                       0x08000273   Thumb Code     0  startup_stm32f407xx.o(.text)
    OTG_FS_WKUP_IRQHandler                   0x08000273   Thumb Code     0  startup_stm32f407xx.o(.text)
    OTG_HS_EP1_IN_IRQHandler                 0x08000273   Thumb Code     0  startup_stm32f407xx.o(.text)
    OTG_HS_EP1_OUT_IRQHandler                0x08000273   Thumb Code     0  startup_stm32f407xx.o(.text)
    OTG_HS_IRQHandler                        0x08000273   Thumb Code     0  startup_stm32f407xx.o(.text)
    OTG_HS_WKUP_IRQHandler                   0x08000273   Thumb Code     0  startup_stm32f407xx.o(.text)
    PVD_IRQHandler                           0x08000273   Thumb Code     0  startup_stm32f407xx.o(.text)
    RCC_IRQHandler                           0x08000273   Thumb Code     0  startup_stm32f407xx.o(.text)
    RTC_Alarm_IRQHandler                     0x08000273   Thumb Code     0  startup_stm32f407xx.o(.text)
    RTC_WKUP_IRQHandler                      0x08000273   Thumb Code     0  startup_stm32f407xx.o(.text)
    SDIO_IRQHandler                          0x08000273   Thumb Code     0  startup_stm32f407xx.o(.text)
    SPI1_IRQHandler                          0x08000273   Thumb Code     0  startup_stm32f407xx.o(.text)
    SPI2_IRQHandler                          0x08000273   Thumb Code     0  startup_stm32f407xx.o(.text)
    SPI3_IRQHandler                          0x08000273   Thumb Code     0  startup_stm32f407xx.o(.text)
    TAMP_STAMP_IRQHandler                    0x08000273   Thumb Code     0  startup_stm32f407xx.o(.text)
    TIM1_BRK_TIM9_IRQHandler                 0x08000273   Thumb Code     0  startup_stm32f407xx.o(.text)
    TIM1_CC_IRQHandler                       0x08000273   Thumb Code     0  startup_stm32f407xx.o(.text)
    TIM1_TRG_COM_TIM11_IRQHandler            0x08000273   Thumb Code     0  startup_stm32f407xx.o(.text)
    TIM2_IRQHandler                          0x08000273   Thumb Code     0  startup_stm32f407xx.o(.text)
    TIM3_IRQHandler                          0x08000273   Thumb Code     0  startup_stm32f407xx.o(.text)
    TIM4_IRQHandler                          0x08000273   Thumb Code     0  startup_stm32f407xx.o(.text)
    TIM5_IRQHandler                          0x08000273   Thumb Code     0  startup_stm32f407xx.o(.text)
    TIM6_DAC_IRQHandler                      0x08000273   Thumb Code     0  startup_stm32f407xx.o(.text)
    TIM7_IRQHandler                          0x08000273   Thumb Code     0  startup_stm32f407xx.o(.text)
    TIM8_BRK_TIM12_IRQHandler                0x08000273   Thumb Code     0  startup_stm32f407xx.o(.text)
    TIM8_CC_IRQHandler                       0x08000273   Thumb Code     0  startup_stm32f407xx.o(.text)
    TIM8_TRG_COM_TIM14_IRQHandler            0x08000273   Thumb Code     0  startup_stm32f407xx.o(.text)
    TIM8_UP_TIM13_IRQHandler                 0x08000273   Thumb Code     0  startup_stm32f407xx.o(.text)
    UART4_IRQHandler                         0x08000273   Thumb Code     0  startup_stm32f407xx.o(.text)
    UART5_IRQHandler                         0x08000273   Thumb Code     0  startup_stm32f407xx.o(.text)
    USART1_IRQHandler                        0x08000273   Thumb Code     0  startup_stm32f407xx.o(.text)
    USART2_IRQHandler                        0x08000273   Thumb Code     0  startup_stm32f407xx.o(.text)
    USART3_IRQHandler                        0x08000273   Thumb Code     0  startup_stm32f407xx.o(.text)
    USART6_IRQHandler                        0x08000273   Thumb Code     0  startup_stm32f407xx.o(.text)
    WWDG_IRQHandler                          0x08000273   Thumb Code     0  startup_stm32f407xx.o(.text)
    __aeabi_uldivmod                         0x0800027d   Thumb Code    98  uldiv.o(.text)
    __aeabi_memcpy                           0x080002df   Thumb Code    36  memcpya.o(.text)
    __aeabi_memcpy4                          0x080002df   Thumb Code     0  memcpya.o(.text)
    __aeabi_memcpy8                          0x080002df   Thumb Code     0  memcpya.o(.text)
    __aeabi_dadd                             0x08000303   Thumb Code   322  dadd.o(.text)
    __aeabi_dsub                             0x08000445   Thumb Code     6  dadd.o(.text)
    __aeabi_drsub                            0x0800044b   Thumb Code     6  dadd.o(.text)
    __aeabi_dmul                             0x08000451   Thumb Code   228  dmul.o(.text)
    __aeabi_ddiv                             0x08000535   Thumb Code   222  ddiv.o(.text)
    __aeabi_i2d                              0x08000613   Thumb Code    34  dflti.o(.text)
    __aeabi_d2iz                             0x08000635   Thumb Code    62  dfixi.o(.text)
    __aeabi_f2d                              0x08000673   Thumb Code    38  f2d.o(.text)
    __aeabi_d2f                              0x08000699   Thumb Code    56  d2f.o(.text)
    __aeabi_uidiv                            0x080006d1   Thumb Code     0  uidiv.o(.text)
    __aeabi_uidivmod                         0x080006d1   Thumb Code    44  uidiv.o(.text)
    __aeabi_llsl                             0x080006fd   Thumb Code    30  llshl.o(.text)
    _ll_shift_l                              0x080006fd   Thumb Code     0  llshl.o(.text)
    __aeabi_llsr                             0x0800071b   Thumb Code    32  llushr.o(.text)
    _ll_ushift_r                             0x0800071b   Thumb Code     0  llushr.o(.text)
    __aeabi_lasr                             0x0800073b   Thumb Code    36  llsshr.o(.text)
    _ll_sshift_r                             0x0800073b   Thumb Code     0  llsshr.o(.text)
    __I$use$fp                               0x0800075f   Thumb Code     0  iusefp.o(.text)
    _float_round                             0x0800075f   Thumb Code    18  fepilogue.o(.text)
    _float_epilogue                          0x08000771   Thumb Code    92  fepilogue.o(.text)
    _double_round                            0x080007cd   Thumb Code    30  depilogue.o(.text)
    _double_epilogue                         0x080007eb   Thumb Code   156  depilogue.o(.text)
    _dsqrt                                   0x08000887   Thumb Code   162  dsqrt.o(.text)
    __aeabi_d2ulz                            0x08000929   Thumb Code    48  dfixul.o(.text)
    __aeabi_cdrcmple                         0x08000959   Thumb Code    48  cdrcmple.o(.text)
    __scatterload                            0x08000989   Thumb Code    28  init.o(.text)
    __scatterload_rt2                        0x08000989   Thumb Code     0  init.o(.text)
    ADC_IRQHandler                           0x080009ad   Thumb Code     6  stm32f4xx_it.o(i.ADC_IRQHandler)
    FIR_C                                    0x08000c21   Thumb Code    76  main.o(i.FIR_C)
    HAL_ADCEx_InjectedConvCpltCallback       0x08000c8f   Thumb Code     2  stm32f4xx_hal_adc_ex.o(i.HAL_ADCEx_InjectedConvCpltCallback)
    HAL_ADC_ConfigChannel                    0x08000c91   Thumb Code   316  stm32f4xx_hal_adc.o(i.HAL_ADC_ConfigChannel)
    HAL_ADC_ConvCpltCallback                 0x08000ddd   Thumb Code     2  stm32f4xx_hal_adc.o(i.HAL_ADC_ConvCpltCallback)
    HAL_ADC_ErrorCallback                    0x08000ddf   Thumb Code     2  stm32f4xx_hal_adc.o(i.HAL_ADC_ErrorCallback)
    HAL_ADC_GetValue                         0x08000de1   Thumb Code     6  stm32f4xx_hal_adc.o(i.HAL_ADC_GetValue)
    HAL_ADC_IRQHandler                       0x08000de7   Thumb Code   316  stm32f4xx_hal_adc.o(i.HAL_ADC_IRQHandler)
    HAL_ADC_Init                             0x08000f23   Thumb Code    84  stm32f4xx_hal_adc.o(i.HAL_ADC_Init)
    HAL_ADC_LevelOutOfWindowCallback         0x08000f77   Thumb Code     2  stm32f4xx_hal_adc.o(i.HAL_ADC_LevelOutOfWindowCallback)
    HAL_ADC_MspInit                          0x08000f79   Thumb Code    86  stm32f4xx_hal_msp.o(i.HAL_ADC_MspInit)
    HAL_ADC_PollForConversion                0x08000fdd   Thumb Code   162  stm32f4xx_hal_adc.o(i.HAL_ADC_PollForConversion)
    HAL_ADC_Start                            0x08001081   Thumb Code   170  stm32f4xx_hal_adc.o(i.HAL_ADC_Start)
    HAL_ADC_Stop                             0x0800113d   Thumb Code    60  stm32f4xx_hal_adc.o(i.HAL_ADC_Stop)
    HAL_DAC_ConfigChannel                    0x08001179   Thumb Code    66  stm32f4xx_hal_dac.o(i.HAL_DAC_ConfigChannel)
    HAL_DAC_Init                             0x080011bb   Thumb Code    40  stm32f4xx_hal_dac.o(i.HAL_DAC_Init)
    HAL_DAC_MspInit                          0x080011e5   Thumb Code    70  stm32f4xx_hal_msp.o(i.HAL_DAC_MspInit)
    HAL_Delay                                0x08001239   Thumb Code    32  stm32f4xx_hal.o(i.HAL_Delay)
    HAL_GPIO_Init                            0x0800125d   Thumb Code   388  stm32f4xx_hal_gpio.o(i.HAL_GPIO_Init)
    HAL_GPIO_WritePin                        0x0800140d   Thumb Code    10  stm32f4xx_hal_gpio.o(i.HAL_GPIO_WritePin)
    HAL_GetTick                              0x08001419   Thumb Code     6  stm32f4xx_hal.o(i.HAL_GetTick)
    HAL_HCD_Connect_Callback                 0x08001425   Thumb Code     8  usbh_conf.o(i.HAL_HCD_Connect_Callback)
    HAL_HCD_Disconnect_Callback              0x0800142d   Thumb Code     8  usbh_conf.o(i.HAL_HCD_Disconnect_Callback)
    HAL_HCD_GetCurrentFrame                  0x08001435   Thumb Code     6  stm32f4xx_hal_hcd.o(i.HAL_HCD_GetCurrentFrame)
    HAL_HCD_GetCurrentSpeed                  0x0800143b   Thumb Code     6  stm32f4xx_hal_hcd.o(i.HAL_HCD_GetCurrentSpeed)
    HAL_HCD_HC_GetURBState                   0x08001441   Thumb Code    14  stm32f4xx_hal_hcd.o(i.HAL_HCD_HC_GetURBState)
    HAL_HCD_HC_GetXferCount                  0x0800144f   Thumb Code    12  stm32f4xx_hal_hcd.o(i.HAL_HCD_HC_GetXferCount)
    HAL_HCD_HC_Halt                          0x0800145b   Thumb Code    36  stm32f4xx_hal_hcd.o(i.HAL_HCD_HC_Halt)
    HAL_HCD_HC_Init                          0x0800147f   Thumb Code    84  stm32f4xx_hal_hcd.o(i.HAL_HCD_HC_Init)
    HAL_HCD_HC_NotifyURBChange_Callback      0x080014d3   Thumb Code     8  usbh_conf.o(i.HAL_HCD_HC_NotifyURBChange_Callback)
    HAL_HCD_HC_SubmitRequest                 0x080014db   Thumb Code   182  stm32f4xx_hal_hcd.o(i.HAL_HCD_HC_SubmitRequest)
    HAL_HCD_IRQHandler                       0x08001591   Thumb Code   302  stm32f4xx_hal_hcd.o(i.HAL_HCD_IRQHandler)
    HAL_HCD_Init                             0x080016bf   Thumb Code    90  stm32f4xx_hal_hcd.o(i.HAL_HCD_Init)
    HAL_HCD_MspInit                          0x08001719   Thumb Code   110  usbh_conf.o(i.HAL_HCD_MspInit)
    HAL_HCD_ResetPort                        0x08001791   Thumb Code     6  stm32f4xx_hal_hcd.o(i.HAL_HCD_ResetPort)
    HAL_HCD_SOF_Callback                     0x08001797   Thumb Code     8  usbh_conf.o(i.HAL_HCD_SOF_Callback)
    HAL_HCD_Start                            0x0800179f   Thumb Code    44  stm32f4xx_hal_hcd.o(i.HAL_HCD_Start)
    HAL_HCD_Stop                             0x080017cb   Thumb Code    36  stm32f4xx_hal_hcd.o(i.HAL_HCD_Stop)
    HAL_I2C_Init                             0x080017f1   Thumb Code   254  stm32f4xx_hal_i2c.o(i.HAL_I2C_Init)
    HAL_I2C_MspInit                          0x080018f9   Thumb Code    80  stm32f4xx_hal_msp.o(i.HAL_I2C_MspInit)
    HAL_IncTick                              0x08001955   Thumb Code    12  stm32f4xx_hal.o(i.HAL_IncTick)
    HAL_Init                                 0x08001965   Thumb Code    48  stm32f4xx_hal.o(i.HAL_Init)
    HAL_InitTick                             0x08001999   Thumb Code   100  stm32f4xx_hal_timebase_tim.o(i.HAL_InitTick)
    HAL_MspInit                              0x08001a0d   Thumb Code    86  stm32f4xx_hal_msp.o(i.HAL_MspInit)
    HAL_NVIC_EnableIRQ                       0x08001a63   Thumb Code    22  stm32f4xx_hal_cortex.o(i.HAL_NVIC_EnableIRQ)
    HAL_NVIC_SetPriority                     0x08001a79   Thumb Code    60  stm32f4xx_hal_cortex.o(i.HAL_NVIC_SetPriority)
    HAL_NVIC_SetPriorityGrouping             0x08001ab9   Thumb Code    26  stm32f4xx_hal_cortex.o(i.HAL_NVIC_SetPriorityGrouping)
    HAL_RCC_ClockConfig                      0x08001add   Thumb Code   286  stm32f4xx_hal_rcc.o(i.HAL_RCC_ClockConfig)
    HAL_RCC_GetClockConfig                   0x08001c0d   Thumb Code    54  stm32f4xx_hal_rcc.o(i.HAL_RCC_GetClockConfig)
    HAL_RCC_GetHCLKFreq                      0x08001c4d   Thumb Code     6  stm32f4xx_hal_rcc.o(i.HAL_RCC_GetHCLKFreq)
    HAL_RCC_GetPCLK1Freq                     0x08001c59   Thumb Code    20  stm32f4xx_hal_rcc.o(i.HAL_RCC_GetPCLK1Freq)
    HAL_RCC_GetPCLK2Freq                     0x08001c79   Thumb Code    20  stm32f4xx_hal_rcc.o(i.HAL_RCC_GetPCLK2Freq)
    HAL_RCC_GetSysClockFreq                  0x08001c99   Thumb Code    88  stm32f4xx_hal_rcc.o(i.HAL_RCC_GetSysClockFreq)
    HAL_RCC_OscConfig                        0x08001cf9   Thumb Code   770  stm32f4xx_hal_rcc.o(i.HAL_RCC_OscConfig)
    HAL_SPI_Init                             0x08002015   Thumb Code   128  stm32f4xx_hal_spi.o(i.HAL_SPI_Init)
    HAL_SPI_MspInit                          0x08002095   Thumb Code    76  stm32f4xx_hal_msp.o(i.HAL_SPI_MspInit)
    HAL_SYSTICK_CLKSourceConfig              0x080020ed   Thumb Code    24  stm32f4xx_hal_cortex.o(i.HAL_SYSTICK_CLKSourceConfig)
    HAL_SYSTICK_Config                       0x08002105   Thumb Code    40  stm32f4xx_hal_cortex.o(i.HAL_SYSTICK_Config)
    HAL_TIMEx_BreakCallback                  0x0800212d   Thumb Code     2  stm32f4xx_hal_tim_ex.o(i.HAL_TIMEx_BreakCallback)
    HAL_TIMEx_CommutationCallback            0x0800212f   Thumb Code     2  stm32f4xx_hal_tim_ex.o(i.HAL_TIMEx_CommutationCallback)
    HAL_TIMEx_MasterConfigSynchronization    0x08002131   Thumb Code    80  stm32f4xx_hal_tim_ex.o(i.HAL_TIMEx_MasterConfigSynchronization)
    HAL_TIM_Base_Init                        0x08002181   Thumb Code    54  stm32f4xx_hal_tim.o(i.HAL_TIM_Base_Init)
    HAL_TIM_Base_MspInit                     0x080021b9   Thumb Code    44  stm32f4xx_hal_msp.o(i.HAL_TIM_Base_MspInit)
    HAL_TIM_Base_Start_IT                    0x080021ed   Thumb Code    24  stm32f4xx_hal_tim.o(i.HAL_TIM_Base_Start_IT)
    HAL_TIM_ConfigClockSource                0x08002205   Thumb Code   242  stm32f4xx_hal_tim.o(i.HAL_TIM_ConfigClockSource)
    HAL_TIM_IC_CaptureCallback               0x080022f7   Thumb Code     2  stm32f4xx_hal_tim.o(i.HAL_TIM_IC_CaptureCallback)
    HAL_TIM_IRQHandler                       0x080022f9   Thumb Code   358  stm32f4xx_hal_tim.o(i.HAL_TIM_IRQHandler)
    HAL_TIM_MspPostInit                      0x08002461   Thumb Code    44  stm32f4xx_hal_msp.o(i.HAL_TIM_MspPostInit)
    HAL_TIM_OC_DelayElapsedCallback          0x08002495   Thumb Code     2  stm32f4xx_hal_tim.o(i.HAL_TIM_OC_DelayElapsedCallback)
    HAL_TIM_PWM_ConfigChannel                0x08002497   Thumb Code   208  stm32f4xx_hal_tim.o(i.HAL_TIM_PWM_ConfigChannel)
    HAL_TIM_PWM_Init                         0x08002567   Thumb Code    54  stm32f4xx_hal_tim.o(i.HAL_TIM_PWM_Init)
    HAL_TIM_PWM_MspInit                      0x0800259d   Thumb Code     2  stm32f4xx_hal_tim.o(i.HAL_TIM_PWM_MspInit)
    HAL_TIM_PWM_PulseFinishedCallback        0x0800259f   Thumb Code     2  stm32f4xx_hal_tim.o(i.HAL_TIM_PWM_PulseFinishedCallback)
    HAL_TIM_PWM_Start                        0x080025a1   Thumb Code    48  stm32f4xx_hal_tim.o(i.HAL_TIM_PWM_Start)
    HAL_TIM_PeriodElapsedCallback            0x080025d9   Thumb Code    14  main.o(i.HAL_TIM_PeriodElapsedCallback)
    HAL_TIM_TriggerCallback                  0x080025ed   Thumb Code     2  stm32f4xx_hal_tim.o(i.HAL_TIM_TriggerCallback)
    MX_DriverVbusFS                          0x08002ba9   Thumb Code    16  usbh_platform.o(i.MX_DriverVbusFS)
    MX_USB_HOST_Init                         0x08002e95   Thumb Code    30  usb_host.o(i.MX_USB_HOST_Init)
    OTG_FS_IRQHandler                        0x08002ee1   Thumb Code     6  stm32f4xx_it.o(i.OTG_FS_IRQHandler)
    StartDefaultTask                         0x08002eed   Thumb Code   242  main.o(i.StartDefaultTask)
    StartTask02                              0x08002ff9   Thumb Code   112  main.o(i.StartTask02)
    StartTask03                              0x0800306d   Thumb Code   276  main.o(i.StartTask03)
    StartTask04                              0x080031e5   Thumb Code   152  main.o(i.StartTask04)
    SysTick_Handler                          0x0800328d   Thumb Code     4  stm32f4xx_it.o(i.SysTick_Handler)
    SystemClock_Config                       0x08003291   Thumb Code   152  main.o(i.SystemClock_Config)
    SystemInit                               0x08003331   Thumb Code    66  system_stm32f4xx.o(i.SystemInit)
    TIM1_UP_TIM10_IRQHandler                 0x08003385   Thumb Code     6  stm32f4xx_it.o(i.TIM1_UP_TIM10_IRQHandler)
    TIM_Base_SetConfig                       0x08003391   Thumb Code   148  stm32f4xx_hal_tim.o(i.TIM_Base_SetConfig)
    TIM_CCxChannelCmd                        0x08003451   Thumb Code    22  stm32f4xx_hal_tim.o(i.TIM_CCxChannelCmd)
    TIM_OC2_SetConfig                        0x080034e5   Thumb Code    90  stm32f4xx_hal_tim.o(i.TIM_OC2_SetConfig)
    USBH_AllocPipe                           0x0800363f   Thumb Code    52  usbh_pipes.o(i.USBH_AllocPipe)
    USBH_BulkReceiveData                     0x08003673   Thumb Code    32  usbh_ioreq.o(i.USBH_BulkReceiveData)
    USBH_BulkSendData                        0x08003693   Thumb Code    40  usbh_ioreq.o(i.USBH_BulkSendData)
    USBH_CDC_LineCodingChanged               0x08003871   Thumb Code     2  usbh_cdc.o(i.USBH_CDC_LineCodingChanged)
    USBH_CDC_ReceiveCallback                 0x0800392b   Thumb Code     2  usbh_cdc.o(i.USBH_CDC_ReceiveCallback)
    USBH_CDC_TransmitCallback                0x08003931   Thumb Code     2  usbh_cdc.o(i.USBH_CDC_TransmitCallback)
    USBH_ClosePipe                           0x08003933   Thumb Code    10  usbh_pipes.o(i.USBH_ClosePipe)
    USBH_ClrFeature                          0x0800393d   Thumb Code    30  usbh_ctlreq.o(i.USBH_ClrFeature)
    USBH_CtlReceiveData                      0x0800395b   Thumb Code    30  usbh_ioreq.o(i.USBH_CtlReceiveData)
    USBH_CtlReq                              0x08003979   Thumb Code    74  usbh_ctlreq.o(i.USBH_CtlReq)
    USBH_CtlSendData                         0x080039c3   Thumb Code    40  usbh_ioreq.o(i.USBH_CtlSendData)
    USBH_CtlSendSetup                        0x080039eb   Thumb Code    30  usbh_ioreq.o(i.USBH_CtlSendSetup)
    USBH_Delay                               0x08003a09   Thumb Code     4  usbh_conf.o(i.USBH_Delay)
    USBH_FindInterface                       0x08003a0d   Thumb Code    68  usbh_core.o(i.USBH_FindInterface)
    USBH_FreePipe                            0x08003a51   Thumb Code    24  usbh_pipes.o(i.USBH_FreePipe)
    USBH_GetDescriptor                       0x08003a69   Thumb Code    52  usbh_ctlreq.o(i.USBH_GetDescriptor)
    USBH_GetNextDesc                         0x08003a9d   Thumb Code    14  usbh_ctlreq.o(i.USBH_GetNextDesc)
    USBH_Get_CfgDesc                         0x08003aab   Thumb Code    44  usbh_ctlreq.o(i.USBH_Get_CfgDesc)
    USBH_Get_DevDesc                         0x08003ad7   Thumb Code   154  usbh_ctlreq.o(i.USBH_Get_DevDesc)
    USBH_Get_StringDesc                      0x08003b71   Thumb Code    72  usbh_ctlreq.o(i.USBH_Get_StringDesc)
    USBH_Init                                0x08003e5d   Thumb Code    98  usbh_core.o(i.USBH_Init)
    USBH_LL_ClosePipe                        0x08003ec5   Thumb Code    32  usbh_conf.o(i.USBH_LL_ClosePipe)
    USBH_LL_Connect                          0x08003ee5   Thumb Code    56  usbh_core.o(i.USBH_LL_Connect)
    USBH_LL_Disconnect                       0x08003f1d   Thumb Code    68  usbh_core.o(i.USBH_LL_Disconnect)
    USBH_LL_DriverVBUS                       0x08003f61   Thumb Code    26  usbh_conf.o(i.USBH_LL_DriverVBUS)
    USBH_LL_GetLastXferSize                  0x08003f7b   Thumb Code     8  usbh_conf.o(i.USBH_LL_GetLastXferSize)
    USBH_LL_GetSpeed                         0x08003f83   Thumb Code    34  usbh_conf.o(i.USBH_LL_GetSpeed)
    USBH_LL_GetURBState                      0x08003fa5   Thumb Code     8  usbh_conf.o(i.USBH_LL_GetURBState)
    USBH_LL_IncTimer                         0x08003fad   Thumb Code    30  usbh_core.o(i.USBH_LL_IncTimer)
    USBH_LL_Init                             0x08003fcd   Thumb Code    78  usbh_conf.o(i.USBH_LL_Init)
    USBH_LL_NotifyURBChange                  0x08004035   Thumb Code    18  usbh_core.o(i.USBH_LL_NotifyURBChange)
    USBH_LL_OpenPipe                         0x08004047   Thumb Code    42  usbh_conf.o(i.USBH_LL_OpenPipe)
    USBH_LL_ResetPort                        0x08004071   Thumb Code    32  usbh_conf.o(i.USBH_LL_ResetPort)
    USBH_LL_SetTimer                         0x08004091   Thumb Code     6  usbh_core.o(i.USBH_LL_SetTimer)
    USBH_LL_SetToggle                        0x08004097   Thumb Code    32  usbh_conf.o(i.USBH_LL_SetToggle)
    USBH_LL_Start                            0x080040b7   Thumb Code    32  usbh_conf.o(i.USBH_LL_Start)
    USBH_LL_Stop                             0x080040d7   Thumb Code    32  usbh_conf.o(i.USBH_LL_Stop)
    USBH_LL_SubmitURB                        0x080040f7   Thumb Code    48  usbh_conf.o(i.USBH_LL_SubmitURB)
    USBH_OpenPipe                            0x08004127   Thumb Code    20  usbh_pipes.o(i.USBH_OpenPipe)
    USBH_Process                             0x08004223   Thumb Code   384  usbh_core.o(i.USBH_Process)
    USBH_RegisterClass                       0x080043c5   Thumb Code    28  usbh_core.o(i.USBH_RegisterClass)
    USBH_SelectInterface                     0x080043e1   Thumb Code    22  usbh_core.o(i.USBH_SelectInterface)
    USBH_SetAddress                          0x080043f7   Thumb Code    28  usbh_ctlreq.o(i.USBH_SetAddress)
    USBH_SetCfg                              0x08004413   Thumb Code    28  usbh_ctlreq.o(i.USBH_SetCfg)
    USBH_Start                               0x0800442f   Thumb Code    20  usbh_core.o(i.USBH_Start)
    USB_CoreInit                             0x08004465   Thumb Code   104  stm32f4xx_ll_usb.o(i.USB_CoreInit)
    USB_DisableGlobalInt                     0x08004509   Thumb Code    12  stm32f4xx_ll_usb.o(i.USB_DisableGlobalInt)
    USB_DoPing                               0x08004515   Thumb Code    60  stm32f4xx_ll_usb.o(i.USB_DoPing)
    USB_DriveVbus                            0x08004555   Thumb Code    44  stm32f4xx_ll_usb.o(i.USB_DriveVbus)
    USB_EnableGlobalInt                      0x08004581   Thumb Code    12  stm32f4xx_ll_usb.o(i.USB_EnableGlobalInt)
    USB_FlushRxFifo                          0x0800458d   Thumb Code    28  stm32f4xx_ll_usb.o(i.USB_FlushRxFifo)
    USB_FlushTxFifo                          0x080045ad   Thumb Code    32  stm32f4xx_ll_usb.o(i.USB_FlushTxFifo)
    USB_GetCurrentFrame                      0x080045d1   Thumb Code     8  stm32f4xx_ll_usb.o(i.USB_GetCurrentFrame)
    USB_GetHostSpeed                         0x080045d9   Thumb Code    14  stm32f4xx_ll_usb.o(i.USB_GetHostSpeed)
    USB_GetMode                              0x080045e7   Thumb Code     8  stm32f4xx_ll_usb.o(i.USB_GetMode)
    USB_HC_Halt                              0x080045ef   Thumb Code   328  stm32f4xx_ll_usb.o(i.USB_HC_Halt)
    USB_HC_Init                              0x08004739   Thumb Code   234  stm32f4xx_ll_usb.o(i.USB_HC_Init)
    USB_HC_ReadInterrupt                     0x08004823   Thumb Code    12  stm32f4xx_ll_usb.o(i.USB_HC_ReadInterrupt)
    USB_HC_StartXfer                         0x08004831   Thumb Code   386  stm32f4xx_ll_usb.o(i.USB_HC_StartXfer)
    USB_HostInit                             0x080049b9   Thumb Code   192  stm32f4xx_ll_usb.o(i.USB_HostInit)
    USB_InitFSLSPClkSel                      0x08004a8d   Thumb Code    54  stm32f4xx_ll_usb.o(i.USB_InitFSLSPClkSel)
    USB_ReadInterrupts                       0x08004ac3   Thumb Code     8  stm32f4xx_ll_usb.o(i.USB_ReadInterrupts)
    USB_ReadPacket                           0x08004acb   Thumb Code    32  stm32f4xx_ll_usb.o(i.USB_ReadPacket)
    USB_ResetPort                            0x08004aeb   Thumb Code    44  stm32f4xx_ll_usb.o(i.USB_ResetPort)
    USB_SetCurrentMode                       0x08004b17   Thumb Code    44  stm32f4xx_ll_usb.o(i.USB_SetCurrentMode)
    USB_StopHost                             0x08004b43   Thumb Code   178  stm32f4xx_ll_usb.o(i.USB_StopHost)
    USB_WritePacket                          0x08004bf5   Thumb Code    40  stm32f4xx_ll_usb.o(i.USB_WritePacket)
    _Error_Handler                           0x08004c1d   Thumb Code     2  main.o(i._Error_Handler)
    __0printf                                0x08004c21   Thumb Code    22  printfa.o(i.__0printf)
    __1printf                                0x08004c21   Thumb Code     0  printfa.o(i.__0printf)
    __2printf                                0x08004c21   Thumb Code     0  printfa.o(i.__0printf)
    __c89printf                              0x08004c21   Thumb Code     0  printfa.o(i.__0printf)
    printf                                   0x08004c21   Thumb Code     0  printfa.o(i.__0printf)
    __hardfp_sqrt                            0x08004c41   Thumb Code   122  sqrt.o(i.__hardfp_sqrt)
    __scatterload_copy                       0x08004cbb   Thumb Code    14  handlers.o(i.__scatterload_copy)
    __scatterload_null                       0x08004cc9   Thumb Code     2  handlers.o(i.__scatterload_null)
    __scatterload_zeroinit                   0x08004ccb   Thumb Code    14  handlers.o(i.__scatterload_zeroinit)
    __set_errno                              0x08004cd9   Thumb Code     6  errno.o(i.__set_errno)
    adjust_pwm                               0x08005599   Thumb Code   134  main.o(i.adjust_pwm)
    display                                  0x08005631   Thumb Code   702  led.o(i.display)
    fputc                                    0x080058f9   Thumb Code    36  fput_debug.o(i.fputc)
    free                                     0x08005921   Thumb Code    76  malloc.o(i.free)
    get_key                                  0x08005971   Thumb Code   162  keypad.o(i.get_key)
    main                                     0x08005a35   Thumb Code   170  main.o(i.main)
    malloc                                   0x08005afd   Thumb Code    92  malloc.o(i.malloc)
    osDelay                                  0x08005b69   Thumb Code    14  cmsis_os.o(i.osDelay)
    osKernelStart                            0x08005b77   Thumb Code    10  cmsis_os.o(i.osKernelStart)
    osMessageCreate                          0x08005b81   Thumb Code     8  cmsis_os.o(i.osMessageCreate)
    osMessageGet                             0x08005b89   Thumb Code   146  cmsis_os.o(i.osMessageGet)
    osMessagePut                             0x08005c21   Thumb Code    86  cmsis_os.o(i.osMessagePut)
    osSystickHandler                         0x08005c7d   Thumb Code    20  cmsis_os.o(i.osSystickHandler)
    osThreadCreate                           0x08005c91   Thumb Code    46  cmsis_os.o(i.osThreadCreate)
    osThreadResume                           0x08005cc1   Thumb Code    46  cmsis_os.o(i.osThreadResume)
    osThreadSuspend                          0x08005cf5   Thumb Code    10  cmsis_os.o(i.osThreadSuspend)
    pvPortMalloc                             0x08006265   Thumb Code   210  heap_4.o(i.pvPortMalloc)
    pvTaskIncrementMutexHeldCount            0x0800633d   Thumb Code    26  tasks.o(i.pvTaskIncrementMutexHeldCount)
    pxPortInitialiseStack                    0x0800635d   Thumb Code    40  port.o(i.pxPortInitialiseStack)
    reset_display                            0x08006389   Thumb Code    52  led.o(i.reset_display)
    update_duty_cycle                        0x080063c1   Thumb Code    62  main.o(i.update_duty_cycle)
    update_voltage                           0x08006409   Thumb Code    66  main.o(i.update_voltage)
    uxListRemove                             0x08006459   Thumb Code    36  list.o(i.uxListRemove)
    vListInitialise                          0x0800647d   Thumb Code    22  list.o(i.vListInitialise)
    vListInitialiseItem                      0x08006493   Thumb Code     6  list.o(i.vListInitialiseItem)
    vListInsert                              0x08006499   Thumb Code    48  list.o(i.vListInsert)
    vListInsertEnd                           0x080064c9   Thumb Code    24  list.o(i.vListInsertEnd)
    vPortEnterCritical                       0x080064e1   Thumb Code    54  port.o(i.vPortEnterCritical)
    vPortExitCritical                        0x08006521   Thumb Code    34  port.o(i.vPortExitCritical)
    vPortFree                                0x08006549   Thumb Code    88  heap_4.o(i.vPortFree)
    vPortSetupTimerInterrupt                 0x080065a5   Thumb Code    26  port.o(i.vPortSetupTimerInterrupt)
    vPortValidateInterruptPriority           0x080065c5   Thumb Code    74  port.o(i.vPortValidateInterruptPriority)
    vTaskDelay                               0x08006619   Thumb Code    82  tasks.o(i.vTaskDelay)
    vTaskMissedYield                         0x08006675   Thumb Code     8  tasks.o(i.vTaskMissedYield)
    vTaskPlaceOnEventList                    0x08006681   Thumb Code    52  tasks.o(i.vTaskPlaceOnEventList)
    vTaskPriorityInherit                     0x080066b9   Thumb Code   164  tasks.o(i.vTaskPriorityInherit)
    vTaskResume                              0x08006769   Thumb Code   128  tasks.o(i.vTaskResume)
    vTaskSetTimeOutState                     0x080067f9   Thumb Code    38  tasks.o(i.vTaskSetTimeOutState)
    vTaskStartScheduler                      0x08006829   Thumb Code   108  tasks.o(i.vTaskStartScheduler)
    vTaskSuspend                             0x080068b1   Thumb Code   196  tasks.o(i.vTaskSuspend)
    vTaskSuspendAll                          0x08006995   Thumb Code    12  tasks.o(i.vTaskSuspendAll)
    vTaskSwitchContext                       0x080069a5   Thumb Code   118  tasks.o(i.vTaskSwitchContext)
    xPortStartScheduler                      0x08006a31   Thumb Code   202  port.o(i.xPortStartScheduler)
    xPortSysTickHandler                      0x08006b11   Thumb Code    38  port.o(i.xPortSysTickHandler)
    xQueueGenericCreate                      0x08006b3d   Thumb Code    72  queue.o(i.xQueueGenericCreate)
    xQueueGenericReceive                     0x08006b85   Thumb Code   360  queue.o(i.xQueueGenericReceive)
    xQueueGenericReset                       0x08006cf1   Thumb Code   132  queue.o(i.xQueueGenericReset)
    xQueueGenericSend                        0x08006d79   Thumb Code   346  queue.o(i.xQueueGenericSend)
    xQueueGenericSendFromISR                 0x08006ed9   Thumb Code   188  queue.o(i.xQueueGenericSendFromISR)
    xQueueReceiveFromISR                     0x08006f95   Thumb Code   154  queue.o(i.xQueueReceiveFromISR)
    xTaskCheckForTimeOut                     0x08007031   Thumb Code   132  tasks.o(i.xTaskCheckForTimeOut)
    xTaskCreate                              0x080070bd   Thumb Code    96  tasks.o(i.xTaskCreate)
    xTaskGetSchedulerState                   0x0800711d   Thumb Code    24  tasks.o(i.xTaskGetSchedulerState)
    xTaskIncrementTick                       0x0800713d   Thumb Code   282  tasks.o(i.xTaskIncrementTick)
    xTaskPriorityDisinherit                  0x08007285   Thumb Code   188  tasks.o(i.xTaskPriorityDisinherit)
    xTaskRemoveFromEventList                 0x0800734d   Thumb Code   128  tasks.o(i.xTaskRemoveFromEventList)
    xTaskResumeAll                           0x080073e5   Thumb Code   224  tasks.o(i.xTaskResumeAll)
    xTaskResumeFromISR                       0x080074e9   Thumb Code   158  tasks.o(i.xTaskResumeFromISR)
    matrix                                   0x080075ec   Data          64  keypad.o(.constdata)
    AHBPrescTable                            0x08007648   Data          16  system_stm32f4xx.o(.constdata)
    APBPrescTable                            0x08007658   Data           8  system_stm32f4xx.o(.constdata)
    Region$$Table$$Base                      0x080076a0   Number         0  anon$$obj.o(Region$$Table)
    Region$$Table$$Limit                     0x080076c0   Number         0  anon$$obj.o(Region$$Table)
    uwTickFreq                               0x20000000   Data           1  stm32f4xx_hal.o(.data)
    uwTickPrio                               0x20000004   Data           4  stm32f4xx_hal.o(.data)
    uwTick                                   0x20000008   Data           4  stm32f4xx_hal.o(.data)
    Appli_state                              0x2000000c   Data           1  usb_host.o(.data)
    state                                    0x20000010   Data           1  main.o(.data)
    debounce                                 0x20000014   Data           4  main.o(.data)
    debounce_mod                             0x20000018   Data           4  main.o(.data)
    rms_counter                              0x2000001c   Data           4  main.o(.data)
    voltage                                  0x20000020   Data           4  main.o(.data)
    duty_cycle                               0x20000024   Data           4  main.o(.data)
    count                                    0x20000028   Data           4  main.o(.data)
    key                                      0x2000002c   Data           4  main.o(.data)
    key_star_counter                         0x20000030   Data           4  main.o(.data)
    star_flag                                0x20000034   Data           4  main.o(.data)
    star_release_debounce                    0x20000038   Data           4  main.o(.data)
    res_filter                               0x2000003c   Data           4  main.o(.data)
    results                                  0x20000040   Data           4  main.o(.data)
    adc_voltage                              0x20000044   Data           4  main.o(.data)
    w1                                       0x20000048   Data           4  main.o(.data)
    w0                                       0x2000004c   Data           4  main.o(.data)
    defaultTaskHandle                        0x20000054   Data           4  main.o(.data)
    myTask02Handle                           0x20000058   Data           4  main.o(.data)
    myTask03Handle                           0x2000005c   Data           4  main.o(.data)
    first_digit                              0x20000060   Data           4  main.o(.data)
    second_digit                             0x20000064   Data           4  main.o(.data)
    third_digit                              0x20000068   Data           4  main.o(.data)
    coeff                                    0x2000006c   Data          20  main.o(.data)
    row_pins                                 0x20000080   Data           8  keypad.o(.data)
    col_pins                                 0x20000088   Data           8  keypad.o(.data)
    CDC_Class                                0x20000090   Data          32  usbh_cdc.o(.data)
    SystemCoreClock                          0x200000b0   Data           4  system_stm32f4xx.o(.data)
    pxCurrentTCB                             0x200000d8   Data           4  tasks.o(.data)
    __stdout                                 0x20000114   Data           4  stdout.o(.data)
    __microlib_freelist                      0x20000118   Data           4  mvars.o(.data)
    __microlib_freelist_initialised          0x2000011c   Data           4  mvars.o(.data)
    hUsbHostFS                               0x20000124   Data         976  usb_host.o(.bss)
    hhcd_USB_OTG_FS                          0x200004f4   Data         664  usbh_conf.o(.bss)
    x                                        0x2000078c   Data          20  main.o(.bss)
    rms                                      0x200007a0   Data          40  main.o(.bss)
    hadc1                                    0x200007c8   Data          72  main.o(.bss)
    hdac                                     0x20000810   Data          20  main.o(.bss)
    hi2c1                                    0x20000824   Data          84  main.o(.bss)
    hspi1                                    0x20000878   Data          88  main.o(.bss)
    htim3                                    0x200008d0   Data          60  main.o(.bss)
    htim1                                    0x2000090c   Data          60  stm32f4xx_hal_timebase_tim.o(.bss)
    __heap_base                              0x20004638   Data           0  startup_stm32f407xx.o(HEAP)
    __heap_limit                             0x20004838   Data           0  startup_stm32f407xx.o(HEAP)
    __initial_sp                             0x20004c38   Data           0  startup_stm32f407xx.o(STACK)



==============================================================================

Memory Map of the image

  Image Entry point : 0x08000189

  Load Region LR_IROM1 (Base: 0x08000000, Size: 0x000077e4, Max: 0x00100000, ABSOLUTE)

    Execution Region ER_IROM1 (Exec base: 0x08000000, Load base: 0x08000000, Size: 0x000076c0, Max: 0x00100000, ABSOLUTE)

    Exec Addr    Load Addr    Size         Type   Attr      Idx    E Section Name        Object

    0x08000000   0x08000000   0x00000188   Data   RO            3    RESET               startup_stm32f407xx.o
    0x08000188   0x08000188   0x00000000   Code   RO         6027  * .ARM.Collect$$$$00000000  mc_w.l(entry.o)
    0x08000188   0x08000188   0x00000004   Code   RO         6339    .ARM.Collect$$$$00000001  mc_w.l(entry2.o)
    0x0800018c   0x0800018c   0x00000004   Code   RO         6342    .ARM.Collect$$$$00000004  mc_w.l(entry5.o)
    0x08000190   0x08000190   0x00000000   Code   RO         6344    .ARM.Collect$$$$00000008  mc_w.l(entry7b.o)
    0x08000190   0x08000190   0x00000000   Code   RO         6346    .ARM.Collect$$$$0000000A  mc_w.l(entry8b.o)
    0x08000190   0x08000190   0x00000008   Code   RO         6347    .ARM.Collect$$$$0000000B  mc_w.l(entry9a.o)
    0x08000198   0x08000198   0x00000000   Code   RO         6349    .ARM.Collect$$$$0000000D  mc_w.l(entry10a.o)
    0x08000198   0x08000198   0x00000000   Code   RO         6351    .ARM.Collect$$$$0000000F  mc_w.l(entry11a.o)
    0x08000198   0x08000198   0x00000004   Code   RO         6340    .ARM.Collect$$$$00002712  mc_w.l(entry2.o)
    0x0800019c   0x0800019c   0x000000ba   Code   RO         5423    .emb_text           port.o
    0x08000256   0x08000256   0x00000002   PAD
    0x08000258   0x08000258   0x00000024   Code   RO            4    .text               startup_stm32f407xx.o
    0x0800027c   0x0800027c   0x00000062   Code   RO         6030    .text               mc_w.l(uldiv.o)
    0x080002de   0x080002de   0x00000024   Code   RO         6032    .text               mc_w.l(memcpya.o)
    0x08000302   0x08000302   0x0000014e   Code   RO         6325    .text               mf_w.l(dadd.o)
    0x08000450   0x08000450   0x000000e4   Code   RO         6327    .text               mf_w.l(dmul.o)
    0x08000534   0x08000534   0x000000de   Code   RO         6329    .text               mf_w.l(ddiv.o)
    0x08000612   0x08000612   0x00000022   Code   RO         6331    .text               mf_w.l(dflti.o)
    0x08000634   0x08000634   0x0000003e   Code   RO         6333    .text               mf_w.l(dfixi.o)
    0x08000672   0x08000672   0x00000026   Code   RO         6335    .text               mf_w.l(f2d.o)
    0x08000698   0x08000698   0x00000038   Code   RO         6337    .text               mf_w.l(d2f.o)
    0x080006d0   0x080006d0   0x0000002c   Code   RO         6354    .text               mc_w.l(uidiv.o)
    0x080006fc   0x080006fc   0x0000001e   Code   RO         6356    .text               mc_w.l(llshl.o)
    0x0800071a   0x0800071a   0x00000020   Code   RO         6358    .text               mc_w.l(llushr.o)
    0x0800073a   0x0800073a   0x00000024   Code   RO         6360    .text               mc_w.l(llsshr.o)
    0x0800075e   0x0800075e   0x00000000   Code   RO         6371    .text               mc_w.l(iusefp.o)
    0x0800075e   0x0800075e   0x0000006e   Code   RO         6372    .text               mf_w.l(fepilogue.o)
    0x080007cc   0x080007cc   0x000000ba   Code   RO         6374    .text               mf_w.l(depilogue.o)
    0x08000886   0x08000886   0x000000a2   Code   RO         6376    .text               mf_w.l(dsqrt.o)
    0x08000928   0x08000928   0x00000030   Code   RO         6378    .text               mf_w.l(dfixul.o)
    0x08000958   0x08000958   0x00000030   Code   RO         6382    .text               mf_w.l(cdrcmple.o)
    0x08000988   0x08000988   0x00000024   Code   RO         6384    .text               mc_w.l(init.o)
    0x080009ac   0x080009ac   0x0000000c   Code   RO         3864    i.ADC_IRQHandler    stm32f4xx_it.o
    0x080009b8   0x080009b8   0x00000124   Code   RO          853    i.ADC_Init          stm32f4xx_hal_adc.o
    0x08000adc   0x08000adc   0x0000007a   Code   RO         4490    i.CDC_ProcessReception  usbh_cdc.o
    0x08000b56   0x08000b56   0x00000080   Code   RO         4491    i.CDC_ProcessTransmission  usbh_cdc.o
    0x08000bd6   0x08000bd6   0x00000002   PAD
    0x08000bd8   0x08000bd8   0x00000048   Code   RO         4609    i.DeInitStateMachine  usbh_core.o
    0x08000c20   0x08000c20   0x00000058   Code   RO         4087    i.FIR_C             main.o
    0x08000c78   0x08000c78   0x00000016   Code   RO         4492    i.GetLineCoding     usbh_cdc.o
    0x08000c8e   0x08000c8e   0x00000002   Code   RO          452    i.HAL_ADCEx_InjectedConvCpltCallback  stm32f4xx_hal_adc_ex.o
    0x08000c90   0x08000c90   0x0000014c   Code   RO          855    i.HAL_ADC_ConfigChannel  stm32f4xx_hal_adc.o
    0x08000ddc   0x08000ddc   0x00000002   Code   RO          856    i.HAL_ADC_ConvCpltCallback  stm32f4xx_hal_adc.o
    0x08000dde   0x08000dde   0x00000002   Code   RO          859    i.HAL_ADC_ErrorCallback  stm32f4xx_hal_adc.o
    0x08000de0   0x08000de0   0x00000006   Code   RO          862    i.HAL_ADC_GetValue  stm32f4xx_hal_adc.o
    0x08000de6   0x08000de6   0x0000013c   Code   RO          863    i.HAL_ADC_IRQHandler  stm32f4xx_hal_adc.o
    0x08000f22   0x08000f22   0x00000054   Code   RO          864    i.HAL_ADC_Init      stm32f4xx_hal_adc.o
    0x08000f76   0x08000f76   0x00000002   Code   RO          865    i.HAL_ADC_LevelOutOfWindowCallback  stm32f4xx_hal_adc.o
    0x08000f78   0x08000f78   0x00000064   Code   RO         4226    i.HAL_ADC_MspInit   stm32f4xx_hal_msp.o
    0x08000fdc   0x08000fdc   0x000000a2   Code   RO          868    i.HAL_ADC_PollForConversion  stm32f4xx_hal_adc.o
    0x0800107e   0x0800107e   0x00000002   PAD
    0x08001080   0x08001080   0x000000bc   Code   RO          870    i.HAL_ADC_Start     stm32f4xx_hal_adc.o
    0x0800113c   0x0800113c   0x0000003c   Code   RO          873    i.HAL_ADC_Stop      stm32f4xx_hal_adc.o
    0x08001178   0x08001178   0x00000042   Code   RO          556    i.HAL_DAC_ConfigChannel  stm32f4xx_hal_dac.o
    0x080011ba   0x080011ba   0x00000028   Code   RO          566    i.HAL_DAC_Init      stm32f4xx_hal_dac.o
    0x080011e2   0x080011e2   0x00000002   PAD
    0x080011e4   0x080011e4   0x00000054   Code   RO         4228    i.HAL_DAC_MspInit   stm32f4xx_hal_msp.o
    0x08001238   0x08001238   0x00000024   Code   RO         1027    i.HAL_Delay         stm32f4xx_hal.o
    0x0800125c   0x0800125c   0x000001b0   Code   RO         3046    i.HAL_GPIO_Init     stm32f4xx_hal_gpio.o
    0x0800140c   0x0800140c   0x0000000a   Code   RO         3050    i.HAL_GPIO_WritePin  stm32f4xx_hal_gpio.o
    0x08001416   0x08001416   0x00000002   PAD
    0x08001418   0x08001418   0x0000000c   Code   RO         1033    i.HAL_GetTick       stm32f4xx_hal.o
    0x08001424   0x08001424   0x00000008   Code   RO         3940    i.HAL_HCD_Connect_Callback  usbh_conf.o
    0x0800142c   0x0800142c   0x00000008   Code   RO         3941    i.HAL_HCD_Disconnect_Callback  usbh_conf.o
    0x08001434   0x08001434   0x00000006   Code   RO         1657    i.HAL_HCD_GetCurrentFrame  stm32f4xx_hal_hcd.o
    0x0800143a   0x0800143a   0x00000006   Code   RO         1658    i.HAL_HCD_GetCurrentSpeed  stm32f4xx_hal_hcd.o
    0x08001440   0x08001440   0x0000000e   Code   RO         1661    i.HAL_HCD_HC_GetURBState  stm32f4xx_hal_hcd.o
    0x0800144e   0x0800144e   0x0000000c   Code   RO         1662    i.HAL_HCD_HC_GetXferCount  stm32f4xx_hal_hcd.o
    0x0800145a   0x0800145a   0x00000024   Code   RO         1663    i.HAL_HCD_HC_Halt   stm32f4xx_hal_hcd.o
    0x0800147e   0x0800147e   0x00000054   Code   RO         1664    i.HAL_HCD_HC_Init   stm32f4xx_hal_hcd.o
    0x080014d2   0x080014d2   0x00000008   Code   RO         3942    i.HAL_HCD_HC_NotifyURBChange_Callback  usbh_conf.o
    0x080014da   0x080014da   0x000000b6   Code   RO         1666    i.HAL_HCD_HC_SubmitRequest  stm32f4xx_hal_hcd.o
    0x08001590   0x08001590   0x0000012e   Code   RO         1667    i.HAL_HCD_IRQHandler  stm32f4xx_hal_hcd.o
    0x080016be   0x080016be   0x0000005a   Code   RO         1668    i.HAL_HCD_Init      stm32f4xx_hal_hcd.o
    0x08001718   0x08001718   0x00000078   Code   RO         3944    i.HAL_HCD_MspInit   usbh_conf.o
    0x08001790   0x08001790   0x00000006   Code   RO         1671    i.HAL_HCD_ResetPort  stm32f4xx_hal_hcd.o
    0x08001796   0x08001796   0x00000008   Code   RO         3945    i.HAL_HCD_SOF_Callback  usbh_conf.o
    0x0800179e   0x0800179e   0x0000002c   Code   RO         1673    i.HAL_HCD_Start     stm32f4xx_hal_hcd.o
    0x080017ca   0x080017ca   0x00000024   Code   RO         1674    i.HAL_HCD_Stop      stm32f4xx_hal_hcd.o
    0x080017ee   0x080017ee   0x00000002   PAD
    0x080017f0   0x080017f0   0x00000108   Code   RO         3339    i.HAL_I2C_Init      stm32f4xx_hal_i2c.o
    0x080018f8   0x080018f8   0x0000005c   Code   RO         4230    i.HAL_I2C_MspInit   stm32f4xx_hal_msp.o
    0x08001954   0x08001954   0x00000010   Code   RO         1037    i.HAL_IncTick       stm32f4xx_hal.o
    0x08001964   0x08001964   0x00000034   Code   RO         1038    i.HAL_Init          stm32f4xx_hal.o
    0x08001998   0x08001998   0x00000074   Code   RO         4331    i.HAL_InitTick      stm32f4xx_hal_timebase_tim.o
    0x08001a0c   0x08001a0c   0x00000056   Code   RO         4231    i.HAL_MspInit       stm32f4xx_hal_msp.o
    0x08001a62   0x08001a62   0x00000016   Code   RO         1823    i.HAL_NVIC_EnableIRQ  stm32f4xx_hal_cortex.o
    0x08001a78   0x08001a78   0x00000040   Code   RO         1829    i.HAL_NVIC_SetPriority  stm32f4xx_hal_cortex.o
    0x08001ab8   0x08001ab8   0x00000024   Code   RO         1830    i.HAL_NVIC_SetPriorityGrouping  stm32f4xx_hal_cortex.o
    0x08001adc   0x08001adc   0x00000130   Code   RO         1954    i.HAL_RCC_ClockConfig  stm32f4xx_hal_rcc.o
    0x08001c0c   0x08001c0c   0x00000040   Code   RO         1958    i.HAL_RCC_GetClockConfig  stm32f4xx_hal_rcc.o
    0x08001c4c   0x08001c4c   0x0000000c   Code   RO         1959    i.HAL_RCC_GetHCLKFreq  stm32f4xx_hal_rcc.o
    0x08001c58   0x08001c58   0x00000020   Code   RO         1961    i.HAL_RCC_GetPCLK1Freq  stm32f4xx_hal_rcc.o
    0x08001c78   0x08001c78   0x00000020   Code   RO         1962    i.HAL_RCC_GetPCLK2Freq  stm32f4xx_hal_rcc.o
    0x08001c98   0x08001c98   0x00000060   Code   RO         1963    i.HAL_RCC_GetSysClockFreq  stm32f4xx_hal_rcc.o
    0x08001cf8   0x08001cf8   0x0000031c   Code   RO         1966    i.HAL_RCC_OscConfig  stm32f4xx_hal_rcc.o
    0x08002014   0x08002014   0x00000080   Code   RO           24    i.HAL_SPI_Init      stm32f4xx_hal_spi.o
    0x08002094   0x08002094   0x00000058   Code   RO         4233    i.HAL_SPI_MspInit   stm32f4xx_hal_msp.o
    0x080020ec   0x080020ec   0x00000018   Code   RO         1832    i.HAL_SYSTICK_CLKSourceConfig  stm32f4xx_hal_cortex.o
    0x08002104   0x08002104   0x00000028   Code   RO         1834    i.HAL_SYSTICK_Config  stm32f4xx_hal_cortex.o
    0x0800212c   0x0800212c   0x00000002   Code   RO         2804    i.HAL_TIMEx_BreakCallback  stm32f4xx_hal_tim_ex.o
    0x0800212e   0x0800212e   0x00000002   Code   RO         2805    i.HAL_TIMEx_CommutationCallback  stm32f4xx_hal_tim_ex.o
    0x08002130   0x08002130   0x00000050   Code   RO         2821    i.HAL_TIMEx_MasterConfigSynchronization  stm32f4xx_hal_tim_ex.o
    0x08002180   0x08002180   0x00000036   Code   RO         2175    i.HAL_TIM_Base_Init  stm32f4xx_hal_tim.o
    0x080021b6   0x080021b6   0x00000002   PAD
    0x080021b8   0x080021b8   0x00000034   Code   RO         4235    i.HAL_TIM_Base_MspInit  stm32f4xx_hal_msp.o
    0x080021ec   0x080021ec   0x00000018   Code   RO         2180    i.HAL_TIM_Base_Start_IT  stm32f4xx_hal_tim.o
    0x08002204   0x08002204   0x000000f2   Code   RO         2184    i.HAL_TIM_ConfigClockSource  stm32f4xx_hal_tim.o
    0x080022f6   0x080022f6   0x00000002   Code   RO         2204    i.HAL_TIM_IC_CaptureCallback  stm32f4xx_hal_tim.o
    0x080022f8   0x080022f8   0x00000166   Code   RO         2217    i.HAL_TIM_IRQHandler  stm32f4xx_hal_tim.o
    0x0800245e   0x0800245e   0x00000002   PAD
    0x08002460   0x08002460   0x00000034   Code   RO         4236    i.HAL_TIM_MspPostInit  stm32f4xx_hal_msp.o
    0x08002494   0x08002494   0x00000002   Code   RO         2220    i.HAL_TIM_OC_DelayElapsedCallback  stm32f4xx_hal_tim.o
    0x08002496   0x08002496   0x000000d0   Code   RO         2241    i.HAL_TIM_PWM_ConfigChannel  stm32f4xx_hal_tim.o
    0x08002566   0x08002566   0x00000036   Code   RO         2244    i.HAL_TIM_PWM_Init  stm32f4xx_hal_tim.o
    0x0800259c   0x0800259c   0x00000002   Code   RO         2246    i.HAL_TIM_PWM_MspInit  stm32f4xx_hal_tim.o
    0x0800259e   0x0800259e   0x00000002   Code   RO         2247    i.HAL_TIM_PWM_PulseFinishedCallback  stm32f4xx_hal_tim.o
    0x080025a0   0x080025a0   0x00000038   Code   RO         2248    i.HAL_TIM_PWM_Start  stm32f4xx_hal_tim.o
    0x080025d8   0x080025d8   0x00000014   Code   RO         4088    i.HAL_TIM_PeriodElapsedCallback  main.o
    0x080025ec   0x080025ec   0x00000002   Code   RO         2258    i.HAL_TIM_TriggerCallback  stm32f4xx_hal_tim.o
    0x080025ee   0x080025ee   0x00000232   Code   RO         1675    i.HCD_HC_IN_IRQHandler  stm32f4xx_hal_hcd.o
    0x08002820   0x08002820   0x00000216   Code   RO         1676    i.HCD_HC_OUT_IRQHandler  stm32f4xx_hal_hcd.o
    0x08002a36   0x08002a36   0x000000ac   Code   RO         1677    i.HCD_Port_IRQHandler  stm32f4xx_hal_hcd.o
    0x08002ae2   0x08002ae2   0x00000002   PAD
    0x08002ae4   0x08002ae4   0x00000070   Code   RO         1678    i.HCD_RXQLVL_IRQHandler  stm32f4xx_hal_hcd.o
    0x08002b54   0x08002b54   0x00000054   Code   RO         4089    i.MX_ADC1_Init      main.o
    0x08002ba8   0x08002ba8   0x00000014   Code   RO         3913    i.MX_DriverVbusFS   usbh_platform.o
    0x08002bbc   0x08002bbc   0x000001ec   Code   RO         4090    i.MX_GPIO_Init      main.o
    0x08002da8   0x08002da8   0x00000038   Code   RO         4091    i.MX_I2C1_Init      main.o
    0x08002de0   0x08002de0   0x00000040   Code   RO         4092    i.MX_SPI1_Init      main.o
    0x08002e20   0x08002e20   0x00000074   Code   RO         4093    i.MX_TIM3_Init      main.o
    0x08002e94   0x08002e94   0x0000002c   Code   RO         3754    i.MX_USB_HOST_Init  usb_host.o
    0x08002ec0   0x08002ec0   0x00000020   Code   RO         1836    i.NVIC_SetPriority  stm32f4xx_hal_cortex.o
    0x08002ee0   0x08002ee0   0x0000000c   Code   RO         3865    i.OTG_FS_IRQHandler  stm32f4xx_it.o
    0x08002eec   0x08002eec   0x0000010c   Code   RO         4094    i.StartDefaultTask  main.o
    0x08002ff8   0x08002ff8   0x00000074   Code   RO         4095    i.StartTask02       main.o
    0x0800306c   0x0800306c   0x00000178   Code   RO         4096    i.StartTask03       main.o
    0x080031e4   0x080031e4   0x000000a8   Code   RO         4097    i.StartTask04       main.o
    0x0800328c   0x0800328c   0x00000004   Code   RO         3866    i.SysTick_Handler   stm32f4xx_it.o
    0x08003290   0x08003290   0x000000a0   Code   RO         4098    i.SystemClock_Config  main.o
    0x08003330   0x08003330   0x00000054   Code   RO         4900    i.SystemInit        system_stm32f4xx.o
    0x08003384   0x08003384   0x0000000c   Code   RO         3867    i.TIM1_UP_TIM10_IRQHandler  stm32f4xx_it.o
    0x08003390   0x08003390   0x000000c0   Code   RO         2259    i.TIM_Base_SetConfig  stm32f4xx_hal_tim.o
    0x08003450   0x08003450   0x00000016   Code   RO         2260    i.TIM_CCxChannelCmd  stm32f4xx_hal_tim.o
    0x08003466   0x08003466   0x00000014   Code   RO         2266    i.TIM_ETR_SetConfig  stm32f4xx_hal_tim.o
    0x0800347a   0x0800347a   0x00000010   Code   RO         2267    i.TIM_ITRx_SetConfig  stm32f4xx_hal_tim.o
    0x0800348a   0x0800348a   0x00000002   PAD
    0x0800348c   0x0800348c   0x00000058   Code   RO         2268    i.TIM_OC1_SetConfig  stm32f4xx_hal_tim.o
    0x080034e4   0x080034e4   0x00000064   Code   RO         2269    i.TIM_OC2_SetConfig  stm32f4xx_hal_tim.o
    0x08003548   0x08003548   0x00000060   Code   RO         2270    i.TIM_OC3_SetConfig  stm32f4xx_hal_tim.o
    0x080035a8   0x080035a8   0x00000050   Code   RO         2271    i.TIM_OC4_SetConfig  stm32f4xx_hal_tim.o
    0x080035f8   0x080035f8   0x00000022   Code   RO         2273    i.TIM_TI1_ConfigInputStage  stm32f4xx_hal_tim.o
    0x0800361a   0x0800361a   0x00000024   Code   RO         2275    i.TIM_TI2_ConfigInputStage  stm32f4xx_hal_tim.o
    0x0800363e   0x0800363e   0x00000034   Code   RO         4448    i.USBH_AllocPipe    usbh_pipes.o
    0x08003672   0x08003672   0x00000020   Code   RO         4739    i.USBH_BulkReceiveData  usbh_ioreq.o
    0x08003692   0x08003692   0x00000028   Code   RO         4740    i.USBH_BulkSendData  usbh_ioreq.o
    0x080036ba   0x080036ba   0x00000024   Code   RO         4493    i.USBH_CDC_ClassRequest  usbh_cdc.o
    0x080036de   0x080036de   0x0000005e   Code   RO         4496    i.USBH_CDC_InterfaceDeInit  usbh_cdc.o
    0x0800373c   0x0800373c   0x00000134   Code   RO         4497    i.USBH_CDC_InterfaceInit  usbh_cdc.o
    0x08003870   0x08003870   0x00000002   Code   RO         4498    i.USBH_CDC_LineCodingChanged  usbh_cdc.o
    0x08003872   0x08003872   0x000000b8   Code   RO         4499    i.USBH_CDC_Process  usbh_cdc.o
    0x0800392a   0x0800392a   0x00000002   Code   RO         4501    i.USBH_CDC_ReceiveCallback  usbh_cdc.o
    0x0800392c   0x0800392c   0x00000004   Code   RO         4502    i.USBH_CDC_SOFProcess  usbh_cdc.o
    0x08003930   0x08003930   0x00000002   Code   RO         4506    i.USBH_CDC_TransmitCallback  usbh_cdc.o
    0x08003932   0x08003932   0x0000000a   Code   RO         4449    i.USBH_ClosePipe    usbh_pipes.o
    0x0800393c   0x0800393c   0x0000001e   Code   RO         4811    i.USBH_ClrFeature   usbh_ctlreq.o
    0x0800395a   0x0800395a   0x0000001e   Code   RO         4741    i.USBH_CtlReceiveData  usbh_ioreq.o
    0x08003978   0x08003978   0x0000004a   Code   RO         4812    i.USBH_CtlReq       usbh_ctlreq.o
    0x080039c2   0x080039c2   0x00000028   Code   RO         4742    i.USBH_CtlSendData  usbh_ioreq.o
    0x080039ea   0x080039ea   0x0000001e   Code   RO         4743    i.USBH_CtlSendSetup  usbh_ioreq.o
    0x08003a08   0x08003a08   0x00000004   Code   RO         3946    i.USBH_Delay        usbh_conf.o
    0x08003a0c   0x08003a0c   0x00000044   Code   RO         4611    i.USBH_FindInterface  usbh_core.o
    0x08003a50   0x08003a50   0x00000018   Code   RO         4450    i.USBH_FreePipe     usbh_pipes.o
    0x08003a68   0x08003a68   0x00000034   Code   RO         4813    i.USBH_GetDescriptor  usbh_ctlreq.o
    0x08003a9c   0x08003a9c   0x0000000e   Code   RO         4814    i.USBH_GetNextDesc  usbh_ctlreq.o
    0x08003aaa   0x08003aaa   0x0000002c   Code   RO         4815    i.USBH_Get_CfgDesc  usbh_ctlreq.o
    0x08003ad6   0x08003ad6   0x0000009a   Code   RO         4816    i.USBH_Get_DevDesc  usbh_ctlreq.o
    0x08003b70   0x08003b70   0x00000048   Code   RO         4817    i.USBH_Get_StringDesc  usbh_ctlreq.o
    0x08003bb8   0x08003bb8   0x0000018c   Code   RO         4818    i.USBH_HandleControl  usbh_ctlreq.o
    0x08003d44   0x08003d44   0x00000116   Code   RO         4614    i.USBH_HandleEnum   usbh_core.o
    0x08003e5a   0x08003e5a   0x00000002   PAD
    0x08003e5c   0x08003e5c   0x00000068   Code   RO         4615    i.USBH_Init         usbh_core.o
    0x08003ec4   0x08003ec4   0x00000020   Code   RO         3947    i.USBH_LL_ClosePipe  usbh_conf.o
    0x08003ee4   0x08003ee4   0x00000038   Code   RO         4616    i.USBH_LL_Connect   usbh_core.o
    0x08003f1c   0x08003f1c   0x00000044   Code   RO         4617    i.USBH_LL_Disconnect  usbh_core.o
    0x08003f60   0x08003f60   0x0000001a   Code   RO         3949    i.USBH_LL_DriverVBUS  usbh_conf.o
    0x08003f7a   0x08003f7a   0x00000008   Code   RO         3950    i.USBH_LL_GetLastXferSize  usbh_conf.o
    0x08003f82   0x08003f82   0x00000022   Code   RO         3951    i.USBH_LL_GetSpeed  usbh_conf.o
    0x08003fa4   0x08003fa4   0x00000008   Code   RO         3953    i.USBH_LL_GetURBState  usbh_conf.o
    0x08003fac   0x08003fac   0x0000001e   Code   RO         4618    i.USBH_LL_IncTimer  usbh_core.o
    0x08003fca   0x08003fca   0x00000002   PAD
    0x08003fcc   0x08003fcc   0x00000068   Code   RO         3954    i.USBH_LL_Init      usbh_conf.o
    0x08004034   0x08004034   0x00000012   Code   RO         4619    i.USBH_LL_NotifyURBChange  usbh_core.o
    0x08004046   0x08004046   0x0000002a   Code   RO         3955    i.USBH_LL_OpenPipe  usbh_conf.o
    0x08004070   0x08004070   0x00000020   Code   RO         3956    i.USBH_LL_ResetPort  usbh_conf.o
    0x08004090   0x08004090   0x00000006   Code   RO         4620    i.USBH_LL_SetTimer  usbh_core.o
    0x08004096   0x08004096   0x00000020   Code   RO         3957    i.USBH_LL_SetToggle  usbh_conf.o
    0x080040b6   0x080040b6   0x00000020   Code   RO         3958    i.USBH_LL_Start     usbh_conf.o
    0x080040d6   0x080040d6   0x00000020   Code   RO         3959    i.USBH_LL_Stop      usbh_conf.o
    0x080040f6   0x080040f6   0x00000030   Code   RO         3960    i.USBH_LL_SubmitURB  usbh_conf.o
    0x08004126   0x08004126   0x00000014   Code   RO         4451    i.USBH_OpenPipe     usbh_pipes.o
    0x0800413a   0x0800413a   0x000000e8   Code   RO         4819    i.USBH_ParseCfgDesc  usbh_ctlreq.o
    0x08004222   0x08004222   0x00000180   Code   RO         4621    i.USBH_Process      usbh_core.o
    0x080043a2   0x080043a2   0x00000022   Code   RO         4622    i.USBH_Process_OS   usbh_core.o
    0x080043c4   0x080043c4   0x0000001c   Code   RO         4624    i.USBH_RegisterClass  usbh_core.o
    0x080043e0   0x080043e0   0x00000016   Code   RO         4625    i.USBH_SelectInterface  usbh_core.o
    0x080043f6   0x080043f6   0x0000001c   Code   RO         4820    i.USBH_SetAddress   usbh_ctlreq.o
    0x08004412   0x08004412   0x0000001c   Code   RO         4821    i.USBH_SetCfg       usbh_ctlreq.o
    0x0800442e   0x0800442e   0x00000014   Code   RO         4626    i.USBH_Start        usbh_core.o
    0x08004442   0x08004442   0x00000002   PAD
    0x08004444   0x08004444   0x00000020   Code   RO         3755    i.USBH_UserProcess  usb_host.o
    0x08004464   0x08004464   0x0000006c   Code   RO         1375    i.USB_CoreInit      stm32f4xx_ll_usb.o
    0x080044d0   0x080044d0   0x00000038   Code   RO         1376    i.USB_CoreReset     stm32f4xx_ll_usb.o
    0x08004508   0x08004508   0x0000000c   Code   RO         1382    i.USB_DisableGlobalInt  stm32f4xx_ll_usb.o
    0x08004514   0x08004514   0x00000040   Code   RO         1383    i.USB_DoPing        stm32f4xx_ll_usb.o
    0x08004554   0x08004554   0x0000002c   Code   RO         1384    i.USB_DriveVbus     stm32f4xx_ll_usb.o
    0x08004580   0x08004580   0x0000000c   Code   RO         1390    i.USB_EnableGlobalInt  stm32f4xx_ll_usb.o
    0x0800458c   0x0800458c   0x00000020   Code   RO         1391    i.USB_FlushRxFifo   stm32f4xx_ll_usb.o
    0x080045ac   0x080045ac   0x00000024   Code   RO         1392    i.USB_FlushTxFifo   stm32f4xx_ll_usb.o
    0x080045d0   0x080045d0   0x00000008   Code   RO         1393    i.USB_GetCurrentFrame  stm32f4xx_ll_usb.o
    0x080045d8   0x080045d8   0x0000000e   Code   RO         1395    i.USB_GetHostSpeed  stm32f4xx_ll_usb.o
    0x080045e6   0x080045e6   0x00000008   Code   RO         1396    i.USB_GetMode       stm32f4xx_ll_usb.o
    0x080045ee   0x080045ee   0x00000148   Code   RO         1397    i.USB_HC_Halt       stm32f4xx_ll_usb.o
    0x08004736   0x08004736   0x00000002   PAD
    0x08004738   0x08004738   0x000000ea   Code   RO         1398    i.USB_HC_Init       stm32f4xx_ll_usb.o
    0x08004822   0x08004822   0x0000000c   Code   RO         1399    i.USB_HC_ReadInterrupt  stm32f4xx_ll_usb.o
    0x0800482e   0x0800482e   0x00000002   PAD
    0x08004830   0x08004830   0x00000188   Code   RO         1400    i.USB_HC_StartXfer  stm32f4xx_ll_usb.o
    0x080049b8   0x080049b8   0x000000d4   Code   RO         1401    i.USB_HostInit      stm32f4xx_ll_usb.o
    0x08004a8c   0x08004a8c   0x00000036   Code   RO         1402    i.USB_InitFSLSPClkSel  stm32f4xx_ll_usb.o
    0x08004ac2   0x08004ac2   0x00000008   Code   RO         1407    i.USB_ReadInterrupts  stm32f4xx_ll_usb.o
    0x08004aca   0x08004aca   0x00000020   Code   RO         1408    i.USB_ReadPacket    stm32f4xx_ll_usb.o
    0x08004aea   0x08004aea   0x0000002c   Code   RO         1409    i.USB_ResetPort     stm32f4xx_ll_usb.o
    0x08004b16   0x08004b16   0x0000002c   Code   RO         1410    i.USB_SetCurrentMode  stm32f4xx_ll_usb.o
    0x08004b42   0x08004b42   0x000000b2   Code   RO         1414    i.USB_StopHost      stm32f4xx_ll_usb.o
    0x08004bf4   0x08004bf4   0x00000028   Code   RO         1415    i.USB_WritePacket   stm32f4xx_ll_usb.o
    0x08004c1c   0x08004c1c   0x00000002   Code   RO         4099    i._Error_Handler    main.o
    0x08004c1e   0x08004c1e   0x00000002   PAD
    0x08004c20   0x08004c20   0x00000020   Code   RO         6269    i.__0printf         mc_w.l(printfa.o)
    0x08004c40   0x08004c40   0x0000007a   Code   RO         6015    i.__hardfp_sqrt     m_wm.l(sqrt.o)
    0x08004cba   0x08004cba   0x0000000e   Code   RO         6388    i.__scatterload_copy  mc_w.l(handlers.o)
    0x08004cc8   0x08004cc8   0x00000002   Code   RO         6389    i.__scatterload_null  mc_w.l(handlers.o)
    0x08004cca   0x08004cca   0x0000000e   Code   RO         6390    i.__scatterload_zeroinit  mc_w.l(handlers.o)
    0x08004cd8   0x08004cd8   0x0000000c   Code   RO         6366    i.__set_errno       mc_w.l(errno.o)
    0x08004ce4   0x08004ce4   0x00000184   Code   RO         6276    i._fp_digits        mc_w.l(printfa.o)
    0x08004e68   0x08004e68   0x000006dc   Code   RO         6277    i._printf_core      mc_w.l(printfa.o)
    0x08005544   0x08005544   0x00000024   Code   RO         6278    i._printf_post_padding  mc_w.l(printfa.o)
    0x08005568   0x08005568   0x0000002e   Code   RO         6279    i._printf_pre_padding  mc_w.l(printfa.o)
    0x08005596   0x08005596   0x00000002   PAD
    0x08005598   0x08005598   0x00000098   Code   RO         4100    i.adjust_pwm        main.o
    0x08005630   0x08005630   0x000002c8   Code   RO         4409    i.display           led.o
    0x080058f8   0x080058f8   0x00000028   Code   RO         3726    i.fputc             fput_debug.o
    0x08005920   0x08005920   0x00000050   Code   RO         6297    i.free              mc_w.l(malloc.o)
    0x08005970   0x08005970   0x000000b8   Code   RO         4371    i.get_key           keypad.o
    0x08005a28   0x08005a28   0x0000000c   Code   RO         5042    i.inHandlerMode     cmsis_os.o
    0x08005a34   0x08005a34   0x000000bc   Code   RO         4101    i.main              main.o
    0x08005af0   0x08005af0   0x0000000c   Code   RO         5044    i.makeFreeRtosPriority  cmsis_os.o
    0x08005afc   0x08005afc   0x0000006c   Code   RO         6298    i.malloc            mc_w.l(malloc.o)
    0x08005b68   0x08005b68   0x0000000e   Code   RO         5046    i.osDelay           cmsis_os.o
    0x08005b76   0x08005b76   0x0000000a   Code   RO         5049    i.osKernelStart     cmsis_os.o
    0x08005b80   0x08005b80   0x00000008   Code   RO         5058    i.osMessageCreate   cmsis_os.o
    0x08005b88   0x08005b88   0x00000098   Code   RO         5060    i.osMessageGet      cmsis_os.o
    0x08005c20   0x08005c20   0x0000005c   Code   RO         5062    i.osMessagePut      cmsis_os.o
    0x08005c7c   0x08005c7c   0x00000014   Code   RO         5082    i.osSystickHandler  cmsis_os.o
    0x08005c90   0x08005c90   0x0000002e   Code   RO         5083    i.osThreadCreate    cmsis_os.o
    0x08005cbe   0x08005cbe   0x00000002   PAD
    0x08005cc0   0x08005cc0   0x00000034   Code   RO         5087    i.osThreadResume    cmsis_os.o
    0x08005cf4   0x08005cf4   0x0000000a   Code   RO         5090    i.osThreadSuspend   cmsis_os.o
    0x08005cfe   0x08005cfe   0x00000002   PAD
    0x08005d00   0x08005d00   0x00000098   Code   RO         5581    i.prvAddCurrentTaskToDelayedList  tasks.o
    0x08005d98   0x08005d98   0x000000b4   Code   RO         5582    i.prvAddNewTaskToReadyList  tasks.o
    0x08005e4c   0x08005e4c   0x00000064   Code   RO         5583    i.prvCheckTasksWaitingTermination  tasks.o
    0x08005eb0   0x08005eb0   0x00000026   Code   RO         5879    i.prvCopyDataFromQueue  queue.o
    0x08005ed6   0x08005ed6   0x0000006c   Code   RO         5880    i.prvCopyDataToQueue  queue.o
    0x08005f42   0x08005f42   0x00000012   Code   RO         5584    i.prvDeleteTCB      tasks.o
    0x08005f54   0x08005f54   0x0000004c   Code   RO         4979    i.prvHeapInit       heap_4.o
    0x08005fa0   0x08005fa0   0x00000028   Code   RO         5585    i.prvIdleTask       tasks.o
    0x08005fc8   0x08005fc8   0x000000aa   Code   RO         5586    i.prvInitialiseNewTask  tasks.o
    0x08006072   0x08006072   0x00000002   PAD
    0x08006074   0x08006074   0x00000068   Code   RO         5587    i.prvInitialiseTaskLists  tasks.o
    0x080060dc   0x080060dc   0x0000004c   Code   RO         4980    i.prvInsertBlockIntoFreeList  heap_4.o
    0x08006128   0x08006128   0x0000001c   Code   RO         5881    i.prvIsQueueEmpty   queue.o
    0x08006144   0x08006144   0x00000034   Code   RO         5588    i.prvResetNextTaskUnblockTime  tasks.o
    0x08006178   0x08006178   0x00000028   Code   RO         5424    i.prvTaskExitError  port.o
    0x080061a0   0x080061a0   0x00000058   Code   RO         5589    i.prvTaskIsTaskSuspended  tasks.o
    0x080061f8   0x080061f8   0x0000006a   Code   RO         5882    i.prvUnlockQueue    queue.o
    0x08006262   0x08006262   0x00000002   PAD
    0x08006264   0x08006264   0x000000d8   Code   RO         4981    i.pvPortMalloc      heap_4.o
    0x0800633c   0x0800633c   0x00000020   Code   RO         5590    i.pvTaskIncrementMutexHeldCount  tasks.o
    0x0800635c   0x0800635c   0x0000002c   Code   RO         5425    i.pxPortInitialiseStack  port.o
    0x08006388   0x08006388   0x00000038   Code   RO         4411    i.reset_display     led.o
    0x080063c0   0x080063c0   0x00000048   Code   RO         4102    i.update_duty_cycle  main.o
    0x08006408   0x08006408   0x00000050   Code   RO         4103    i.update_voltage    main.o
    0x08006458   0x08006458   0x00000024   Code   RO         4934    i.uxListRemove      list.o
    0x0800647c   0x0800647c   0x00000016   Code   RO         4935    i.vListInitialise   list.o
    0x08006492   0x08006492   0x00000006   Code   RO         4936    i.vListInitialiseItem  list.o
    0x08006498   0x08006498   0x00000030   Code   RO         4937    i.vListInsert       list.o
    0x080064c8   0x080064c8   0x00000018   Code   RO         4938    i.vListInsertEnd    list.o
    0x080064e0   0x080064e0   0x00000040   Code   RO         5427    i.vPortEnterCritical  port.o
    0x08006520   0x08006520   0x00000028   Code   RO         5428    i.vPortExitCritical  port.o
    0x08006548   0x08006548   0x0000005c   Code   RO         4982    i.vPortFree         heap_4.o
    0x080065a4   0x080065a4   0x00000020   Code   RO         5429    i.vPortSetupTimerInterrupt  port.o
    0x080065c4   0x080065c4   0x00000054   Code   RO         5430    i.vPortValidateInterruptPriority  port.o
    0x08006618   0x08006618   0x0000005c   Code   RO         5596    i.vTaskDelay        tasks.o
    0x08006674   0x08006674   0x0000000c   Code   RO         5599    i.vTaskMissedYield  tasks.o
    0x08006680   0x08006680   0x00000038   Code   RO         5601    i.vTaskPlaceOnEventList  tasks.o
    0x080066b8   0x080066b8   0x000000b0   Code   RO         5603    i.vTaskPriorityInherit  tasks.o
    0x08006768   0x08006768   0x00000090   Code   RO         5605    i.vTaskResume       tasks.o
    0x080067f8   0x080067f8   0x00000030   Code   RO         5606    i.vTaskSetTimeOutState  tasks.o
    0x08006828   0x08006828   0x00000088   Code   RO         5607    i.vTaskStartScheduler  tasks.o
    0x080068b0   0x080068b0   0x000000e4   Code   RO         5608    i.vTaskSuspend      tasks.o
    0x08006994   0x08006994   0x00000010   Code   RO         5609    i.vTaskSuspendAll   tasks.o
    0x080069a4   0x080069a4   0x0000008c   Code   RO         5610    i.vTaskSwitchContext  tasks.o
    0x08006a30   0x08006a30   0x000000e0   Code   RO         5431    i.xPortStartScheduler  port.o
    0x08006b10   0x08006b10   0x0000002c   Code   RO         5432    i.xPortSysTickHandler  port.o
    0x08006b3c   0x08006b3c   0x00000048   Code   RO         5890    i.xQueueGenericCreate  queue.o
    0x08006b84   0x08006b84   0x0000016c   Code   RO         5891    i.xQueueGenericReceive  queue.o
    0x08006cf0   0x08006cf0   0x00000088   Code   RO         5892    i.xQueueGenericReset  queue.o
    0x08006d78   0x08006d78   0x00000160   Code   RO         5893    i.xQueueGenericSend  queue.o
    0x08006ed8   0x08006ed8   0x000000bc   Code   RO         5894    i.xQueueGenericSendFromISR  queue.o
    0x08006f94   0x08006f94   0x0000009a   Code   RO         5899    i.xQueueReceiveFromISR  queue.o
    0x0800702e   0x0800702e   0x00000002   PAD
    0x08007030   0x08007030   0x0000008c   Code   RO         5611    i.xTaskCheckForTimeOut  tasks.o
    0x080070bc   0x080070bc   0x00000060   Code   RO         5612    i.xTaskCreate       tasks.o
    0x0800711c   0x0800711c   0x00000020   Code   RO         5616    i.xTaskGetSchedulerState  tasks.o
    0x0800713c   0x0800713c   0x00000148   Code   RO         5619    i.xTaskIncrementTick  tasks.o
    0x08007284   0x08007284   0x000000c8   Code   RO         5622    i.xTaskPriorityDisinherit  tasks.o
    0x0800734c   0x0800734c   0x00000098   Code   RO         5623    i.xTaskRemoveFromEventList  tasks.o
    0x080073e4   0x080073e4   0x00000104   Code   RO         5625    i.xTaskResumeAll    tasks.o
    0x080074e8   0x080074e8   0x000000b4   Code   RO         5626    i.xTaskResumeFromISR  tasks.o
    0x0800759c   0x0800759c   0x00000050   Data   RO         4105    .constdata          main.o
    0x080075ec   0x080075ec   0x00000040   Data   RO         4373    .constdata          keypad.o
    0x0800762c   0x0800762c   0x0000001c   Data   RO         4628    .constdata          usbh_core.o
    0x08007648   0x08007648   0x00000010   Data   RO         4901    .constdata          system_stm32f4xx.o
    0x08007658   0x08007658   0x00000008   Data   RO         4902    .constdata          system_stm32f4xx.o
    0x08007660   0x08007660   0x00000030   Data   RO         4106    .conststring        main.o
    0x08007690   0x08007690   0x00000004   Data   RO         4507    .conststring        usbh_cdc.o
    0x08007694   0x08007694   0x0000000c   Data   RO         4629    .conststring        usbh_core.o
    0x080076a0   0x080076a0   0x00000020   Data   RO         6386    Region$$Table       anon$$obj.o


    Execution Region RW_IRAM1 (Exec base: 0x20000000, Load base: 0x080076c0, Size: 0x00004c38, Max: 0x00020000, ABSOLUTE)

    Exec Addr    Load Addr    Size         Type   Attr      Idx    E Section Name        Object

    0x20000000   0x080076c0   0x0000000c   Data   RW         1045    .data               stm32f4xx_hal.o
    0x2000000c   0x080076cc   0x00000001   Data   RW         3757    .data               usb_host.o
    0x2000000d   0x080076cd   0x00000003   PAD
    0x20000010   0x080076d0   0x00000070   Data   RW         4107    .data               main.o
    0x20000080   0x08007740   0x00000010   Data   RW         4374    .data               keypad.o
    0x20000090   0x08007750   0x00000020   Data   RW         4508    .data               usbh_cdc.o
    0x200000b0   0x08007770   0x00000004   Data   RW         4903    .data               system_stm32f4xx.o
    0x200000b4   0x08007774   0x00000018   Data   RW         4987    .data               heap_4.o
    0x200000cc   0x0800778c   0x0000000c   Data   RW         5433    .data               port.o
    0x200000d8   0x08007798   0x0000003c   Data   RW         5628    .data               tasks.o
    0x20000114   0x080077d4   0x00000004   Data   RW         6353    .data               mc_w.l(stdout.o)
    0x20000118   0x080077d8   0x00000004   Data   RW         6362    .data               mc_w.l(mvars.o)
    0x2000011c   0x080077dc   0x00000004   Data   RW         6363    .data               mc_w.l(mvars.o)
    0x20000120   0x080077e0   0x00000004   Data   RW         6367    .data               mc_w.l(errno.o)
    0x20000124        -       0x000003d0   Zero   RW         3756    .bss                usb_host.o
    0x200004f4        -       0x00000298   Zero   RW         3961    .bss                usbh_conf.o
    0x2000078c        -       0x00000180   Zero   RW         4104    .bss                main.o
    0x2000090c        -       0x0000003c   Zero   RW         4334    .bss                stm32f4xx_hal_timebase_tim.o
    0x20000948        -       0x00003c00   Zero   RW         4986    .bss                heap_4.o
    0x20004548        -       0x000000f0   Zero   RW         5627    .bss                tasks.o
    0x20004638        -       0x00000200   Zero   RW            2    HEAP                startup_stm32f407xx.o
    0x20004838        -       0x00000400   Zero   RW            1    STACK               startup_stm32f407xx.o


==============================================================================

Image component sizes


      Code (inc. data)   RO Data    RW Data    ZI Data      Debug   Object Name

       428         18          0          0          0      19567   cmsis_os.o
         0          0          0          0          0       8112   event_groups.o
        40          4          0          0          0      27335   fput_debug.o
       460         24          0         24      15360       7483   heap_4.o
       184         22         64         16          0       1592   keypad.o
       768         14          0          0          0       1670   led.o
       136          0          0          0          0       5138   list.o
      2502        304        128        112        384      17337   main.o
       758         84          0         12          0      12145   port.o
      1546         14          0          0          0      14040   queue.o
        36          8        392          0       1536        856   startup_stm32f407xx.o
       116         18          0         12          0       4018   stm32f4xx_hal.o
      1446         46          0          0          0       8660   stm32f4xx_hal_adc.o
         2          0          0          0          0       1025   stm32f4xx_hal_adc_ex.o
       218         14          0          0          0      31181   stm32f4xx_hal_cortex.o
       106          0          0          0          0       1955   stm32f4xx_hal_dac.o
       442         44          0          0          0       2484   stm32f4xx_hal_gpio.o
      2198          4          0          0          0      13717   stm32f4xx_hal_hcd.o
       264         10          0          0          0       3027   stm32f4xx_hal_i2c.o
       554         68          0          0          0       4915   stm32f4xx_hal_msp.o
      1336         92          0          0          0       6453   stm32f4xx_hal_rcc.o
       128          0          0          0          0     715395   stm32f4xx_hal_spi.o
      1690         88          0          0          0      16772   stm32f4xx_hal_tim.o
        84          0          0          0          0       2494   stm32f4xx_hal_tim_ex.o
       116         16          0          0         60       1512   stm32f4xx_hal_timebase_tim.o
        40         18          0          0          0       1918   stm32f4xx_it.o
      1972         48          0          0          0      17703   stm32f4xx_ll_usb.o
        84         18         24          4          0       1219   system_stm32f4xx.o
      3372        436          0         60        240      26853   tasks.o
        76         18          0          1        976      30680   usb_host.o
       904          6          4         32          0      12980   usbh_cdc.o
       586         36          0          0        664      11648   usbh_conf.o
      1188         26         40          0          0      11458   usbh_core.o
      1124         12          0          0          0      10060   usbh_ctlreq.o
       172          0          0          0          0       4472   usbh_ioreq.o
       106          0          0          0          0       3470   usbh_pipes.o
        20          4          0          0          0        538   usbh_platform.o

    ----------------------------------------------------------------------
     25244       1514        684        276      19220    1061882   Object Totals
         0          0         32          0          0          0   (incl. Generated)
        42          0          0          3          0          0   (incl. Padding)

    ----------------------------------------------------------------------

      Code (inc. data)   RO Data    RW Data    ZI Data      Debug   Library Member Name

       122          0          0          0          0        148   sqrt.o
         0          0          0          0          0          0   entry.o
         0          0          0          0          0          0   entry10a.o
         0          0          0          0          0          0   entry11a.o
         8          4          0          0          0          0   entry2.o
         4          0          0          0          0          0   entry5.o
         0          0          0          0          0          0   entry7b.o
         0          0          0          0          0          0   entry8b.o
         8          4          0          0          0          0   entry9a.o
        12          6          0          4          0         68   errno.o
        30          0          0          0          0          0   handlers.o
        36          8          0          0          0         68   init.o
         0          0          0          0          0          0   iusefp.o
        30          0          0          0          0         68   llshl.o
        36          0          0          0          0         68   llsshr.o
        32          0          0          0          0         68   llushr.o
       188         20          0          0          0        160   malloc.o
        36          0          0          0          0         68   memcpya.o
         0          0          0          8          0          0   mvars.o
      2258         90          0          0          0        452   printfa.o
         0          0          0          4          0          0   stdout.o
        44          0          0          0          0         80   uidiv.o
        98          0          0          0          0         92   uldiv.o
        48          0          0          0          0         68   cdrcmple.o
        56          0          0          0          0         88   d2f.o
       334          0          0          0          0        148   dadd.o
       222          0          0          0          0        100   ddiv.o
       186          0          0          0          0        176   depilogue.o
        62          0          0          0          0         80   dfixi.o
        48          0          0          0          0         68   dfixul.o
        34          0          0          0          0         76   dflti.o
       228          0          0          0          0         96   dmul.o
       162          0          0          0          0        100   dsqrt.o
        38          0          0          0          0         68   f2d.o
       110          0          0          0          0        168   fepilogue.o

    ----------------------------------------------------------------------
      4472        132          0         16          0       2576   Library Totals
         2          0          0          0          0          0   (incl. Padding)

    ----------------------------------------------------------------------

      Code (inc. data)   RO Data    RW Data    ZI Data      Debug   Library Name

       122          0          0          0          0        148   m_wm.l
      2820        132          0         16          0       1192   mc_w.l
      1528          0          0          0          0       1236   mf_w.l

    ----------------------------------------------------------------------
      4472        132          0         16          0       2576   Library Totals

    ----------------------------------------------------------------------

==============================================================================


      Code (inc. data)   RO Data    RW Data    ZI Data      Debug   

     29716       1646        684        292      19220    1037714   Grand Totals
     29716       1646        684        292      19220    1037714   ELF Image Totals
     29716       1646        684        292          0          0   ROM Totals

==============================================================================

    Total RO  Size (Code + RO Data)                30400 (  29.69kB)
    Total RW  Size (RW Data + ZI Data)             19512 (  19.05kB)
    Total ROM Size (Code + RO Data + RW Data)      30692 (  29.97kB)

==============================================================================

