Component: ARM Compiler 5.06 update 5 (build 528) Tool: armlink [4d35e2]

==============================================================================

Section Cross References

    startup_stm32f407xx.o(RESET) refers to startup_stm32f407xx.o(STACK) for __initial_sp
    startup_stm32f407xx.o(RESET) refers to startup_stm32f407xx.o(.text) for Reset_Handler
    startup_stm32f407xx.o(RESET) refers to port.o(.emb_text) for SVC_Handler
    startup_stm32f407xx.o(RESET) refers to stm32f4xx_it.o(i.SysTick_Handler) for SysTick_Handler
    startup_stm32f407xx.o(RESET) refers to stm32f4xx_it.o(i.ADC_IRQHandler) for ADC_IRQHandler
    startup_stm32f407xx.o(RESET) refers to stm32f4xx_it.o(i.TIM1_UP_TIM10_IRQHandler) for TIM1_UP_TIM10_IRQHandler
    startup_stm32f407xx.o(RESET) refers to stm32f4xx_it.o(i.OTG_FS_IRQHandler) for OTG_FS_IRQHandler
    startup_stm32f407xx.o(.text) refers to system_stm32f4xx.o(i.SystemInit) for SystemInit
    startup_stm32f407xx.o(.text) refers to entry.o(.ARM.Collect$$$$00000000) for __main
    stm32f4xx_hal_spi.o(i.HAL_SPI_Abort) refers to stm32f4xx_hal_dma.o(i.HAL_DMA_Abort) for HAL_DMA_Abort
    stm32f4xx_hal_spi.o(i.HAL_SPI_Abort) refers to system_stm32f4xx.o(.data) for SystemCoreClock
    stm32f4xx_hal_spi.o(i.HAL_SPI_Abort) refers to stm32f4xx_hal_spi.o(i.SPI_AbortTx_ISR) for SPI_AbortTx_ISR
    stm32f4xx_hal_spi.o(i.HAL_SPI_Abort) refers to stm32f4xx_hal_spi.o(i.SPI_AbortRx_ISR) for SPI_AbortRx_ISR
    stm32f4xx_hal_spi.o(i.HAL_SPI_Abort_IT) refers to stm32f4xx_hal_dma.o(i.HAL_DMA_Abort_IT) for HAL_DMA_Abort_IT
    stm32f4xx_hal_spi.o(i.HAL_SPI_Abort_IT) refers to stm32f4xx_hal_spi.o(i.HAL_SPI_AbortCpltCallback) for HAL_SPI_AbortCpltCallback
    stm32f4xx_hal_spi.o(i.HAL_SPI_Abort_IT) refers to stm32f4xx_hal_spi.o(i.SPI_AbortTx_ISR) for SPI_AbortTx_ISR
    stm32f4xx_hal_spi.o(i.HAL_SPI_Abort_IT) refers to stm32f4xx_hal_spi.o(i.SPI_AbortRx_ISR) for SPI_AbortRx_ISR
    stm32f4xx_hal_spi.o(i.HAL_SPI_Abort_IT) refers to stm32f4xx_hal_spi.o(i.SPI_DMATxAbortCallback) for SPI_DMATxAbortCallback
    stm32f4xx_hal_spi.o(i.HAL_SPI_Abort_IT) refers to stm32f4xx_hal_spi.o(i.SPI_DMARxAbortCallback) for SPI_DMARxAbortCallback
    stm32f4xx_hal_spi.o(i.HAL_SPI_DMAStop) refers to stm32f4xx_hal_dma.o(i.HAL_DMA_Abort) for HAL_DMA_Abort
    stm32f4xx_hal_spi.o(i.HAL_SPI_DeInit) refers to stm32f4xx_hal_msp.o(i.HAL_SPI_MspDeInit) for HAL_SPI_MspDeInit
    stm32f4xx_hal_spi.o(i.HAL_SPI_IRQHandler) refers to stm32f4xx_hal_dma.o(i.HAL_DMA_Abort_IT) for HAL_DMA_Abort_IT
    stm32f4xx_hal_spi.o(i.HAL_SPI_IRQHandler) refers to stm32f4xx_hal_spi.o(i.HAL_SPI_ErrorCallback) for HAL_SPI_ErrorCallback
    stm32f4xx_hal_spi.o(i.HAL_SPI_IRQHandler) refers to stm32f4xx_hal_spi.o(i.SPI_DMAAbortOnError) for SPI_DMAAbortOnError
    stm32f4xx_hal_spi.o(i.HAL_SPI_Init) refers to stm32f4xx_hal_msp.o(i.HAL_SPI_MspInit) for HAL_SPI_MspInit
    stm32f4xx_hal_spi.o(i.HAL_SPI_Receive) refers to stm32f4xx_hal.o(i.HAL_GetTick) for HAL_GetTick
    stm32f4xx_hal_spi.o(i.HAL_SPI_Receive) refers to stm32f4xx_hal_spi.o(i.HAL_SPI_TransmitReceive) for HAL_SPI_TransmitReceive
    stm32f4xx_hal_spi.o(i.HAL_SPI_Receive_DMA) refers to stm32f4xx_hal_spi.o(i.HAL_SPI_TransmitReceive_DMA) for HAL_SPI_TransmitReceive_DMA
    stm32f4xx_hal_spi.o(i.HAL_SPI_Receive_DMA) refers to stm32f4xx_hal_dma.o(i.HAL_DMA_Start_IT) for HAL_DMA_Start_IT
    stm32f4xx_hal_spi.o(i.HAL_SPI_Receive_DMA) refers to stm32f4xx_hal_spi.o(i.SPI_DMAHalfReceiveCplt) for SPI_DMAHalfReceiveCplt
    stm32f4xx_hal_spi.o(i.HAL_SPI_Receive_DMA) refers to stm32f4xx_hal_spi.o(i.SPI_DMAReceiveCplt) for SPI_DMAReceiveCplt
    stm32f4xx_hal_spi.o(i.HAL_SPI_Receive_DMA) refers to stm32f4xx_hal_spi.o(i.SPI_DMAError) for SPI_DMAError
    stm32f4xx_hal_spi.o(i.HAL_SPI_Receive_IT) refers to stm32f4xx_hal_spi.o(i.HAL_SPI_TransmitReceive_IT) for HAL_SPI_TransmitReceive_IT
    stm32f4xx_hal_spi.o(i.HAL_SPI_Receive_IT) refers to stm32f4xx_hal_spi.o(i.SPI_RxISR_16BIT) for SPI_RxISR_16BIT
    stm32f4xx_hal_spi.o(i.HAL_SPI_Receive_IT) refers to stm32f4xx_hal_spi.o(i.SPI_RxISR_8BIT) for SPI_RxISR_8BIT
    stm32f4xx_hal_spi.o(i.HAL_SPI_Transmit) refers to stm32f4xx_hal.o(i.HAL_GetTick) for HAL_GetTick
    stm32f4xx_hal_spi.o(i.HAL_SPI_Transmit) refers to stm32f4xx_hal_spi.o(i.SPI_WaitFlagStateUntilTimeout) for SPI_WaitFlagStateUntilTimeout
    stm32f4xx_hal_spi.o(i.HAL_SPI_Transmit) refers to stm32f4xx_hal_spi.o(i.SPI_CheckFlag_BSY) for SPI_CheckFlag_BSY
    stm32f4xx_hal_spi.o(i.HAL_SPI_TransmitReceive) refers to stm32f4xx_hal.o(i.HAL_GetTick) for HAL_GetTick
    stm32f4xx_hal_spi.o(i.HAL_SPI_TransmitReceive) refers to stm32f4xx_hal_spi.o(i.SPI_WaitFlagStateUntilTimeout) for SPI_WaitFlagStateUntilTimeout
    stm32f4xx_hal_spi.o(i.HAL_SPI_TransmitReceive) refers to stm32f4xx_hal_spi.o(i.SPI_CheckFlag_BSY) for SPI_CheckFlag_BSY
    stm32f4xx_hal_spi.o(i.HAL_SPI_TransmitReceive_DMA) refers to stm32f4xx_hal_dma.o(i.HAL_DMA_Start_IT) for HAL_DMA_Start_IT
[...]
    .bss                                     0x2000454c   Section      240  tasks.o(.bss)
    pxReadyTasksLists                        0x2000454c   Data         140  tasks.o(.bss)
    xDelayedTaskList1                        0x200045d8   Data          20  tasks.o(.bss)
    xDelayedTaskList2                        0x200045ec   Data          20  tasks.o(.bss)
    xPendingReadyList                        0x20004600   Data          20  tasks.o(.bss)
    xTasksWaitingTermination                 0x20004614   Data          20  tasks.o(.bss)
    xSuspendedTaskList                       0x20004628   Data          20  tasks.o(.bss)
    HEAP                                     0x20004640   Section      512  startup_stm32f407xx.o(HEAP)
    STACK                                    0x20004840   Section     1024  startup_stm32f407xx.o(STACK)

    Global Symbols

    Symbol Name                              Value     Ov Type        Size  Object(Section)

    BuildAttributes$$THM_ISAv4$E$P$D$K$B$S$7EM$VFPi3$EXTD16$VFPS$VFMA$PE$A:L22UL41UL21$X:L11$S22US41US21$IEEE1$IW$USESV6$~STKCKD$USESV7$~SHL$OTIME$ROPI$IEEEJ$EBA8$MICROLIB$REQ8$PRES8$EABIv2 0x00000000   Number         0  anon$$obj.o ABSOLUTE
    __ARM_use_no_argv                        0x00000000   Number         0  main.o ABSOLUTE
    _printf_a                                0x00000000   Number         0  stubs.o ABSOLUTE
    _printf_c                                0x00000000   Number         0  stubs.o ABSOLUTE
    _printf_charcount                        0x00000000   Number         0  stubs.o ABSOLUTE
    _printf_d                                0x00000000   Number         0  stubs.o ABSOLUTE
    _printf_e                                0x00000000   Number         0  stubs.o ABSOLUTE
    _printf_f                                0x00000000   Number         0  stubs.o ABSOLUTE
    _printf_flags                            0x00000000   Number         0  stubs.o ABSOLUTE
    _printf_fp_dec                           0x00000000   Number         0  stubs.o ABSOLUTE
    _printf_fp_hex                           0x00000000   Number         0  stubs.o ABSOLUTE
    _printf_g                                0x00000000   Number         0  stubs.o ABSOLUTE
    _printf_i                                0x00000000   Number         0  stubs.o ABSOLUTE
    _printf_int_dec                          0x00000000   Number         0  stubs.o ABSOLUTE
    _printf_l                                0x00000000   Number         0  stubs.o ABSOLUTE
    _printf_lc                               0x00000000   Number         0  stubs.o ABSOLUTE
    _printf_ll                               0x00000000   Number         0  stubs.o ABSOLUTE
    _printf_lld                              0x00000000   Number         0  stubs.o ABSOLUTE
    _printf_lli                              0x00000000   Number         0  stubs.o ABSOLUTE
    _printf_llo                              0x00000000   Number         0  stubs.o ABSOLUTE
    _printf_llu                              0x00000000   Number         0  stubs.o ABSOLUTE
    _printf_llx                              0x00000000   Number         0  stubs.o ABSOLUTE
    _printf_longlong_dec                     0x00000000   Number         0  stubs.o ABSOLUTE
    _printf_longlong_hex                     0x00000000   Number         0  stubs.o ABSOLUTE
    _printf_longlong_oct                     0x00000000   Number         0  stubs.o ABSOLUTE
    _printf_ls                               0x00000000   Number         0  stubs.o ABSOLUTE
    _printf_mbtowc                           0x00000000   Number         0  stubs.o ABSOLUTE
    _printf_n                                0x00000000   Number         0  stubs.o ABSOLUTE
    _printf_o                                0x00000000   Number         0  stubs.o ABSOLUTE
    _printf_p                                0x00000000   Number         0  stubs.o ABSOLUTE
    _printf_percent                          0x00000000   Number         0  stubs.o ABSOLUTE
    _printf_pre_padding                      0x00000000   Number         0  stubs.o ABSOLUTE
    _printf_return_value                     0x00000000   Number         0  stubs.o ABSOLUTE
    _printf_s                                0x00000000   Number         0  stubs.o ABSOLUTE
    _printf_sizespec                         0x00000000   Number         0  stubs.o ABSOLUTE
    _printf_str                              0x00000000   Number         0  stubs.o ABSOLUTE
    _printf_truncate_signed                  0x00000000   Number         0  stubs.o ABSOLUTE
    _printf_truncate_unsigned                0x00000000   Number         0  stubs.o ABSOLUTE
    _printf_u                                0x00000000   Number         0  stubs.o ABSOLUTE
    _printf_wc                               0x00000000   Number         0  stubs.o ABSOLUTE
    _printf_wctomb                           0x00000000   Number         0  stubs.o ABSOLUTE
    _printf_widthprec                        0x00000000   Number         0  stubs.o ABSOLUTE
    _printf_x                                0x00000000   Number         0  stubs.o ABSOLUTE
    __cpp_initialize__aeabi_                  - Undefined Weak Reference
    __cxa_finalize                            - Undefined Weak Reference
    __decompress                              - Undefined Weak Reference
    _clock_init                               - Undefined Weak Reference
    _microlib_exit                            - Undefined Weak Reference
    __Vectors_Size                           0x00000188   Number         0  startup_stm32f407xx.o ABSOLUTE
    __Vectors                                0x08000000   Data           4  startup_stm32f407xx.o(RESET)
    __Vectors_End                            0x08000188   Data           0  startup_stm32f407xx.o(RESET)
    __main                                   0x08000189   Thumb Code     0  entry.o(.ARM.Collect$$$$00000000)
    _main_stk                                0x08000189   Thumb Code     0  entry2.o(.ARM.Collect$$$$00000001)
    _main_scatterload                        0x0800018d   Thumb Code     0  entry5.o(.ARM.Collect$$$$00000004)
    __main_after_scatterload                 0x08000191   Thumb Code     0  entry5.o(.ARM.Collect$$$$00000004)
    _main_clock                              0x08000191   Thumb Code     0  entry7b.o(.ARM.Collect$$$$00000008)
    _main_cpp_init                           0x08000191   Thumb Code     0  entry8b.o(.ARM.Collect$$$$0000000A)
    _main_init                               0x08000191   Thumb Code     0  entry9a.o(.ARM.Collect$$$$0000000B)
    __rt_final_cpp                           0x08000199   Thumb Code     0  entry10a.o(.ARM.Collect$$$$0000000D)
    __rt_final_exit                          0x08000199   Thumb Code     0  entry11a.o(.ARM.Collect$$$$0000000F)
    SVC_Handler                              0x0800019d   Thumb Code    28  port.o(.emb_text)
    __asm___6_port_c_39a90d8d__prvStartFirstTask 0x080001bd   Thumb Code    28  port.o(.emb_text)
    __asm___6_port_c_39a90d8d__prvEnableVFP  0x080001dd   Thumb Code    16  port.o(.emb_text)
    PendSV_Handler                           0x080001f1   Thumb Code    92  port.o(.emb_text)
    vPortGetIPSR                             0x08000251   Thumb Code     6  port.o(.emb_text)
    Reset_Handler                            0x08000259   Thumb Code     8  startup_stm32f407xx.o(.text)
    NMI_Handler                              0x08000261   Thumb Code     2  startup_stm32f407xx.o(.text)
    HardFault_Handler                        0x08000263   Thumb Code     2  startup_stm32f407xx.o(.text)
    MemManage_Handler                        0x08000265   Thumb Code     2  startup_stm32f407xx.o(.text)
    BusFault_Handler                         0x08000267   Thumb Code     2  startup_stm32f407xx.o(.text)
    UsageFault_Handler                       0x08000269   Thumb Code     2  startup_stm32f407xx.o(.text)
    DebugMon_Handler                         0x0800026d   Thumb Code     2  startup_stm32f407xx.o(.text)
    CAN1_RX0_IRQHandler                      0x08000273   Thumb Code     0  startup_stm32f407xx.o(.text)
    CAN1_RX1_IRQHandler                      0x08000273   Thumb Code     0  startup_stm32f407xx.o(.text)
    CAN1_SCE_IRQHandler                      0x08000273   Thumb Code     0  startup_stm32f407xx.o(.text)
    CAN1_TX_IRQHandler                       0x08000273   Thumb Code     0  startup_stm32f407xx.o(.text)
    CAN2_RX0_IRQHandler                      0x08000273   Thumb Code     0  startup_stm32f407xx.o(.text)
    CAN2_RX1_IRQHandler                      0x08000273   Thumb Code     0  startup_stm32f407xx.o(.text)
    CAN2_SCE_IRQHandler                      0x08000273   Thumb Code     0  startup_stm32f407xx.o(.text)
    CAN2_TX_IRQHandler                       0x08000273   Thumb Code     0  startup_stm32f407xx.o(.text)
    DCMI_IRQHandler                          0x08000273   Thumb Code     0  startup_stm32f407xx.o(.text)
    DMA1_Stream0_IRQHandler                  0x08000273   Thumb Code     0  startup_stm32f407xx.o(.text)
    DMA1_Stream1_IRQHandler                  0x08000273   Thumb Code     0  startup_stm32f407xx.o(.text)
    DMA1_Stream2_IRQHandler                  0x08000273   Thumb Code     0  startup_stm32f407xx.o(.text)
    DMA1_Stream3_IRQHandler                  0x08000273   Thumb Code     0  startup_stm32f407xx.o(.text)
    DMA1_Stream4_IRQHandler                  0x08000273   Thumb Code     0  startup_stm32f407xx.o(.text)
    DMA1_Stream5_IRQHandler                  0x08000273   Thumb Code     0  startup_stm32f407xx.o(.text)
    DMA1_Stream6_IRQHandler                  0x08000273   Thumb Code     0  startup_stm32f407xx.o(.text)
    DMA1_Stream7_IRQHandler                  0x08000273   Thumb Code     0  startup_stm32f407xx.o(.text)
    DMA2_Stream0_IRQHandler                  0x08000273   Thumb Code     0  startup_stm32f407xx.o(.text)
    DMA2_Stream1_IRQHandler                  0x08000273   Thumb Code     0  startup_stm32f407xx.o(.text)
    DMA2_Stream2_IRQHandler                  0x08000273   Thumb Code     0  startup_stm32f407xx.o(.text)
    DMA2_Stream3_IRQHandler                  0x08000273   Thumb Code     0  startup_stm32f407xx.o(.text)
    DMA2_Stream4_IRQHandler                  0x08000273   Thumb Code     0  startup_stm32f407xx.o(.text)
    DMA2_Stream5_IRQHandler                  0x08000273   Thumb Code     0  startup_stm32f407xx.o(.text)
    DMA2_Stream6_IRQHandler                  0x08000273   Thumb Code     0  startup_stm32f407xx.o(.text)
    DMA2_Stream7_IRQHandler                  0x08000273   Thumb Code     0  startup_stm32f407xx.o(.text)
    ETH_IRQHandler                           0x08000273   Thumb Code     0  startup_stm32f407xx.o(.text)
    ETH_WKUP_IRQHandler                      0x08000273   Thumb Code     0  startup_stm32f407xx.o(.text)
    EXTI0_IRQHandler                         0x08000273   Thumb Code     0  startup_stm32f407xx.o(.text)
    EXTI15_10_IRQHandler                     0x08000273   Thumb Code     0  startup_stm32f407xx.o(.text)
    EXTI1_IRQHandler                         0x08000273   Thumb Code     0  startup_stm32f407xx.o(.text)
    EXTI2_IRQHandler                         0x08000273   Thumb Code     0  startup_stm32f407xx.o(.text)
    EXTI3_IRQHandler                         0x08000273   Thumb Code     0  startup_stm32f407xx.o(.text)
    EXTI4_IRQHandler                         0x08000273   Thumb Code     0  startup_stm32f407xx.o(.text)
    EXTI9_5_IRQHandler                       0x08000273   Thumb Code     0  startup_stm32f407xx.o(.text)
    FLASH_IRQHandler                         0x08000273   Thumb Code     0  startup_stm32f407xx.o(.text)
    FMC_IRQHandler                           0x08000273   Thumb Code     0  startup_stm32f407xx.o(.text)
    FPU_IRQHandler                           0x08000273   Thumb Code     0  startup_stm32f407xx.o(.text)
    HASH_RNG_IRQHandler                      0x08000273   Thumb Code     0  startup_stm32f407xx.o(.text)
    I2C1_ER_IRQHandler                       0x08000273   Thumb Code     0  startup_stm32f407xx.o(.text)
    I2C1_EV_IRQHandler                       0x08000273   Thumb Code     0  startup_stm32f407xx.o(.text)
    I2C2_ER_IRQHandler                       0x08000273   Thumb Code     0  startup_stm32f407xx.o(.text)
    I2C2_EV_IRQHandler                       0x08000273   Thumb Code     0  startup_stm32f407xx.o(.text)
    I2C3_ER_IRQHandler                       0x08000273   Thumb Code     0  startup_stm32f407xx.o(.text)
    I2C3_EV_IRQHandler                       0x08000273   Thumb Code     0  startup_stm32f407xx.o(.text)
    OTG_FS_WKUP_IRQHandler                   0x08000273   Thumb Code     0  startup_stm32f407xx.o(.text)
    OTG_HS_EP1_IN_IRQHandler                 0x08000273   Thumb Code     0  startup_stm32f407xx.o(.text)
    OTG_HS_EP1_OUT_IRQHandler                0x08000273   Thumb Code     0  startup_stm32f407xx.o(.text)
    OTG_HS_IRQHandler                        0x08000273   Thumb Code     0  startup_stm32f407xx.o(.text)
    OTG_HS_WKUP_IRQHandler                   0x08000273   Thumb Code     0  startup_stm32f407xx.o(.text)
    PVD_IRQHandler                           0x08000273   Thumb Code     0  startup_stm32f407xx.o(.text)
    RCC_IRQHandler                           0x08000273   Thumb Code     0  startup_stm32f407xx.o(.text)
    RTC_Alarm_IRQHandler                     0x08000273   Thumb Code     0  startup_stm32f407xx.o(.text)
    RTC_WKUP_IRQHandler                      0x08000273   Thumb Code     0  startup_stm32f407xx.o(.text)
    SDIO_IRQHandler                          0x08000273   Thumb Code     0  startup_stm32f407xx.o(.text)
    SPI1_IRQHandler                          0x08000273   Thumb Code     0  startup_stm32f407xx.o(.text)
    SPI2_IRQHandler                          0x08000273   Thumb Code     0  startup_stm32f407xx.o(.text)
    SPI3_IRQHandler                          0x08000273   Thumb Code     0  startup_stm32f407xx.o(.text)
    TAMP_STAMP_IRQHandler                    0x08000273   Thumb Code     0  startup_stm32f407xx.o(.text)
    TIM1_BRK_TIM9_IRQHandler                 0x08000273   Thumb Code     0  startup_stm32f407xx.o(.text)
    TIM1_CC_IRQHandler                       0x08000273   Thumb Code     0  startup_stm32f407xx.o(.text)
    TIM1_TRG_COM_TIM11_IRQHandler            0x08000273   Thumb Code     0  startup_stm32f407xx.o(.text)
    TIM2_IRQHandler                          0x08000273   Thumb Code     0  startup_stm32f407xx.o(.text)
    TIM3_IRQHandler                          0x08000273   Thumb Code     0  startup_stm32f407xx.o(.text)
    TIM4_IRQHandler                          0x08000273   Thumb Code     0  startup_stm32f407xx.o(.text)
    TIM5_IRQHandler                          0x08000273   Thumb Code     0  startup_stm32f407xx.o(.text)
    TIM6_DAC_IRQHandler                      0x08000273   Thumb Code     0  startup_stm32f407xx.o(.text)
    TIM7_IRQHandler                          0x08000273   Thumb Code     0  startup_stm32f407xx.o(.text)
    TIM8_BRK_TIM12_IRQHandler                0x08000273   Thumb Code     0  startup_stm32f407xx.o(.text)
    TIM8_CC_IRQHandler                       0x08000273   Thumb Code     0  startup_stm32f407xx.o(.text)
    TIM8_TRG_COM_TIM14_IRQHandler            0x08000273   Thumb Code     0  startup_stm32f407xx.o(.text)
    TIM8_UP_TIM13_IRQHandler                 0x08000273   Thumb Code     0  startup_stm32f407xx.o(.text)
    UART4_IRQHandler                         0x08000273   Thumb Code     0  startup_stm32f407xx.o(.text)
    UART5_IRQHandler                         0x08000273   Thumb Code     0  startup_stm32f407xx.o(.text)
    USART1_IRQHandler                        0x08000273   Thumb Code     0  startup_stm32f407xx.o(.text)
    USART2_IRQHandler                        0x08000273   Thumb Code     0  startup_stm32f407xx.o(.text)
    USART3_IRQHandler                        0x08000273   Thumb Code     0  startup_stm32f407xx.o(.text)
    USART6_IRQHandler                        0x08000273   Thumb Code     0  startup_stm32f407xx.o(.text)
    WWDG_IRQHandler                          0x08000273   Thumb Code     0  startup_stm32f407xx.o(.text)
    __aeabi_uldivmod                         0x0800027d   Thumb Code    98  uldiv.o(.text)
    __aeabi_memcpy                           0x080002df   Thumb Code    36  memcpya.o(.text)
    __aeabi_memcpy4                          0x080002df   Thumb Code     0  memcpya.o(.text)
    __aeabi_memcpy8                          0x080002df   Thumb Code     0  memcpya.o(.text)
    __aeabi_dadd                             0x08000303   Thumb Code   322  dadd.o(.text)
    __aeabi_dsub                             0x08000445   Thumb Code     6  dadd.o(.text)
    __aeabi_drsub                            0x0800044b   Thumb Code     6  dadd.o(.text)
    __aeabi_dmul                             0x08000451   Thumb Code   228  dmul.o(.text)
    __aeabi_ddiv                             0x08000535   Thumb Code   222  ddiv.o(.text)
    __aeabi_i2d                              0x08000613   Thumb Code    34  dflti.o(.text)
    __aeabi_d2iz                             0x08000635   Thumb Code    62  dfixi.o(.text)
    __aeabi_f2d                              0x08000673   Thumb Code    38  f2d.o(.text)
    __aeabi_d2f                              0x08000699   Thumb Code    56  d2f.o(.text)
    __aeabi_uidiv                            0x080006d1   Thumb Code     0  uidiv.o(.text)
    __aeabi_uidivmod                         0x080006d1   Thumb Code    44  uidiv.o(.text)
    __aeabi_llsl                             0x080006fd   Thumb Code    30  llshl.o(.text)
    _ll_shift_l                              0x080006fd   Thumb Code     0  llshl.o(.text)
    __aeabi_llsr                             0x0800071b   Thumb Code    32  llushr.o(.text)
    _ll_ushift_r                             0x0800071b   Thumb Code     0  llushr.o(.text)
    __aeabi_lasr                             0x0800073b   Thumb Code    36  llsshr.o(.text)
    _ll_sshift_r                             0x0800073b   Thumb Code     0  llsshr.o(.text)
    __I$use$fp                               0x0800075f   Thumb Code     0  iusefp.o(.text)
    _float_round                             0x0800075f   Thumb Code    18  fepilogue.o(.text)
    _float_epilogue                          0x08000771   Thumb Code    92  fepilogue.o(.text)
    _double_round                            0x080007cd   Thumb Code    30  depilogue.o(.text)
    _double_epilogue                         0x080007eb   Thumb Code   156  depilogue.o(.text)
    _dsqrt                                   0x08000887   Thumb Code   162  dsqrt.o(.text)
    __aeabi_d2ulz                            0x08000929   Thumb Code    48  dfixul.o(.text)
    __aeabi_cdrcmple                         0x08000959   Thumb Code    48  cdrcmple.o(.text)
    __scatterload                            0x08000989   Thumb Code    28  init.o(.text)
    __scatterload_rt2                        0x08000989   Thumb Code     0  init.o(.text)
    ADC_IRQHandler                           0x080009ad   Thumb Code     6  stm32f4xx_it.o(i.ADC_IRQHandler)
    FIR_C                                    0x08000c21   Thumb Code    76  main.o(i.FIR_C)
    HAL_ADCEx_InjectedConvCpltCallback       0x08000c8f   Thumb Code     2  stm32f4xx_hal_adc_ex.o(i.HAL_ADCEx_InjectedConvCpltCallback)
    HAL_ADC_ConfigChannel                    0x08000c91   Thumb Code   316  stm32f4xx_hal_adc.o(i.HAL_ADC_ConfigChannel)
    HAL_ADC_ConvCpltCallback                 0x08000ddd   Thumb Code     2  stm32f4xx_hal_adc.o(i.HAL_ADC_ConvCpltCallback)
    HAL_ADC_ErrorCallback                    0x08000ddf   Thumb Code     2  stm32f4xx_hal_adc.o(i.HAL_ADC_ErrorCallback)
    HAL_ADC_GetValue                         0x08000de1   Thumb Code     6  stm32f4xx_hal_adc.o(i.HAL_ADC_GetValue)
    HAL_ADC_IRQHandler                       0x08000de7   Thumb Code   316  stm32f4xx_hal_adc.o(i.HAL_ADC_IRQHandler)
    HAL_ADC_Init                             0x08000f23   Thumb Code    84  stm32f4xx_hal_adc.o(i.HAL_ADC_Init)
    HAL_ADC_LevelOutOfWindowCallback         0x08000f77   Thumb Code     2  stm32f4xx_hal_adc.o(i.HAL_ADC_LevelOutOfWindowCallback)
    HAL_ADC_MspInit                          0x08000f79   Thumb Code    70  stm32f4xx_hal_msp.o(i.HAL_ADC_MspInit)
    HAL_ADC_PollForConversion                0x08000fcd   Thumb Code   162  stm32f4xx_hal_adc.o(i.HAL_ADC_PollForConversion)
    HAL_ADC_Start                            0x08001071   Thumb Code   170  stm32f4xx_hal_adc.o(i.HAL_ADC_Start)
    HAL_ADC_Stop                             0x0800112d   Thumb Code    60  stm32f4xx_hal_adc.o(i.HAL_ADC_Stop)
    HAL_DAC_ConfigChannel                    0x08001169   Thumb Code    66  stm32f4xx_hal_dac.o(i.HAL_DAC_ConfigChannel)
    HAL_DAC_Init                             0x080011ab   Thumb Code    40  stm32f4xx_hal_dac.o(i.HAL_DAC_Init)
    HAL_DAC_MspInit                          0x080011d5   Thumb Code    54  stm32f4xx_hal_msp.o(i.HAL_DAC_MspInit)
    HAL_Delay                                0x08001219   Thumb Code    32  stm32f4xx_hal.o(i.HAL_Delay)
    HAL_GPIO_Init                            0x0800123d   Thumb Code   388  stm32f4xx_hal_gpio.o(i.HAL_GPIO_Init)
    HAL_GPIO_WritePin                        0x080013ed   Thumb Code    10  stm32f4xx_hal_gpio.o(i.HAL_GPIO_WritePin)
    HAL_GetTick                              0x080013f9   Thumb Code     6  stm32f4xx_hal.o(i.HAL_GetTick)
    HAL_HCD_Connect_Callback                 0x08001405   Thumb Code     8  usbh_conf.o(i.HAL_HCD_Connect_Callback)
    HAL_HCD_Disconnect_Callback              0x0800140d   Thumb Code     8  usbh_conf.o(i.HAL_HCD_Disconnect_Callback)
    HAL_HCD_GetCurrentFrame                  0x08001415   Thumb Code     6  stm32f4xx_hal_hcd.o(i.HAL_HCD_GetCurrentFrame)
    HAL_HCD_GetCurrentSpeed                  0x0800141b   Thumb Code     6  stm32f4xx_hal_hcd.o(i.HAL_HCD_GetCurrentSpeed)
    HAL_HCD_HC_GetURBState                   0x08001421   Thumb Code    14  stm32f4xx_hal_hcd.o(i.HAL_HCD_HC_GetURBState)
    HAL_HCD_HC_GetXferCount                  0x0800142f   Thumb Code    12  stm32f4xx_hal_hcd.o(i.HAL_HCD_HC_GetXferCount)
    HAL_HCD_HC_Halt                          0x0800143b   Thumb Code    36  stm32f4xx_hal_hcd.o(i.HAL_HCD_HC_Halt)
    HAL_HCD_HC_Init                          0x0800145f   Thumb Code    84  stm32f4xx_hal_hcd.o(i.HAL_HCD_HC_Init)
    HAL_HCD_HC_NotifyURBChange_Callback      0x080014b3   Thumb Code     8  usbh_conf.o(i.HAL_HCD_HC_NotifyURBChange_Callback)
    HAL_HCD_HC_SubmitRequest                 0x080014bb   Thumb Code   182  stm32f4xx_hal_hcd.o(i.HAL_HCD_HC_SubmitRequest)
    HAL_HCD_IRQHandler                       0x08001571   Thumb Code   302  stm32f4xx_hal_hcd.o(i.HAL_HCD_IRQHandler)
    HAL_HCD_Init                             0x0800169f   Thumb Code    90  stm32f4xx_hal_hcd.o(i.HAL_HCD_Init)
    HAL_HCD_MspInit                          0x080016f9   Thumb Code   110  usbh_conf.o(i.HAL_HCD_MspInit)
    HAL_HCD_ResetPort                        0x08001771   Thumb Code     6  stm32f4xx_hal_hcd.o(i.HAL_HCD_ResetPort)
    HAL_HCD_SOF_Callback                     0x08001777   Thumb Code     8  usbh_conf.o(i.HAL_HCD_SOF_Callback)
    HAL_HCD_Start                            0x0800177f   Thumb Code    44  stm32f4xx_hal_hcd.o(i.HAL_HCD_Start)
    HAL_HCD_Stop                             0x080017ab   Thumb Code    36  stm32f4xx_hal_hcd.o(i.HAL_HCD_Stop)
    HAL_I2C_Init                             0x080017d1   Thumb Code   254  stm32f4xx_hal_i2c.o(i.HAL_I2C_Init)
    HAL_I2C_MspInit                          0x080018d9   Thumb Code    64  stm32f4xx_hal_msp.o(i.HAL_I2C_MspInit)
    HAL_IncTick                              0x08001925   Thumb Code    12  stm32f4xx_hal.o(i.HAL_IncTick)
    HAL_Init                                 0x08001935   Thumb Code    48  stm32f4xx_hal.o(i.HAL_Init)
    HAL_InitTick                             0x08001969   Thumb Code   100  stm32f4xx_hal_timebase_tim.o(i.HAL_InitTick)
    HAL_MspInit                              0x080019dd   Thumb Code    88  stm32f4xx_hal_msp.o(i.HAL_MspInit)
    HAL_NVIC_EnableIRQ                       0x08001a35   Thumb Code    22  stm32f4xx_hal_cortex.o(i.HAL_NVIC_EnableIRQ)
    HAL_NVIC_SetPriority                     0x08001a4d   Thumb Code    60  stm32f4xx_hal_cortex.o(i.HAL_NVIC_SetPriority)
    HAL_NVIC_SetPriorityGrouping             0x08001a8d   Thumb Code    26  stm32f4xx_hal_cortex.o(i.HAL_NVIC_SetPriorityGrouping)
    HAL_RCC_ClockConfig                      0x08001ab1   Thumb Code   286  stm32f4xx_hal_rcc.o(i.HAL_RCC_ClockConfig)
    HAL_RCC_GetClockConfig                   0x08001be1   Thumb Code    54  stm32f4xx_hal_rcc.o(i.HAL_RCC_GetClockConfig)
    HAL_RCC_GetHCLKFreq                      0x08001c21   Thumb Code     6  stm32f4xx_hal_rcc.o(i.HAL_RCC_GetHCLKFreq)
    HAL_RCC_GetPCLK1Freq                     0x08001c2d   Thumb Code    20  stm32f4xx_hal_rcc.o(i.HAL_RCC_GetPCLK1Freq)
    HAL_RCC_GetPCLK2Freq                     0x08001c4d   Thumb Code    20  stm32f4xx_hal_rcc.o(i.HAL_RCC_GetPCLK2Freq)
    HAL_RCC_GetSysClockFreq                  0x08001c6d   Thumb Code    88  stm32f4xx_hal_rcc.o(i.HAL_RCC_GetSysClockFreq)
    HAL_RCC_OscConfig                        0x08001ccd   Thumb Code   770  stm32f4xx_hal_rcc.o(i.HAL_RCC_OscConfig)
    HAL_SPI_Init                             0x08001fe9   Thumb Code   128  stm32f4xx_hal_spi.o(i.HAL_SPI_Init)
    HAL_SPI_MspInit                          0x08002069   Thumb Code    60  stm32f4xx_hal_msp.o(i.HAL_SPI_MspInit)
    HAL_SYSTICK_CLKSourceConfig              0x080020b1   Thumb Code    24  stm32f4xx_hal_cortex.o(i.HAL_SYSTICK_CLKSourceConfig)
    HAL_SYSTICK_Config                       0x080020c9   Thumb Code    40  stm32f4xx_hal_cortex.o(i.HAL_SYSTICK_Config)
    HAL_TIMEx_BreakCallback                  0x080020f1   Thumb Code     2  stm32f4xx_hal_tim_ex.o(i.HAL_TIMEx_BreakCallback)
    HAL_TIMEx_CommutationCallback            0x080020f3   Thumb Code     2  stm32f4xx_hal_tim_ex.o(i.HAL_TIMEx_CommutationCallback)
    HAL_TIMEx_MasterConfigSynchronization    0x080020f5   Thumb Code    80  stm32f4xx_hal_tim_ex.o(i.HAL_TIMEx_MasterConfigSynchronization)
    HAL_TIM_Base_Init                        0x08002145   Thumb Code    54  stm32f4xx_hal_tim.o(i.HAL_TIM_Base_Init)
    HAL_TIM_Base_MspInit                     0x0800217d   Thumb Code    30  stm32f4xx_hal_msp.o(i.HAL_TIM_Base_MspInit)
    HAL_TIM_Base_Start_IT                    0x080021a5   Thumb Code    24  stm32f4xx_hal_tim.o(i.HAL_TIM_Base_Start_IT)
    HAL_TIM_ConfigClockSource                0x080021bd   Thumb Code   242  stm32f4xx_hal_tim.o(i.HAL_TIM_ConfigClockSource)
    HAL_TIM_IC_CaptureCallback               0x080022af   Thumb Code     2  stm32f4xx_hal_tim.o(i.HAL_TIM_IC_CaptureCallback)
    HAL_TIM_IRQHandler                       0x080022b1   Thumb Code   358  stm32f4xx_hal_tim.o(i.HAL_TIM_IRQHandler)
    HAL_TIM_MspPostInit                      0x08002419   Thumb Code    40  stm32f4xx_hal_msp.o(i.HAL_TIM_MspPostInit)
    HAL_TIM_OC_DelayElapsedCallback          0x08002449   Thumb Code     2  stm32f4xx_hal_tim.o(i.HAL_TIM_OC_DelayElapsedCallback)
    HAL_TIM_PWM_ConfigChannel                0x0800244b   Thumb Code   208  stm32f4xx_hal_tim.o(i.HAL_TIM_PWM_ConfigChannel)
    HAL_TIM_PWM_Init                         0x0800251b   Thumb Code    54  stm32f4xx_hal_tim.o(i.HAL_TIM_PWM_Init)
    HAL_TIM_PWM_MspInit                      0x08002551   Thumb Code     2  stm32f4xx_hal_tim.o(i.HAL_TIM_PWM_MspInit)
    HAL_TIM_PWM_PulseFinishedCallback        0x08002553   Thumb Code     2  stm32f4xx_hal_tim.o(i.HAL_TIM_PWM_PulseFinishedCallback)
    HAL_TIM_PWM_Start                        0x08002555   Thumb Code    48  stm32f4xx_hal_tim.o(i.HAL_TIM_PWM_Start)
    HAL_TIM_PeriodElapsedCallback            0x0800258d   Thumb Code    14  main.o(i.HAL_TIM_PeriodElapsedCallback)
    HAL_TIM_TriggerCallback                  0x080025a1   Thumb Code     2  stm32f4xx_hal_tim.o(i.HAL_TIM_TriggerCallback)
    MX_DriverVbusFS                          0x08002b5d   Thumb Code    16  usbh_platform.o(i.MX_DriverVbusFS)
    MX_USB_HOST_Init                         0x08002e49   Thumb Code    30  usb_host.o(i.MX_USB_HOST_Init)
    OTG_FS_IRQHandler                        0x08002e95   Thumb Code     6  stm32f4xx_it.o(i.OTG_FS_IRQHandler)
    StartDefaultTask                         0x08002ea1   Thumb Code   242  main.o(i.StartDefaultTask)
    StartTask02                              0x08002fad   Thumb Code   112  main.o(i.StartTask02)
    StartTask03                              0x08003021   Thumb Code   288  main.o(i.StartTask03)
    StartTask04                              0x080031a5   Thumb Code   152  main.o(i.StartTask04)
    SysTick_Handler                          0x0800324d   Thumb Code     4  stm32f4xx_it.o(i.SysTick_Handler)
    SystemClock_Config                       0x08003251   Thumb Code   152  main.o(i.SystemClock_Config)
    SystemInit                               0x080032f1   Thumb Code    66  system_stm32f4xx.o(i.SystemInit)
    TIM1_UP_TIM10_IRQHandler                 0x08003345   Thumb Code     6  stm32f4xx_it.o(i.TIM1_UP_TIM10_IRQHandler)
    TIM_Base_SetConfig                       0x08003351   Thumb Code   148  stm32f4xx_hal_tim.o(i.TIM_Base_SetConfig)
    TIM_CCxChannelCmd                        0x08003411   Thumb Code    22  stm32f4xx_hal_tim.o(i.TIM_CCxChannelCmd)
    TIM_OC2_SetConfig                        0x080034a5   Thumb Code    90  stm32f4xx_hal_tim.o(i.TIM_OC2_SetConfig)
    USBH_AllocPipe                           0x080035ff   Thumb Code    52  usbh_pipes.o(i.USBH_AllocPipe)
    USBH_BulkReceiveData                     0x08003633   Thumb Code    32  usbh_ioreq.o(i.USBH_BulkReceiveData)
    USBH_BulkSendData                        0x08003653   Thumb Code    40  usbh_ioreq.o(i.USBH_BulkSendData)
    USBH_CDC_LineCodingChanged               0x08003831   Thumb Code     2  usbh_cdc.o(i.USBH_CDC_LineCodingChanged)
    USBH_CDC_ReceiveCallback                 0x080038eb   Thumb Code     2  usbh_cdc.o(i.USBH_CDC_ReceiveCallback)
    USBH_CDC_TransmitCallback                0x080038f1   Thumb Code     2  usbh_cdc.o(i.USBH_CDC_TransmitCallback)
    USBH_ClosePipe                           0x080038f3   Thumb Code    10  usbh_pipes.o(i.USBH_ClosePipe)
    USBH_ClrFeature                          0x080038fd   Thumb Code    30  usbh_ctlreq.o(i.USBH_ClrFeature)
    USBH_CtlReceiveData                      0x0800391b   Thumb Code    30  usbh_ioreq.o(i.USBH_CtlReceiveData)
    USBH_CtlReq                              0x08003939   Thumb Code    74  usbh_ctlreq.o(i.USBH_CtlReq)
    USBH_CtlSendData                         0x08003983   Thumb Code    40  usbh_ioreq.o(i.USBH_CtlSendData)
    USBH_CtlSendSetup                        0x080039ab   Thumb Code    30  usbh_ioreq.o(i.USBH_CtlSendSetup)
    USBH_Delay                               0x080039c9   Thumb Code     4  usbh_conf.o(i.USBH_Delay)
    USBH_FindInterface                       0x080039cd   Thumb Code    68  usbh_core.o(i.USBH_FindInterface)
    USBH_FreePipe                            0x08003a11   Thumb Code    24  usbh_pipes.o(i.USBH_FreePipe)
    USBH_GetDescriptor                       0x08003a29   Thumb Code    52  usbh_ctlreq.o(i.USBH_GetDescriptor)
    USBH_GetNextDesc                         0x08003a5d   Thumb Code    14  usbh_ctlreq.o(i.USBH_GetNextDesc)
    USBH_Get_CfgDesc                         0x08003a6b   Thumb Code    44  usbh_ctlreq.o(i.USBH_Get_CfgDesc)
    USBH_Get_DevDesc                         0x08003a97   Thumb Code   154  usbh_ctlreq.o(i.USBH_Get_DevDesc)
    USBH_Get_StringDesc                      0x08003b31   Thumb Code    72  usbh_ctlreq.o(i.USBH_Get_StringDesc)
    USBH_Init                                0x08003e1d   Thumb Code    98  usbh_core.o(i.USBH_Init)
    USBH_LL_ClosePipe                        0x08003e85   Thumb Code    32  usbh_conf.o(i.USBH_LL_ClosePipe)
    USBH_LL_Connect                          0x08003ea5   Thumb Code    56  usbh_core.o(i.USBH_LL_Connect)
    USBH_LL_Disconnect                       0x08003edd   Thumb Code    68  usbh_core.o(i.USBH_LL_Disconnect)
    USBH_LL_DriverVBUS                       0x08003f21   Thumb Code    26  usbh_conf.o(i.USBH_LL_DriverVBUS)
    USBH_LL_GetLastXferSize                  0x08003f3b   Thumb Code     8  usbh_conf.o(i.USBH_LL_GetLastXferSize)
    USBH_LL_GetSpeed                         0x08003f43   Thumb Code    34  usbh_conf.o(i.USBH_LL_GetSpeed)
    USBH_LL_GetURBState                      0x08003f65   Thumb Code     8  usbh_conf.o(i.USBH_LL_GetURBState)
    USBH_LL_IncTimer                         0x08003f6d   Thumb Code    30  usbh_core.o(i.USBH_LL_IncTimer)
    USBH_LL_Init                             0x08003f8d   Thumb Code    78  usbh_conf.o(i.USBH_LL_Init)
    USBH_LL_NotifyURBChange                  0x08003ff5   Thumb Code    18  usbh_core.o(i.USBH_LL_NotifyURBChange)
    USBH_LL_OpenPipe                         0x08004007   Thumb Code    42  usbh_conf.o(i.USBH_LL_OpenPipe)
    USBH_LL_ResetPort                        0x08004031   Thumb Code    32  usbh_conf.o(i.USBH_LL_ResetPort)
    USBH_LL_SetTimer                         0x08004051   Thumb Code     6  usbh_core.o(i.USBH_LL_SetTimer)
    USBH_LL_SetToggle                        0x08004057   Thumb Code    32  usbh_conf.o(i.USBH_LL_SetToggle)
    USBH_LL_Start                            0x08004077   Thumb Code    32  usbh_conf.o(i.USBH_LL_Start)
    USBH_LL_Stop                             0x08004097   Thumb Code    32  usbh_conf.o(i.USBH_LL_Stop)
    USBH_LL_SubmitURB                        0x080040b7   Thumb Code    48  usbh_conf.o(i.USBH_LL_SubmitURB)
    USBH_OpenPipe                            0x080040e7   Thumb Code    20  usbh_pipes.o(i.USBH_OpenPipe)
    USBH_Process                             0x080041e3   Thumb Code   384  usbh_core.o(i.USBH_Process)
    USBH_RegisterClass                       0x08004385   Thumb Code    28  usbh_core.o(i.USBH_RegisterClass)
    USBH_SelectInterface                     0x080043a1   Thumb Code    22  usbh_core.o(i.USBH_SelectInterface)
    USBH_SetAddress                          0x080043b7   Thumb Code    28  usbh_ctlreq.o(i.USBH_SetAddress)
    USBH_SetCfg                              0x080043d3   Thumb Code    28  usbh_ctlreq.o(i.USBH_SetCfg)
    USBH_Start                               0x080043ef   Thumb Code    20  usbh_core.o(i.USBH_Start)
    USB_CoreInit                             0x08004425   Thumb Code   104  stm32f4xx_ll_usb.o(i.USB_CoreInit)
    USB_DisableGlobalInt                     0x080044c9   Thumb Code    12  stm32f4xx_ll_usb.o(i.USB_DisableGlobalInt)
    USB_DoPing                               0x080044d5   Thumb Code    60  stm32f4xx_ll_usb.o(i.USB_DoPing)
    USB_DriveVbus                            0x08004515   Thumb Code    44  stm32f4xx_ll_usb.o(i.USB_DriveVbus)
    USB_EnableGlobalInt                      0x08004541   Thumb Code    12  stm32f4xx_ll_usb.o(i.USB_EnableGlobalInt)
    USB_FlushRxFifo                          0x0800454d   Thumb Code    28  stm32f4xx_ll_usb.o(i.USB_FlushRxFifo)
    USB_FlushTxFifo                          0x0800456d   Thumb Code    32  stm32f4xx_ll_usb.o(i.USB_FlushTxFifo)
    USB_GetCurrentFrame                      0x08004591   Thumb Code     8  stm32f4xx_ll_usb.o(i.USB_GetCurrentFrame)
    USB_GetHostSpeed                         0x08004599   Thumb Code    14  stm32f4xx_ll_usb.o(i.USB_GetHostSpeed)
    USB_GetMode                              0x080045a7   Thumb Code     8  stm32f4xx_ll_usb.o(i.USB_GetMode)
    USB_HC_Halt                              0x080045af   Thumb Code   328  stm32f4xx_ll_usb.o(i.USB_HC_Halt)
    USB_HC_Init                              0x080046f9   Thumb Code   234  stm32f4xx_ll_usb.o(i.USB_HC_Init)
    USB_HC_ReadInterrupt                     0x080047e3   Thumb Code    12  stm32f4xx_ll_usb.o(i.USB_HC_ReadInterrupt)
    USB_HC_StartXfer                         0x080047f1   Thumb Code   386  stm32f4xx_ll_usb.o(i.USB_HC_StartXfer)
    USB_HostInit                             0x08004979   Thumb Code   192  stm32f4xx_ll_usb.o(i.USB_HostInit)
    USB_InitFSLSPClkSel                      0x08004a4d   Thumb Code    54  stm32f4xx_ll_usb.o(i.USB_InitFSLSPClkSel)
    USB_ReadInterrupts                       0x08004a83   Thumb Code     8  stm32f4xx_ll_usb.o(i.USB_ReadInterrupts)
    USB_ReadPacket                           0x08004a8b   Thumb Code    32  stm32f4xx_ll_usb.o(i.USB_ReadPacket)
    USB_ResetPort                            0x08004aab   Thumb Code    44  stm32f4xx_ll_usb.o(i.USB_ResetPort)
    USB_SetCurrentMode                       0x08004ad7   Thumb Code    44  stm32f4xx_ll_usb.o(i.USB_SetCurrentMode)
    USB_StopHost                             0x08004b03   Thumb Code   178  stm32f4xx_ll_usb.o(i.USB_StopHost)
    USB_WritePacket                          0x08004bb5   Thumb Code    40  stm32f4xx_ll_usb.o(i.USB_WritePacket)
    _Error_Handler                           0x08004bdd   Thumb Code     2  main.o(i._Error_Handler)
    __0printf                                0x08004be1   Thumb Code    22  printfa.o(i.__0printf)
    __1printf                                0x08004be1   Thumb Code     0  printfa.o(i.__0printf)
    __2printf                                0x08004be1   Thumb Code     0  printfa.o(i.__0printf)
    __c89printf                              0x08004be1   Thumb Code     0  printfa.o(i.__0printf)
    printf                                   0x08004be1   Thumb Code     0  printfa.o(i.__0printf)
    __hardfp_sqrt                            0x08004c01   Thumb Code   122  sqrt.o(i.__hardfp_sqrt)
    __scatterload_copy                       0x08004c7b   Thumb Code    14  handlers.o(i.__scatterload_copy)
    __scatterload_null                       0x08004c89   Thumb Code     2  handlers.o(i.__scatterload_null)
    __scatterload_zeroinit                   0x08004c8b   Thumb Code    14  handlers.o(i.__scatterload_zeroinit)
    __set_errno                              0x08004c99   Thumb Code     6  errno.o(i.__set_errno)
    adjust_pwm                               0x08005559   Thumb Code   134  main.o(i.adjust_pwm)
    display                                  0x080055f1   Thumb Code   702  led.o(i.display)
    fputc                                    0x080058b9   Thumb Code    36  fput_debug.o(i.fputc)
    free                                     0x080058e1   Thumb Code    76  malloc.o(i.free)
    get_key                                  0x08005931   Thumb Code   162  keypad.o(i.get_key)
    main                                     0x080059f5   Thumb Code   170  main.o(i.main)
    malloc                                   0x08005abd   Thumb Code    92  malloc.o(i.malloc)
    osDelay                                  0x08005b29   Thumb Code    14  cmsis_os.o(i.osDelay)
    osKernelStart                            0x08005b37   Thumb Code    10  cmsis_os.o(i.osKernelStart)
    osMessageCreate                          0x08005b41   Thumb Code     8  cmsis_os.o(i.osMessageCreate)
    osMessageGet                             0x08005b49   Thumb Code   146  cmsis_os.o(i.osMessageGet)
    osMessagePut                             0x08005be1   Thumb Code    86  cmsis_os.o(i.osMessagePut)
    osSystickHandler                         0x08005c3d   Thumb Code    20  cmsis_os.o(i.osSystickHandler)
    osThreadCreate                           0x08005c51   Thumb Code    46  cmsis_os.o(i.osThreadCreate)
    osThreadResume                           0x08005c81   Thumb Code    46  cmsis_os.o(i.osThreadResume)
    osThreadSuspend                          0x08005cb5   Thumb Code    10  cmsis_os.o(i.osThreadSuspend)
    pvPortMalloc                             0x0800614d   Thumb Code   210  heap_4.o(i.pvPortMalloc)
    pvTaskIncrementMutexHeldCount            0x08006225   Thumb Code    18  tasks.o(i.pvTaskIncrementMutexHeldCount)
    pxPortInitialiseStack                    0x0800623d   Thumb Code    40  port.o(i.pxPortInitialiseStack)
    reset_display                            0x08006269   Thumb Code    52  led.o(i.reset_display)
    update_duty_cycle                        0x080062a1   Thumb Code    62  main.o(i.update_duty_cycle)
    update_voltage                           0x080062e9   Thumb Code    66  main.o(i.update_voltage)
    uxListRemove                             0x08006339   Thumb Code    36  list.o(i.uxListRemove)
    vListInitialise                          0x0800635d   Thumb Code    22  list.o(i.vListInitialise)
    vListInitialiseItem                      0x08006373   Thumb Code     6  list.o(i.vListInitialiseItem)
    vListInsert                              0x08006379   Thumb Code    48  list.o(i.vListInsert)
    vListInsertEnd                           0x080063a9   Thumb Code    24  list.o(i.vListInsertEnd)
    vPortEnterCritical                       0x080063c1   Thumb Code    54  port.o(i.vPortEnterCritical)
    vPortExitCritical                        0x08006401   Thumb Code    34  port.o(i.vPortExitCritical)
    vPortFree                                0x08006429   Thumb Code    88  heap_4.o(i.vPortFree)
    vPortSetupTimerInterrupt                 0x08006485   Thumb Code    26  port.o(i.vPortSetupTimerInterrupt)
    vPortValidateInterruptPriority           0x080064a5   Thumb Code    74  port.o(i.vPortValidateInterruptPriority)
    vTaskDelay                               0x080064f9   Thumb Code    66  tasks.o(i.vTaskDelay)
    vTaskMissedYield                         0x08006545   Thumb Code     8  tasks.o(i.vTaskMissedYield)
    vTaskPlaceOnEventList                    0x08006551   Thumb Code    44  tasks.o(i.vTaskPlaceOnEventList)
    vTaskPriorityInherit                     0x08006581   Thumb Code   124  tasks.o(i.vTaskPriorityInherit)
    vTaskResume                              0x08006605   Thumb Code   112  tasks.o(i.vTaskResume)
    vTaskSetTimeOutState                     0x08006681   Thumb Code    30  tasks.o(i.vTaskSetTimeOutState)
    vTaskStartScheduler                      0x080066a5   Thumb Code    86  tasks.o(i.vTaskStartScheduler)
    vTaskSuspend                             0x0800670d   Thumb Code   162  tasks.o(i.vTaskSuspend)
    vTaskSuspendAll                          0x080067bd   Thumb Code    10  tasks.o(i.vTaskSuspendAll)
    vTaskSwitchContext                       0x080067cd   Thumb Code    82  tasks.o(i.vTaskSwitchContext)
    xPortStartScheduler                      0x08006829   Thumb Code   202  port.o(i.xPortStartScheduler)
    xPortSysTickHandler                      0x08006909   Thumb Code    38  port.o(i.xPortSysTickHandler)
    xQueueGenericCreate                      0x08006935   Thumb Code    72  queue.o(i.xQueueGenericCreate)
    xQueueGenericReceive                     0x0800697d   Thumb Code   360  queue.o(i.xQueueGenericReceive)
    xQueueGenericReset                       0x08006ae9   Thumb Code   132  queue.o(i.xQueueGenericReset)
    xQueueGenericSend                        0x08006b71   Thumb Code   346  queue.o(i.xQueueGenericSend)
    xQueueGenericSendFromISR                 0x08006cd1   Thumb Code   188  queue.o(i.xQueueGenericSendFromISR)
    xQueueReceiveFromISR                     0x08006d8d   Thumb Code   154  queue.o(i.xQueueReceiveFromISR)
    xTaskCheckForTimeOut                     0x08006e29   Thumb Code   102  tasks.o(i.xTaskCheckForTimeOut)
    xTaskCreate                              0x08006e95   Thumb Code    86  tasks.o(i.xTaskCreate)
    xTaskGetSchedulerState                   0x08006eed   Thumb Code    22  tasks.o(i.xTaskGetSchedulerState)
    xTaskIncrementTick                       0x08006f09   Thumb Code   192  tasks.o(i.xTaskIncrementTick)
    xTaskPriorityDisinherit                  0x08006fd1   Thumb Code   144  tasks.o(i.xTaskPriorityDisinherit)
    xTaskRemoveFromEventList                 0x08007069   Thumb Code   108  tasks.o(i.xTaskRemoveFromEventList)
    xTaskResumeAll                           0x080070dd   Thumb Code   182  tasks.o(i.xTaskResumeAll)
    xTaskResumeFromISR                       0x080071a1   Thumb Code   128  tasks.o(i.xTaskResumeFromISR)
    matrix                                   0x08007278   Data          64  keypad.o(.constdata)
    AHBPrescTable                            0x080072d4   Data          16  system_stm32f4xx.o(.constdata)
    APBPrescTable                            0x080072e4   Data           8  system_stm32f4xx.o(.constdata)
    Region$$Table$$Base                      0x0800732c   Number         0  anon$$obj.o(Region$$Table)
    Region$$Table$$Limit                     0x0800734c   Number         0  anon$$obj.o(Region$$Table)
    uwTickFreq                               0x20000000   Data           1  stm32f4xx_hal.o(.data)
    uwTickPrio                               0x20000004   Data           4  stm32f4xx_hal.o(.data)
    uwTick                                   0x20000008   Data           4  stm32f4xx_hal.o(.data)
    Appli_state                              0x2000000c   Data           1  usb_host.o(.data)
    state                                    0x20000010   Data           1  main.o(.data)
    debounce                                 0x20000014   Data           4  main.o(.data)
    debounce_mod                             0x20000018   Data           4  main.o(.data)
    rms_counter                              0x2000001c   Data           4  main.o(.data)
    voltage                                  0x20000020   Data           4  main.o(.data)
    duty_cycle                               0x20000024   Data           4  main.o(.data)
    count                                    0x20000028   Data           4  main.o(.data)
    key                                      0x2000002c   Data           4  main.o(.data)
    key_star_counter                         0x20000030   Data           4  main.o(.data)
    star_flag                                0x20000034   Data           4  main.o(.data)
    star_release_debounce                    0x20000038   Data           4  main.o(.data)
    res_filter                               0x2000003c   Data           4  main.o(.data)
    results                                  0x20000040   Data           4  main.o(.data)
    adc_voltage                              0x20000044   Data           4  main.o(.data)
    w1                                       0x20000048   Data           4  main.o(.data)
    w0                                       0x2000004c   Data           4  main.o(.data)
    defaultTaskHandle                        0x20000054   Data           4  main.o(.data)
    myTask02Handle                           0x20000058   Data           4  main.o(.data)
    myTask03Handle                           0x2000005c   Data           4  main.o(.data)
    myTask04Handle                           0x20000060   Data           4  main.o(.data)
    first_digit                              0x20000064   Data           4  main.o(.data)
    second_digit                             0x20000068   Data           4  main.o(.data)
    third_digit                              0x2000006c   Data           4  main.o(.data)
    coeff                                    0x20000070   Data          20  main.o(.data)
    row_pins                                 0x20000084   Data           8  keypad.o(.data)
    col_pins                                 0x2000008c   Data           8  keypad.o(.data)
    CDC_Class                                0x20000094   Data          32  usbh_cdc.o(.data)
    SystemCoreClock                          0x200000b4   Data           4  system_stm32f4xx.o(.data)
    pxCurrentTCB                             0x200000dc   Data           4  tasks.o(.data)
    __stdout                                 0x20000118   Data           4  stdout.o(.data)
    __microlib_freelist                      0x2000011c   Data           4  mvars.o(.data)
    __microlib_freelist_initialised          0x20000120   Data           4  mvars.o(.data)
    hUsbHostFS                               0x20000128   Data         976  usb_host.o(.bss)
    hhcd_USB_OTG_FS                          0x200004f8   Data         664  usbh_conf.o(.bss)
    x                                        0x20000790   Data          20  main.o(.bss)
    rms                                      0x200007a4   Data          40  main.o(.bss)
    hadc1                                    0x200007cc   Data          72  main.o(.bss)
    hdac                                     0x20000814   Data          20  main.o(.bss)
    hi2c1                                    0x20000828   Data          84  main.o(.bss)
    hspi1                                    0x2000087c   Data          88  main.o(.bss)
    htim3                                    0x200008d4   Data          60  main.o(.bss)
    htim1                                    0x20000910   Data          60  stm32f4xx_hal_timebase_tim.o(.bss)
    __heap_base                              0x20004640   Data           0  startup_stm32f407xx.o(HEAP)
    __heap_limit                             0x20004840   Data           0  startup_stm32f407xx.o(HEAP)
    __initial_sp                             0x20004c40   Data           0  startup_stm32f407xx.o(STACK)



==============================================================================

Memory Map of the image

  Image Entry point : 0x08000189

  Load Region LR_IROM1 (Base: 0x08000000, Size: 0x00007474, Max: 0x00100000, ABSOLUTE)

    Execution Region ER_IROM1 (Exec base: 0x08000000, Load base: 0x08000000, Size: 0x0000734c, Max: 0x00100000, ABSOLUTE)

    Exec Addr    Load Addr    Size         Type   Attr      Idx    E Section Name        Object

    0x08000000   0x08000000   0x00000188   Data   RO            3    RESET               startup_stm32f407xx.o
    0x08000188   0x08000188   0x00000000   Code   RO         6020  * .ARM.Collect$$$$00000000  mc_w.l(entry.o)
    0x08000188   0x08000188   0x00000004   Code   RO         6332    .ARM.Collect$$$$00000001  mc_w.l(entry2.o)
    0x0800018c   0x0800018c   0x00000004   Code   RO         6335    .ARM.Collect$$$$00000004  mc_w.l(entry5.o)
    0x08000190   0x08000190   0x00000000   Code   RO         6337    .ARM.Collect$$$$00000008  mc_w.l(entry7b.o)
    0x08000190   0x08000190   0x00000000   Code   RO         6339    .ARM.Collect$$$$0000000A  mc_w.l(entry8b.o)
    0x08000190   0x08000190   0x00000008   Code   RO         6340    .ARM.Collect$$$$0000000B  mc_w.l(entry9a.o)
    0x08000198   0x08000198   0x00000000   Code   RO         6342    .ARM.Collect$$$$0000000D  mc_w.l(entry10a.o)
    0x08000198   0x08000198   0x00000000   Code   RO         6344    .ARM.Collect$$$$0000000F  mc_w.l(entry11a.o)
    0x08000198   0x08000198   0x00000004   Code   RO         6333    .ARM.Collect$$$$00002712  mc_w.l(entry2.o)
    0x0800019c   0x0800019c   0x000000ba   Code   RO         5422    .emb_text           port.o
    0x08000256   0x08000256   0x00000002   PAD
    0x08000258   0x08000258   0x00000024   Code   RO            4    .text               startup_stm32f407xx.o
    0x0800027c   0x0800027c   0x00000062   Code   RO         6023    .text               mc_w.l(uldiv.o)
    0x080002de   0x080002de   0x00000024   Code   RO         6025    .text               mc_w.l(memcpya.o)
    0x08000302   0x08000302   0x0000014e   Code   RO         6318    .text               mf_w.l(dadd.o)
    0x08000450   0x08000450   0x000000e4   Code   RO         6320    .text               mf_w.l(dmul.o)
    0x08000534   0x08000534   0x000000de   Code   RO         6322    .text               mf_w.l(ddiv.o)
    0x08000612   0x08000612   0x00000022   Code   RO         6324    .text               mf_w.l(dflti.o)
    0x08000634   0x08000634   0x0000003e   Code   RO         6326    .text               mf_w.l(dfixi.o)
    0x08000672   0x08000672   0x00000026   Code   RO         6328    .text               mf_w.l(f2d.o)
    0x08000698   0x08000698   0x00000038   Code   RO         6330    .text               mf_w.l(d2f.o)
    0x080006d0   0x080006d0   0x0000002c   Code   RO         6347    .text               mc_w.l(uidiv.o)
    0x080006fc   0x080006fc   0x0000001e   Code   RO         6349    .text               mc_w.l(llshl.o)
    0x0800071a   0x0800071a   0x00000020   Code   RO         6351    .text               mc_w.l(llushr.o)
    0x0800073a   0x0800073a   0x00000024   Code   RO         6353    .text               mc_w.l(llsshr.o)
    0x0800075e   0x0800075e   0x00000000   Code   RO         6364    .text               mc_w.l(iusefp.o)
    0x0800075e   0x0800075e   0x0000006e   Code   RO         6365    .text               mf_w.l(fepilogue.o)
    0x080007cc   0x080007cc   0x000000ba   Code   RO         6367    .text               mf_w.l(depilogue.o)
    0x08000886   0x08000886   0x000000a2   Code   RO         6369    .text               mf_w.l(dsqrt.o)
    0x08000928   0x08000928   0x00000030   Code   RO         6371    .text               mf_w.l(dfixul.o)
    0x08000958   0x08000958   0x00000030   Code   RO         6375    .text               mf_w.l(cdrcmple.o)
    0x08000988   0x08000988   0x00000024   Code   RO         6377    .text               mc_w.l(init.o)
    0x080009ac   0x080009ac   0x0000000c   Code   RO         3836    i.ADC_IRQHandler    stm32f4xx_it.o
    0x080009b8   0x080009b8   0x00000124   Code   RO          853    i.ADC_Init          stm32f4xx_hal_adc.o
    0x08000adc   0x08000adc   0x0000007a   Code   RO         4489    i.CDC_ProcessReception  usbh_cdc.o
    0x08000b56   0x08000b56   0x00000080   Code   RO         4490    i.CDC_ProcessTransmission  usbh_cdc.o
    0x08000bd6   0x08000bd6   0x00000002   PAD
    0x08000bd8   0x08000bd8   0x00000048   Code   RO         4608    i.DeInitStateMachine  usbh_core.o
    0x08000c20   0x08000c20   0x00000058   Code   RO         4059    i.FIR_C             main.o
    0x08000c78   0x08000c78   0x00000016   Code   RO         4491    i.GetLineCoding     usbh_cdc.o
    0x08000c8e   0x08000c8e   0x00000002   Code   RO          452    i.HAL_ADCEx_InjectedConvCpltCallback  stm32f4xx_hal_adc_ex.o
    0x08000c90   0x08000c90   0x0000014c   Code   RO          855    i.HAL_ADC_ConfigChannel  stm32f4xx_hal_adc.o
    0x08000ddc   0x08000ddc   0x00000002   Code   RO          856    i.HAL_ADC_ConvCpltCallback  stm32f4xx_hal_adc.o
    0x08000dde   0x08000dde   0x00000002   Code   RO          859    i.HAL_ADC_ErrorCallback  stm32f4xx_hal_adc.o
    0x08000de0   0x08000de0   0x00000006   Code   RO          862    i.HAL_ADC_GetValue  stm32f4xx_hal_adc.o
    0x08000de6   0x08000de6   0x0000013c   Code   RO          863    i.HAL_ADC_IRQHandler  stm32f4xx_hal_adc.o
    0x08000f22   0x08000f22   0x00000054   Code   RO          864    i.HAL_ADC_Init      stm32f4xx_hal_adc.o
    0x08000f76   0x08000f76   0x00000002   Code   RO          865    i.HAL_ADC_LevelOutOfWindowCallback  stm32f4xx_hal_adc.o
    0x08000f78   0x08000f78   0x00000054   Code   RO         4197    i.HAL_ADC_MspInit   stm32f4xx_hal_msp.o
    0x08000fcc   0x08000fcc   0x000000a2   Code   RO          868    i.HAL_ADC_PollForConversion  stm32f4xx_hal_adc.o
    0x0800106e   0x0800106e   0x00000002   PAD
    0x08001070   0x08001070   0x000000bc   Code   RO          870    i.HAL_ADC_Start     stm32f4xx_hal_adc.o
    0x0800112c   0x0800112c   0x0000003c   Code   RO          873    i.HAL_ADC_Stop      stm32f4xx_hal_adc.o
    0x08001168   0x08001168   0x00000042   Code   RO          556    i.HAL_DAC_ConfigChannel  stm32f4xx_hal_dac.o
    0x080011aa   0x080011aa   0x00000028   Code   RO          566    i.HAL_DAC_Init      stm32f4xx_hal_dac.o
    0x080011d2   0x080011d2   0x00000002   PAD
    0x080011d4   0x080011d4   0x00000044   Code   RO         4199    i.HAL_DAC_MspInit   stm32f4xx_hal_msp.o
    0x08001218   0x08001218   0x00000024   Code   RO         1027    i.HAL_Delay         stm32f4xx_hal.o
    0x0800123c   0x0800123c   0x000001b0   Code   RO         3046    i.HAL_GPIO_Init     stm32f4xx_hal_gpio.o
    0x080013ec   0x080013ec   0x0000000a   Code   RO         3050    i.HAL_GPIO_WritePin  stm32f4xx_hal_gpio.o
    0x080013f6   0x080013f6   0x00000002   PAD
    0x080013f8   0x080013f8   0x0000000c   Code   RO         1033    i.HAL_GetTick       stm32f4xx_hal.o
    0x08001404   0x08001404   0x00000008   Code   RO         3912    i.HAL_HCD_Connect_Callback  usbh_conf.o
    0x0800140c   0x0800140c   0x00000008   Code   RO         3913    i.HAL_HCD_Disconnect_Callback  usbh_conf.o
    0x08001414   0x08001414   0x00000006   Code   RO         1657    i.HAL_HCD_GetCurrentFrame  stm32f4xx_hal_hcd.o
    0x0800141a   0x0800141a   0x00000006   Code   RO         1658    i.HAL_HCD_GetCurrentSpeed  stm32f4xx_hal_hcd.o
    0x08001420   0x08001420   0x0000000e   Code   RO         1661    i.HAL_HCD_HC_GetURBState  stm32f4xx_hal_hcd.o
    0x0800142e   0x0800142e   0x0000000c   Code   RO         1662    i.HAL_HCD_HC_GetXferCount  stm32f4xx_hal_hcd.o
    0x0800143a   0x0800143a   0x00000024   Code   RO         1663    i.HAL_HCD_HC_Halt   stm32f4xx_hal_hcd.o
    0x0800145e   0x0800145e   0x00000054   Code   RO         1664    i.HAL_HCD_HC_Init   stm32f4xx_hal_hcd.o
    0x080014b2   0x080014b2   0x00000008   Code   RO         3914    i.HAL_HCD_HC_NotifyURBChange_Callback  usbh_conf.o
    0x080014ba   0x080014ba   0x000000b6   Code   RO         1666    i.HAL_HCD_HC_SubmitRequest  stm32f4xx_hal_hcd.o
    0x08001570   0x08001570   0x0000012e   Code   RO         1667    i.HAL_HCD_IRQHandler  stm32f4xx_hal_hcd.o
    0x0800169e   0x0800169e   0x0000005a   Code   RO         1668    i.HAL_HCD_Init      stm32f4xx_hal_hcd.o
    0x080016f8   0x080016f8   0x00000078   Code   RO         3916    i.HAL_HCD_MspInit   usbh_conf.o
    0x08001770   0x08001770   0x00000006   Code   RO         1671    i.HAL_HCD_ResetPort  stm32f4xx_hal_hcd.o
    0x08001776   0x08001776   0x00000008   Code   RO         3917    i.HAL_HCD_SOF_Callback  usbh_conf.o
    0x0800177e   0x0800177e   0x0000002c   Code   RO         1673    i.HAL_HCD_Start     stm32f4xx_hal_hcd.o
    0x080017aa   0x080017aa   0x00000024   Code   RO         1674    i.HAL_HCD_Stop      stm32f4xx_hal_hcd.o
    0x080017ce   0x080017ce   0x00000002   PAD
    0x080017d0   0x080017d0   0x00000108   Code   RO         3339    i.HAL_I2C_Init      stm32f4xx_hal_i2c.o
    0x080018d8   0x080018d8   0x0000004c   Code   RO         4201    i.HAL_I2C_MspInit   stm32f4xx_hal_msp.o
    0x08001924   0x08001924   0x00000010   Code   RO         1037    i.HAL_IncTick       stm32f4xx_hal.o
    0x08001934   0x08001934   0x00000034   Code   RO         1038    i.HAL_Init          stm32f4xx_hal.o
    0x08001968   0x08001968   0x00000074   Code   RO         4302    i.HAL_InitTick      stm32f4xx_hal_timebase_tim.o
    0x080019dc   0x080019dc   0x00000058   Code   RO         4202    i.HAL_MspInit       stm32f4xx_hal_msp.o
    0x08001a34   0x08001a34   0x00000016   Code   RO         1823    i.HAL_NVIC_EnableIRQ  stm32f4xx_hal_cortex.o
    0x08001a4a   0x08001a4a   0x00000002   PAD
    0x08001a4c   0x08001a4c   0x00000040   Code   RO         1829    i.HAL_NVIC_SetPriority  stm32f4xx_hal_cortex.o
    0x08001a8c   0x08001a8c   0x00000024   Code   RO         1830    i.HAL_NVIC_SetPriorityGrouping  stm32f4xx_hal_cortex.o
    0x08001ab0   0x08001ab0   0x00000130   Code   RO         1954    i.HAL_RCC_ClockConfig  stm32f4xx_hal_rcc.o
    0x08001be0   0x08001be0   0x00000040   Code   RO         1958    i.HAL_RCC_GetClockConfig  stm32f4xx_hal_rcc.o
    0x08001c20   0x08001c20   0x0000000c   Code   RO         1959    i.HAL_RCC_GetHCLKFreq  stm32f4xx_hal_rcc.o
    0x08001c2c   0x08001c2c   0x00000020   Code   RO         1961    i.HAL_RCC_GetPCLK1Freq  stm32f4xx_hal_rcc.o
    0x08001c4c   0x08001c4c   0x00000020   Code   RO         1962    i.HAL_RCC_GetPCLK2Freq  stm32f4xx_hal_rcc.o
    0x08001c6c   0x08001c6c   0x00000060   Code   RO         1963    i.HAL_RCC_GetSysClockFreq  stm32f4xx_hal_rcc.o
    0x08001ccc   0x08001ccc   0x0000031c   Code   RO         1966    i.HAL_RCC_OscConfig  stm32f4xx_hal_rcc.o
    0x08001fe8   0x08001fe8   0x00000080   Code   RO           24    i.HAL_SPI_Init      stm32f4xx_hal_spi.o
    0x08002068   0x08002068   0x00000048   Code   RO         4204    i.HAL_SPI_MspInit   stm32f4xx_hal_msp.o
    0x080020b0   0x080020b0   0x00000018   Code   RO         1832    i.HAL_SYSTICK_CLKSourceConfig  stm32f4xx_hal_cortex.o
    0x080020c8   0x080020c8   0x00000028   Code   RO         1834    i.HAL_SYSTICK_Config  stm32f4xx_hal_cortex.o
    0x080020f0   0x080020f0   0x00000002   Code   RO         2804    i.HAL_TIMEx_BreakCallback  stm32f4xx_hal_tim_ex.o
    0x080020f2   0x080020f2   0x00000002   Code   RO         2805    i.HAL_TIMEx_CommutationCallback  stm32f4xx_hal_tim_ex.o
    0x080020f4   0x080020f4   0x00000050   Code   RO         2821    i.HAL_TIMEx_MasterConfigSynchronization  stm32f4xx_hal_tim_ex.o
    0x08002144   0x08002144   0x00000036   Code   RO         2175    i.HAL_TIM_Base_Init  stm32f4xx_hal_tim.o
    0x0800217a   0x0800217a   0x00000002   PAD
    0x0800217c   0x0800217c   0x00000028   Code   RO         4206    i.HAL_TIM_Base_MspInit  stm32f4xx_hal_msp.o
    0x080021a4   0x080021a4   0x00000018   Code   RO         2180    i.HAL_TIM_Base_Start_IT  stm32f4xx_hal_tim.o
    0x080021bc   0x080021bc   0x000000f2   Code   RO         2184    i.HAL_TIM_ConfigClockSource  stm32f4xx_hal_tim.o
    0x080022ae   0x080022ae   0x00000002   Code   RO         2204    i.HAL_TIM_IC_CaptureCallback  stm32f4xx_hal_tim.o
    0x080022b0   0x080022b0   0x00000166   Code   RO         2217    i.HAL_TIM_IRQHandler  stm32f4xx_hal_tim.o
    0x08002416   0x08002416   0x00000002   PAD
    0x08002418   0x08002418   0x00000030   Code   RO         4207    i.HAL_TIM_MspPostInit  stm32f4xx_hal_msp.o
    0x08002448   0x08002448   0x00000002   Code   RO         2220    i.HAL_TIM_OC_DelayElapsedCallback  stm32f4xx_hal_tim.o
    0x0800244a   0x0800244a   0x000000d0   Code   RO         2241    i.HAL_TIM_PWM_ConfigChannel  stm32f4xx_hal_tim.o
    0x0800251a   0x0800251a   0x00000036   Code   RO         2244    i.HAL_TIM_PWM_Init  stm32f4xx_hal_tim.o
    0x08002550   0x08002550   0x00000002   Code   RO         2246    i.HAL_TIM_PWM_MspInit  stm32f4xx_hal_tim.o
    0x08002552   0x08002552   0x00000002   Code   RO         2247    i.HAL_TIM_PWM_PulseFinishedCallback  stm32f4xx_hal_tim.o
    0x08002554   0x08002554   0x00000038   Code   RO         2248    i.HAL_TIM_PWM_Start  stm32f4xx_hal_tim.o
    0x0800258c   0x0800258c   0x00000014   Code   RO         4060    i.HAL_TIM_PeriodElapsedCallback  main.o
    0x080025a0   0x080025a0   0x00000002   Code   RO         2258    i.HAL_TIM_TriggerCallback  stm32f4xx_hal_tim.o
    0x080025a2   0x080025a2   0x00000232   Code   RO         1675    i.HCD_HC_IN_IRQHandler  stm32f4xx_hal_hcd.o
    0x080027d4   0x080027d4   0x00000216   Code   RO         1676    i.HCD_HC_OUT_IRQHandler  stm32f4xx_hal_hcd.o
    0x080029ea   0x080029ea   0x000000ac   Code   RO         1677    i.HCD_Port_IRQHandler  stm32f4xx_hal_hcd.o
    0x08002a96   0x08002a96   0x00000002   PAD
    0x08002a98   0x08002a98   0x00000070   Code   RO         1678    i.HCD_RXQLVL_IRQHandler  stm32f4xx_hal_hcd.o
    0x08002b08   0x08002b08   0x00000054   Code   RO         4061    i.MX_ADC1_Init      main.o
    0x08002b5c   0x08002b5c   0x00000014   Code   RO         3885    i.MX_DriverVbusFS   usbh_platform.o
    0x08002b70   0x08002b70   0x000001ec   Code   RO         4062    i.MX_GPIO_Init      main.o
    0x08002d5c   0x08002d5c   0x00000038   Code   RO         4063    i.MX_I2C1_Init      main.o
    0x08002d94   0x08002d94   0x00000040   Code   RO         4064    i.MX_SPI1_Init      main.o
    0x08002dd4   0x08002dd4   0x00000074   Code   RO         4065    i.MX_TIM3_Init      main.o
    0x08002e48   0x08002e48   0x0000002c   Code   RO         3726    i.MX_USB_HOST_Init  usb_host.o
    0x08002e74   0x08002e74   0x00000020   Code   RO         1836    i.NVIC_SetPriority  stm32f4xx_hal_cortex.o
    0x08002e94   0x08002e94   0x0000000c   Code   RO         3837    i.OTG_FS_IRQHandler  stm32f4xx_it.o
    0x08002ea0   0x08002ea0   0x0000010c   Code   RO         4066    i.StartDefaultTask  main.o
    0x08002fac   0x08002fac   0x00000074   Code   RO         4067    i.StartTask02       main.o
    0x08003020   0x08003020   0x00000184   Code   RO         4068    i.StartTask03       main.o
    0x080031a4   0x080031a4   0x000000a8   Code   RO         4069    i.StartTask04       main.o
    0x0800324c   0x0800324c   0x00000004   Code   RO         3838    i.SysTick_Handler   stm32f4xx_it.o
    0x08003250   0x08003250   0x000000a0   Code   RO         4070    i.SystemClock_Config  main.o
    0x080032f0   0x080032f0   0x00000054   Code   RO         4899    i.SystemInit        system_stm32f4xx.o
    0x08003344   0x08003344   0x0000000c   Code   RO         3839    i.TIM1_UP_TIM10_IRQHandler  stm32f4xx_it.o
    0x08003350   0x08003350   0x000000c0   Code   RO         2259    i.TIM_Base_SetConfig  stm32f4xx_hal_tim.o
    0x08003410   0x08003410   0x00000016   Code   RO         2260    i.TIM_CCxChannelCmd  stm32f4xx_hal_tim.o
    0x08003426   0x08003426   0x00000014   Code   RO         2266    i.TIM_ETR_SetConfig  stm32f4xx_hal_tim.o
    0x0800343a   0x0800343a   0x00000010   Code   RO         2267    i.TIM_ITRx_SetConfig  stm32f4xx_hal_tim.o
    0x0800344a   0x0800344a   0x00000002   PAD
    0x0800344c   0x0800344c   0x00000058   Code   RO         2268    i.TIM_OC1_SetConfig  stm32f4xx_hal_tim.o
    0x080034a4   0x080034a4   0x00000064   Code   RO         2269    i.TIM_OC2_SetConfig  stm32f4xx_hal_tim.o
    0x08003508   0x08003508   0x00000060   Code   RO         2270    i.TIM_OC3_SetConfig  stm32f4xx_hal_tim.o
    0x08003568   0x08003568   0x00000050   Code   RO         2271    i.TIM_OC4_SetConfig  stm32f4xx_hal_tim.o
    0x080035b8   0x080035b8   0x00000022   Code   RO         2273    i.TIM_TI1_ConfigInputStage  stm32f4xx_hal_tim.o
    0x080035da   0x080035da   0x00000024   Code   RO         2275    i.TIM_TI2_ConfigInputStage  stm32f4xx_hal_tim.o
    0x080035fe   0x080035fe   0x00000034   Code   RO         4447    i.USBH_AllocPipe    usbh_pipes.o
    0x08003632   0x08003632   0x00000020   Code   RO         4738    i.USBH_BulkReceiveData  usbh_ioreq.o
    0x08003652   0x08003652   0x00000028   Code   RO         4739    i.USBH_BulkSendData  usbh_ioreq.o
    0x0800367a   0x0800367a   0x00000024   Code   RO         4492    i.USBH_CDC_ClassRequest  usbh_cdc.o
    0x0800369e   0x0800369e   0x0000005e   Code   RO         4495    i.USBH_CDC_InterfaceDeInit  usbh_cdc.o
    0x080036fc   0x080036fc   0x00000134   Code   RO         4496    i.USBH_CDC_InterfaceInit  usbh_cdc.o
    0x08003830   0x08003830   0x00000002   Code   RO         4497    i.USBH_CDC_LineCodingChanged  usbh_cdc.o
    0x08003832   0x08003832   0x000000b8   Code   RO         4498    i.USBH_CDC_Process  usbh_cdc.o
    0x080038ea   0x080038ea   0x00000002   Code   RO         4500    i.USBH_CDC_ReceiveCallback  usbh_cdc.o
    0x080038ec   0x080038ec   0x00000004   Code   RO         4501    i.USBH_CDC_SOFProcess  usbh_cdc.o
    0x080038f0   0x080038f0   0x00000002   Code   RO         4505    i.USBH_CDC_TransmitCallback  usbh_cdc.o
    0x080038f2   0x080038f2   0x0000000a   Code   RO         4448    i.USBH_ClosePipe    usbh_pipes.o
    0x080038fc   0x080038fc   0x0000001e   Code   RO         4810    i.USBH_ClrFeature   usbh_ctlreq.o
    0x0800391a   0x0800391a   0x0000001e   Code   RO         4740    i.USBH_CtlReceiveData  usbh_ioreq.o
    0x08003938   0x08003938   0x0000004a   Code   RO         4811    i.USBH_CtlReq       usbh_ctlreq.o
    0x08003982   0x08003982   0x00000028   Code   RO         4741    i.USBH_CtlSendData  usbh_ioreq.o
    0x080039aa   0x080039aa   0x0000001e   Code   RO         4742    i.USBH_CtlSendSetup  usbh_ioreq.o
    0x080039c8   0x080039c8   0x00000004   Code   RO         3918    i.USBH_Delay        usbh_conf.o
    0x080039cc   0x080039cc   0x00000044   Code   RO         4610    i.USBH_FindInterface  usbh_core.o
    0x08003a10   0x08003a10   0x00000018   Code   RO         4449    i.USBH_FreePipe     usbh_pipes.o
    0x08003a28   0x08003a28   0x00000034   Code   RO         4812    i.USBH_GetDescriptor  usbh_ctlreq.o
    0x08003a5c   0x08003a5c   0x0000000e   Code   RO         4813    i.USBH_GetNextDesc  usbh_ctlreq.o
    0x08003a6a   0x08003a6a   0x0000002c   Code   RO         4814    i.USBH_Get_CfgDesc  usbh_ctlreq.o
    0x08003a96   0x08003a96   0x0000009a   Code   RO         4815    i.USBH_Get_DevDesc  usbh_ctlreq.o
    0x08003b30   0x08003b30   0x00000048   Code   RO         4816    i.USBH_Get_StringDesc  usbh_ctlreq.o
    0x08003b78   0x08003b78   0x0000018c   Code   RO         4817    i.USBH_HandleControl  usbh_ctlreq.o
    0x08003d04   0x08003d04   0x00000116   Code   RO         4613    i.USBH_HandleEnum   usbh_core.o
    0x08003e1a   0x08003e1a   0x00000002   PAD
    0x08003e1c   0x08003e1c   0x00000068   Code   RO         4614    i.USBH_Init         usbh_core.o
    0x08003e84   0x08003e84   0x00000020   Code   RO         3919    i.USBH_LL_ClosePipe  usbh_conf.o
    0x08003ea4   0x08003ea4   0x00000038   Code   RO         4615    i.USBH_LL_Connect   usbh_core.o
    0x08003edc   0x08003edc   0x00000044   Code   RO         4616    i.USBH_LL_Disconnect  usbh_core.o
    0x08003f20   0x08003f20   0x0000001a   Code   RO         3921    i.USBH_LL_DriverVBUS  usbh_conf.o
    0x08003f3a   0x08003f3a   0x00000008   Code   RO         3922    i.USBH_LL_GetLastXferSize  usbh_conf.o
    0x08003f42   0x08003f42   0x00000022   Code   RO         3923    i.USBH_LL_GetSpeed  usbh_conf.o
    0x08003f64   0x08003f64   0x00000008   Code   RO         3925    i.USBH_LL_GetURBState  usbh_conf.o
    0x08003f6c   0x08003f6c   0x0000001e   Code   RO         4617    i.USBH_LL_IncTimer  usbh_core.o
    0x08003f8a   0x08003f8a   0x00000002   PAD
    0x08003f8c   0x08003f8c   0x00000068   Code   RO         3926    i.USBH_LL_Init      usbh_conf.o
    0x08003ff4   0x08003ff4   0x00000012   Code   RO         4618    i.USBH_LL_NotifyURBChange  usbh_core.o
    0x08004006   0x08004006   0x0000002a   Code   RO         3927    i.USBH_LL_OpenPipe  usbh_conf.o
    0x08004030   0x08004030   0x00000020   Code   RO         3928    i.USBH_LL_ResetPort  usbh_conf.o
    0x08004050   0x08004050   0x00000006   Code   RO         4619    i.USBH_LL_SetTimer  usbh_core.o
    0x08004056   0x08004056   0x00000020   Code   RO         3929    i.USBH_LL_SetToggle  usbh_conf.o
    0x08004076   0x08004076   0x00000020   Code   RO         3930    i.USBH_LL_Start     usbh_conf.o
    0x08004096   0x08004096   0x00000020   Code   RO         3931    i.USBH_LL_Stop      usbh_conf.o
    0x080040b6   0x080040b6   0x00000030   Code   RO         3932    i.USBH_LL_SubmitURB  usbh_conf.o
    0x080040e6   0x080040e6   0x00000014   Code   RO         4450    i.USBH_OpenPipe     usbh_pipes.o
    0x080040fa   0x080040fa   0x000000e8   Code   RO         4818    i.USBH_ParseCfgDesc  usbh_ctlreq.o
    0x080041e2   0x080041e2   0x00000180   Code   RO         4620    i.USBH_Process      usbh_core.o
    0x08004362   0x08004362   0x00000022   Code   RO         4621    i.USBH_Process_OS   usbh_core.o
    0x08004384   0x08004384   0x0000001c   Code   RO         4623    i.USBH_RegisterClass  usbh_core.o
    0x080043a0   0x080043a0   0x00000016   Code   RO         4624    i.USBH_SelectInterface  usbh_core.o
    0x080043b6   0x080043b6   0x0000001c   Code   RO         4819    i.USBH_SetAddress   usbh_ctlreq.o
    0x080043d2   0x080043d2   0x0000001c   Code   RO         4820    i.USBH_SetCfg       usbh_ctlreq.o
    0x080043ee   0x080043ee   0x00000014   Code   RO         4625    i.USBH_Start        usbh_core.o
    0x08004402   0x08004402   0x00000002   PAD
    0x08004404   0x08004404   0x00000020   Code   RO         3727    i.USBH_UserProcess  usb_host.o
    0x08004424   0x08004424   0x0000006c   Code   RO         1375    i.USB_CoreInit      stm32f4xx_ll_usb.o
    0x08004490   0x08004490   0x00000038   Code   RO         1376    i.USB_CoreReset     stm32f4xx_ll_usb.o
    0x080044c8   0x080044c8   0x0000000c   Code   RO         1382    i.USB_DisableGlobalInt  stm32f4xx_ll_usb.o
    0x080044d4   0x080044d4   0x00000040   Code   RO         1383    i.USB_DoPing        stm32f4xx_ll_usb.o
    0x08004514   0x08004514   0x0000002c   Code   RO         1384    i.USB_DriveVbus     stm32f4xx_ll_usb.o
    0x08004540   0x08004540   0x0000000c   Code   RO         1390    i.USB_EnableGlobalInt  stm32f4xx_ll_usb.o
    0x0800454c   0x0800454c   0x00000020   Code   RO         1391    i.USB_FlushRxFifo   stm32f4xx_ll_usb.o
    0x0800456c   0x0800456c   0x00000024   Code   RO         1392    i.USB_FlushTxFifo   stm32f4xx_ll_usb.o
    0x08004590   0x08004590   0x00000008   Code   RO         1393    i.USB_GetCurrentFrame  stm32f4xx_ll_usb.o
    0x08004598   0x08004598   0x0000000e   Code   RO         1395    i.USB_GetHostSpeed  stm32f4xx_ll_usb.o
    0x080045a6   0x080045a6   0x00000008   Code   RO         1396    i.USB_GetMode       stm32f4xx_ll_usb.o
    0x080045ae   0x080045ae   0x00000148   Code   RO         1397    i.USB_HC_Halt       stm32f4xx_ll_usb.o
    0x080046f6   0x080046f6   0x00000002   PAD
    0x080046f8   0x080046f8   0x000000ea   Code   RO         1398    i.USB_HC_Init       stm32f4xx_ll_usb.o
    0x080047e2   0x080047e2   0x0000000c   Code   RO         1399    i.USB_HC_ReadInterrupt  stm32f4xx_ll_usb.o
    0x080047ee   0x080047ee   0x00000002   PAD
    0x080047f0   0x080047f0   0x00000188   Code   RO         1400    i.USB_HC_StartXfer  stm32f4xx_ll_usb.o
    0x08004978   0x08004978   0x000000d4   Code   RO         1401    i.USB_HostInit      stm32f4xx_ll_usb.o
    0x08004a4c   0x08004a4c   0x00000036   Code   RO         1402    i.USB_InitFSLSPClkSel  stm32f4xx_ll_usb.o
    0x08004a82   0x08004a82   0x00000008   Code   RO         1407    i.USB_ReadInterrupts  stm32f4xx_ll_usb.o
    0x08004a8a   0x08004a8a   0x00000020   Code   RO         1408    i.USB_ReadPacket    stm32f4xx_ll_usb.o
    0x08004aaa   0x08004aaa   0x0000002c   Code   RO         1409    i.USB_ResetPort     stm32f4xx_ll_usb.o
    0x08004ad6   0x08004ad6   0x0000002c   Code   RO         1410    i.USB_SetCurrentMode  stm32f4xx_ll_usb.o
    0x08004b02   0x08004b02   0x000000b2   Code   RO         1414    i.USB_StopHost      stm32f4xx_ll_usb.o
    0x08004bb4   0x08004bb4   0x00000028   Code   RO         1415    i.USB_WritePacket   stm32f4xx_ll_usb.o
    0x08004bdc   0x08004bdc   0x00000002   Code   RO         4071    i._Error_Handler    main.o
    0x08004bde   0x08004bde   0x00000002   PAD
    0x08004be0   0x08004be0   0x00000020   Code   RO         6262    i.__0printf         mc_w.l(printfa.o)
    0x08004c00   0x08004c00   0x0000007a   Code   RO         6008    i.__hardfp_sqrt     m_wm.l(sqrt.o)
    0x08004c7a   0x08004c7a   0x0000000e   Code   RO         6381    i.__scatterload_copy  mc_w.l(handlers.o)
    0x08004c88   0x08004c88   0x00000002   Code   RO         6382    i.__scatterload_null  mc_w.l(handlers.o)
    0x08004c8a   0x08004c8a   0x0000000e   Code   RO         6383    i.__scatterload_zeroinit  mc_w.l(handlers.o)
    0x08004c98   0x08004c98   0x0000000c   Code   RO         6359    i.__set_errno       mc_w.l(errno.o)
    0x08004ca4   0x08004ca4   0x00000184   Code   RO         6269    i._fp_digits        mc_w.l(printfa.o)
    0x08004e28   0x08004e28   0x000006dc   Code   RO         6270    i._printf_core      mc_w.l(printfa.o)
    0x08005504   0x08005504   0x00000024   Code   RO         6271    i._printf_post_padding  mc_w.l(printfa.o)
    0x08005528   0x08005528   0x0000002e   Code   RO         6272    i._printf_pre_padding  mc_w.l(printfa.o)
    0x08005556   0x08005556   0x00000002   PAD
    0x08005558   0x08005558   0x00000098   Code   RO         4072    i.adjust_pwm        main.o
    0x080055f0   0x080055f0   0x000002c8   Code   RO         4380    i.display           led.o
    0x080058b8   0x080058b8   0x00000028   Code   RO         4419    i.fputc             fput_debug.o
    0x080058e0   0x080058e0   0x00000050   Code   RO         6290    i.free              mc_w.l(malloc.o)
    0x08005930   0x08005930   0x000000b8   Code   RO         4342    i.get_key           keypad.o
    0x080059e8   0x080059e8   0x0000000c   Code   RO         5041    i.inHandlerMode     cmsis_os.o
    0x080059f4   0x080059f4   0x000000bc   Code   RO         4073    i.main              main.o
    0x08005ab0   0x08005ab0   0x0000000c   Code   RO         5043    i.makeFreeRtosPriority  cmsis_os.o
    0x08005abc   0x08005abc   0x0000006c   Code   RO         6291    i.malloc            mc_w.l(malloc.o)
    0x08005b28   0x08005b28   0x0000000e   Code   RO         5045    i.osDelay           cmsis_os.o
    0x08005b36   0x08005b36   0x0000000a   Code   RO         5048    i.osKernelStart     cmsis_os.o
    0x08005b40   0x08005b40   0x00000008   Code   RO         5057    i.osMessageCreate   cmsis_os.o
    0x08005b48   0x08005b48   0x00000098   Code   RO         5059    i.osMessageGet      cmsis_os.o
    0x08005be0   0x08005be0   0x0000005c   Code   RO         5061    i.osMessagePut      cmsis_os.o
    0x08005c3c   0x08005c3c   0x00000014   Code   RO         5081    i.osSystickHandler  cmsis_os.o
    0x08005c50   0x08005c50   0x0000002e   Code   RO         5082    i.osThreadCreate    cmsis_os.o
    0x08005c7e   0x08005c7e   0x00000002   PAD
    0x08005c80   0x08005c80   0x00000034   Code   RO         5086    i.osThreadResume    cmsis_os.o
    0x08005cb4   0x08005cb4   0x0000000a   Code   RO         5089    i.osThreadSuspend   cmsis_os.o
    0x08005cbe   0x08005cbe   0x00000002   PAD
    0x08005cc0   0x08005cc0   0x00000070   Code   RO         5580    i.prvAddCurrentTaskToDelayedList  tasks.o
    0x08005d30   0x08005d30   0x000000d0   Code   RO         5581    i.prvAddNewTaskToReadyList  tasks.o
    0x08005e00   0x08005e00   0x00000050   Code   RO         5582    i.prvCheckTasksWaitingTermination  tasks.o
    0x08005e50   0x08005e50   0x00000026   Code   RO         5872    i.prvCopyDataFromQueue  queue.o
    0x08005e76   0x08005e76   0x0000006c   Code   RO         5873    i.prvCopyDataToQueue  queue.o
    0x08005ee2   0x08005ee2   0x00000014   Code   RO         5583    i.prvDeleteTCB      tasks.o
    0x08005ef6   0x08005ef6   0x00000002   PAD
    0x08005ef8   0x08005ef8   0x0000004c   Code   RO         4978    i.prvHeapInit       heap_4.o
    0x08005f44   0x08005f44   0x00000028   Code   RO         5584    i.prvIdleTask       tasks.o
    0x08005f6c   0x08005f6c   0x0000008e   Code   RO         5585    i.prvInitialiseNewTask  tasks.o
    0x08005ffa   0x08005ffa   0x00000002   PAD
    0x08005ffc   0x08005ffc   0x0000004c   Code   RO         4979    i.prvInsertBlockIntoFreeList  heap_4.o
    0x08006048   0x08006048   0x0000001c   Code   RO         5874    i.prvIsQueueEmpty   queue.o
    0x08006064   0x08006064   0x00000020   Code   RO         5586    i.prvResetNextTaskUnblockTime  tasks.o
    0x08006084   0x08006084   0x00000028   Code   RO         5423    i.prvTaskExitError  port.o
    0x080060ac   0x080060ac   0x00000034   Code   RO         5587    i.prvTaskIsTaskSuspended  tasks.o
    0x080060e0   0x080060e0   0x0000006a   Code   RO         5875    i.prvUnlockQueue    queue.o
    0x0800614a   0x0800614a   0x00000002   PAD
    0x0800614c   0x0800614c   0x000000d8   Code   RO         4980    i.pvPortMalloc      heap_4.o
    0x08006224   0x08006224   0x00000018   Code   RO         5588    i.pvTaskIncrementMutexHeldCount  tasks.o
    0x0800623c   0x0800623c   0x0000002c   Code   RO         5424    i.pxPortInitialiseStack  port.o
    0x08006268   0x08006268   0x00000038   Code   RO         4382    i.reset_display     led.o
    0x080062a0   0x080062a0   0x00000048   Code   RO         4074    i.update_duty_cycle  main.o
    0x080062e8   0x080062e8   0x00000050   Code   RO         4075    i.update_voltage    main.o
    0x08006338   0x08006338   0x00000024   Code   RO         4933    i.uxListRemove      list.o
    0x0800635c   0x0800635c   0x00000016   Code   RO         4934    i.vListInitialise   list.o
    0x08006372   0x08006372   0x00000006   Code   RO         4935    i.vListInitialiseItem  list.o
    0x08006378   0x08006378   0x00000030   Code   RO         4936    i.vListInsert       list.o
    0x080063a8   0x080063a8   0x00000018   Code   RO         4937    i.vListInsertEnd    list.o
    0x080063c0   0x080063c0   0x00000040   Code   RO         5426    i.vPortEnterCritical  port.o
    0x08006400   0x08006400   0x00000028   Code   RO         5427    i.vPortExitCritical  port.o
    0x08006428   0x08006428   0x0000005c   Code   RO         4981    i.vPortFree         heap_4.o
    0x08006484   0x08006484   0x00000020   Code   RO         5428    i.vPortSetupTimerInterrupt  port.o
    0x080064a4   0x080064a4   0x00000054   Code   RO         5429    i.vPortValidateInterruptPriority  port.o
    0x080064f8   0x080064f8   0x0000004c   Code   RO         5594    i.vTaskDelay        tasks.o
    0x08006544   0x08006544   0x0000000c   Code   RO         5597    i.vTaskMissedYield  tasks.o
    0x08006550   0x08006550   0x00000030   Code   RO         5599    i.vTaskPlaceOnEventList  tasks.o
    0x08006580   0x08006580   0x00000084   Code   RO         5601    i.vTaskPriorityInherit  tasks.o
    0x08006604   0x08006604   0x0000007c   Code   RO         5603    i.vTaskResume       tasks.o
    0x08006680   0x08006680   0x00000024   Code   RO         5604    i.vTaskSetTimeOutState  tasks.o
    0x080066a4   0x080066a4   0x00000068   Code   RO         5605    i.vTaskStartScheduler  tasks.o
    0x0800670c   0x0800670c   0x000000b0   Code   RO         5606    i.vTaskSuspend      tasks.o
    0x080067bc   0x080067bc   0x00000010   Code   RO         5607    i.vTaskSuspendAll   tasks.o
    0x080067cc   0x080067cc   0x0000005c   Code   RO         5608    i.vTaskSwitchContext  tasks.o
    0x08006828   0x08006828   0x000000e0   Code   RO         5430    i.xPortStartScheduler  port.o
    0x08006908   0x08006908   0x0000002c   Code   RO         5431    i.xPortSysTickHandler  port.o
    0x08006934   0x08006934   0x00000048   Code   RO         5883    i.xQueueGenericCreate  queue.o
    0x0800697c   0x0800697c   0x0000016c   Code   RO         5884    i.xQueueGenericReceive  queue.o
    0x08006ae8   0x08006ae8   0x00000088   Code   RO         5885    i.xQueueGenericReset  queue.o
    0x08006b70   0x08006b70   0x00000160   Code   RO         5886    i.xQueueGenericSend  queue.o
    0x08006cd0   0x08006cd0   0x000000bc   Code   RO         5887    i.xQueueGenericSendFromISR  queue.o
    0x08006d8c   0x08006d8c   0x0000009a   Code   RO         5892    i.xQueueReceiveFromISR  queue.o
    0x08006e26   0x08006e26   0x00000002   PAD
    0x08006e28   0x08006e28   0x0000006c   Code   RO         5609    i.xTaskCheckForTimeOut  tasks.o
    0x08006e94   0x08006e94   0x00000056   Code   RO         5610    i.xTaskCreate       tasks.o
    0x08006eea   0x08006eea   0x00000002   PAD
    0x08006eec   0x08006eec   0x0000001c   Code   RO         5614    i.xTaskGetSchedulerState  tasks.o
    0x08006f08   0x08006f08   0x000000c8   Code   RO         5617    i.xTaskIncrementTick  tasks.o
    0x08006fd0   0x08006fd0   0x00000098   Code   RO         5620    i.xTaskPriorityDisinherit  tasks.o
    0x08007068   0x08007068   0x00000074   Code   RO         5621    i.xTaskRemoveFromEventList  tasks.o
    0x080070dc   0x080070dc   0x000000c4   Code   RO         5623    i.xTaskResumeAll    tasks.o
    0x080071a0   0x080071a0   0x00000088   Code   RO         5624    i.xTaskResumeFromISR  tasks.o
    0x08007228   0x08007228   0x00000050   Data   RO         4077    .constdata          main.o
    0x08007278   0x08007278   0x00000040   Data   RO         4344    .constdata          keypad.o
    0x080072b8   0x080072b8   0x0000001c   Data   RO         4627    .constdata          usbh_core.o
    0x080072d4   0x080072d4   0x00000010   Data   RO         4900    .constdata          system_stm32f4xx.o
    0x080072e4   0x080072e4   0x00000008   Data   RO         4901    .constdata          system_stm32f4xx.o
    0x080072ec   0x080072ec   0x00000030   Data   RO         4078    .conststring        main.o
    0x0800731c   0x0800731c   0x00000004   Data   RO         4506    .conststring        usbh_cdc.o
    0x08007320   0x08007320   0x0000000c   Data   RO         4628    .conststring        usbh_core.o
    0x0800732c   0x0800732c   0x00000020   Data   RO         6379    Region$$Table       anon$$obj.o


    Execution Region RW_IRAM1 (Exec base: 0x20000000, Load base: 0x0800734c, Size: 0x00004c40, Max: 0x00020000, ABSOLUTE)

    Exec Addr    Load Addr    Size         Type   Attr      Idx    E Section Name        Object

    0x20000000   0x0800734c   0x0000000c   Data   RW         1045    .data               stm32f4xx_hal.o
    0x2000000c   0x08007358   0x00000001   Data   RW         3729    .data               usb_host.o
    0x2000000d   0x08007359   0x00000003   PAD
    0x20000010   0x0800735c   0x00000074   Data   RW         4079    .data               main.o
    0x20000084   0x080073d0   0x00000010   Data   RW         4345    .data               keypad.o
    0x20000094   0x080073e0   0x00000020   Data   RW         4507    .data               usbh_cdc.o
    0x200000b4   0x08007400   0x00000004   Data   RW         4902    .data               system_stm32f4xx.o
    0x200000b8   0x08007404   0x00000018   Data   RW         4986    .data               heap_4.o
    0x200000d0   0x0800741c   0x0000000c   Data   RW         5432    .data               port.o
    0x200000dc   0x08007428   0x0000003c   Data   RW         5626    .data               tasks.o
    0x20000118   0x08007464   0x00000004   Data   RW         6346    .data               mc_w.l(stdout.o)
    0x2000011c   0x08007468   0x00000004   Data   RW         6355    .data               mc_w.l(mvars.o)
    0x20000120   0x0800746c   0x00000004   Data   RW         6356    .data               mc_w.l(mvars.o)
    0x20000124   0x08007470   0x00000004   Data   RW         6360    .data               mc_w.l(errno.o)
    0x20000128        -       0x000003d0   Zero   RW         3728    .bss                usb_host.o
    0x200004f8        -       0x00000298   Zero   RW         3933    .bss                usbh_conf.o
    0x20000790        -       0x00000180   Zero   RW         4076    .bss                main.o
    0x20000910        -       0x0000003c   Zero   RW         4305    .bss                stm32f4xx_hal_timebase_tim.o
    0x2000094c        -       0x00003c00   Zero   RW         4985    .bss                heap_4.o
    0x2000454c        -       0x000000f0   Zero   RW         5625    .bss                tasks.o
    0x2000463c   0x08007474   0x00000004   PAD
    0x20004640        -       0x00000200   Zero   RW            2    HEAP                startup_stm32f407xx.o
    0x20004840        -       0x00000400   Zero   RW            1    STACK               startup_stm32f407xx.o


==============================================================================

Image component sizes


      Code (inc. data)   RO Data    RW Data    ZI Data      Debug   Object Name

       428         18          0          0          0      19567   cmsis_os.o
         0          0          0          0          0       8112   event_groups.o
        40          4          0          0          0      27339   fput_debug.o
       460         24          0         24      15360       7483   heap_4.o
       184         22         64         16          0       1592   keypad.o
       768         14          0          0          0       1670   led.o
       136          0          0          0          0       5138   list.o
      2514        304        128        116        384      17345   main.o
       758         84          0         12          0      12145   port.o
      1546         14          0          0          0      14040   queue.o
        36          8        392          0       1536        856   startup_stm32f407xx.o
       116         18          0         12          0       4018   stm32f4xx_hal.o
      1446         46          0          0          0       8660   stm32f4xx_hal_adc.o
         2          0          0          0          0       1025   stm32f4xx_hal_adc_ex.o
       218         14          0          0          0      31181   stm32f4xx_hal_cortex.o
       106          0          0          0          0       1955   stm32f4xx_hal_dac.o
       442         44          0          0          0       2484   stm32f4xx_hal_gpio.o
      2198          4          0          0          0      13717   stm32f4xx_hal_hcd.o
       264         10          0          0          0       3027   stm32f4xx_hal_i2c.o
       476         70          0          0          0       4863   stm32f4xx_hal_msp.o
      1336         92          0          0          0       6453   stm32f4xx_hal_rcc.o
       128          0          0          0          0     715395   stm32f4xx_hal_spi.o
      1690         88          0          0          0      16772   stm32f4xx_hal_tim.o
        84          0          0          0          0       2494   stm32f4xx_hal_tim_ex.o
       116         16          0          0         60       1512   stm32f4xx_hal_timebase_tim.o
        40         18          0          0          0       1918   stm32f4xx_it.o
      1972         48          0          0          0      17703   stm32f4xx_ll_usb.o
        84         18         24          4          0       1219   system_stm32f4xx.o
      2548        210          0         60        240      26727   tasks.o
        76         18          0          1        976      30680   usb_host.o
       904          6          4         32          0      12980   usbh_cdc.o
       586         36          0          0        664      11648   usbh_conf.o
      1188         26         40          0          0      11458   usbh_core.o
      1124         12          0          0          0      10060   usbh_ctlreq.o
       172          0          0          0          0       4472   usbh_ioreq.o
       106          0          0          0          0       3470   usbh_pipes.o
        20          4          0          0          0        538   usbh_platform.o

    ----------------------------------------------------------------------
     24360       1290        684        280      19224    1061716   Object Totals
         0          0         32          0          0          0   (incl. Generated)
        48          0          0          3          4          0   (incl. Padding)

    ----------------------------------------------------------------------

      Code (inc. data)   RO Data    RW Data    ZI Data      Debug   Library Member Name

       122          0          0          0          0        148   sqrt.o
         0          0          0          0          0          0   entry.o
         0          0          0          0          0          0   entry10a.o
         0          0          0          0          0          0   entry11a.o
         8          4          0          0          0          0   entry2.o
         4          0          0          0          0          0   entry5.o
         0          0          0          0          0          0   entry7b.o
         0          0          0          0          0          0   entry8b.o
         8          4          0          0          0          0   entry9a.o
        12          6          0          4          0         68   errno.o
        30          0          0          0          0          0   handlers.o
        36          8          0          0          0         68   init.o
         0          0          0          0          0          0   iusefp.o
        30          0          0          0          0         68   llshl.o
        36          0          0          0          0         68   llsshr.o
        32          0          0          0          0         68   llushr.o
       188         20          0          0          0        160   malloc.o
        36          0          0          0          0         68   memcpya.o
         0          0          0          8          0          0   mvars.o
      2258         90          0          0          0        452   printfa.o
         0          0          0          4          0          0   stdout.o
        44          0          0          0          0         80   uidiv.o
        98          0          0          0          0         92   uldiv.o
        48          0          0          0          0         68   cdrcmple.o
        56          0          0          0          0         88   d2f.o
       334          0          0          0          0        148   dadd.o
       222          0          0          0          0        100   ddiv.o
       186          0          0          0          0        176   depilogue.o
        62          0          0          0          0         80   dfixi.o
        48          0          0          0          0         68   dfixul.o
        34          0          0          0          0         76   dflti.o
       228          0          0          0          0         96   dmul.o
       162          0          0          0          0        100   dsqrt.o
        38          0          0          0          0         68   f2d.o
       110          0          0          0          0        168   fepilogue.o

    ----------------------------------------------------------------------
      4472        132          0         16          0       2576   Library Totals
         2          0          0          0          0          0   (incl. Padding)

    ----------------------------------------------------------------------

      Code (inc. data)   RO Data    RW Data    ZI Data      Debug   Library Name

       122          0          0          0          0        148   m_wm.l
      2820        132          0         16          0       1192   mc_w.l
      1528          0          0          0          0       1236   mf_w.l

    ----------------------------------------------------------------------
      4472        132          0         16          0       2576   Library Totals

    ----------------------------------------------------------------------

==============================================================================


      Code (inc. data)   RO Data    RW Data    ZI Data      Debug   

     28832       1422        684        296      19224    1037648   Grand Totals
     28832       1422        684        296      19224    1037648   ELF Image Totals
     28832       1422        684        296          0          0   ROM Totals

==============================================================================

    Total RO  Size (Code + RO Data)                29516 (  28.82kB)
    Total RW  Size (RW Data + ZI Data)             19520 (  19.06kB)
    Total ROM Size (Code + RO Data + RW Data)      29812 (  29.11kB)

==============================================================================

